   Compiling freenet v0.1.4 (/home/ian/code/freenet/freenet-core/debug-update-issues/crates/core)
   Compiling freenet-ping-app v0.1.0 (/home/ian/code/freenet/freenet-core/debug-update-issues/apps/freenet-ping/app)
warning: unused variable: `i`
   --> apps/freenet-ping/app/tests/run_app.rs:903:9
    |
903 |     for i in 0..NUM_REGULAR_NODES {
    |         ^ help: if this is intentional, prefix it with an underscore: `_i`
    |
    = note: `#[warn(unused_variables)]` on by default

warning: unused variable: `i`
    --> apps/freenet-ping/app/tests/run_app.rs:1010:10
     |
1010 |     for (i, config) in gateway_configs.into_iter().enumerate() {
     |          ^ help: if this is intentional, prefix it with an underscore: `_i`

warning: unused variable: `i`
    --> apps/freenet-ping/app/tests/run_app.rs:1027:10
     |
1027 |     for (i, config) in node_configs.into_iter().enumerate() {
     |          ^ help: if this is intentional, prefix it with an underscore: `_i`

warning: variable does not need to be mutable
    --> apps/freenet-ping/app/tests/run_app.rs:1114:13
     |
1114 |         let mut publisher = &mut node_clients[publisher_idx];
     |             ----^^^^^^^^^
     |             |
     |             help: remove this `mut`
     |
     = note: `#[warn(unused_mut)]` on by default

warning: `freenet-ping-app` (test "run_app") generated 4 warnings (run `cargo fix --test "run_app"` to apply 1 suggestion)
    Finished `test` profile [unoptimized + debuginfo] target(s) in 30.26s
     Running unittests src/lib.rs (/home/ian/cargo_target_dir/debug/deps/freenet_ping_app-0e4598d1cfbeff9f)

running 0 tests

test result: ok. 0 passed; 0 failed; 0 ignored; 0 measured; 0 filtered out; finished in 0.00s

     Running unittests src/main.rs (/home/ian/cargo_target_dir/debug/deps/freenet_ping-715dcaf68c5b5c53)

running 0 tests

test result: ok. 0 passed; 0 failed; 0 ignored; 0 measured; 0 filtered out; finished in 0.00s

     Running tests/large_network_simulation.rs (/home/ian/cargo_target_dir/debug/deps/large_network_simulation-7e4b01f2bdb435ba)

running 0 tests

test result: ok. 0 passed; 0 failed; 0 ignored; 0 measured; 2 filtered out; finished in 0.00s

     Running tests/run_app.rs (/home/ian/cargo_target_dir/debug/deps/run_app-6beffa69a33ddc5e)

running 0 tests

test result: ok. 0 passed; 0 failed; 0 ignored; 0 measured; 3 filtered out; finished in 0.00s

     Running tests/run_app_blocked_peers.rs (/home/ian/cargo_target_dir/debug/deps/run_app_blocked_peers-4f35d7ff7e324d88)

running 0 tests

test result: ok. 0 passed; 0 failed; 0 ignored; 0 measured; 3 filtered out; finished in 0.00s

     Running tests/run_app_partially_connected_network.rs (/home/ian/cargo_target_dir/debug/deps/run_app_partially_connected_network-e5722d1221aa2db3)

running 0 tests

test result: ok. 0 passed; 0 failed; 0 ignored; 0 measured; 1 filtered out; finished in 0.00s

     Running tests/test_50_node_operations.rs (/home/ian/cargo_target_dir/debug/deps/test_50_node_operations-e861fde33d76ea5c)

running 0 tests

test result: ok. 0 passed; 0 failed; 0 ignored; 0 measured; 1 filtered out; finished in 0.00s

     Running tests/test_connection_timing.rs (/home/ian/cargo_target_dir/debug/deps/test_connection_timing-b6fde2bc8b664227)

running 0 tests

test result: ok. 0 passed; 0 failed; 0 ignored; 0 measured; 1 filtered out; finished in 0.00s

     Running tests/test_small_network_get_issue.rs (/home/ian/cargo_target_dir/debug/deps/test_small_network_get_issue-74008835fe45f3d9)

running 1 test
🔧 Testing get operation in small, poorly connected network
   Simulating production conditions with 4 total peers
Network topology:
  Gateway
    ├── Node1
    └── Node2

Note: Nodes are only connected through the gateway
  [2m2025-06-01T02:36:19.342632Z[0m [32m INFO[0m [1;32mfreenet::config[0m[32m: [32mPersisting configuration to "/tmp/node2_small_network_get96MHiE/config.toml"[0m
    [2;3mat[0m crates/core/src/config/mod.rs:350
    [2;3min[0m test_small_network_get_issue::[1mnode2[0m

  [2m2025-06-01T02:36:19.342841Z[0m [32m INFO[0m [1;32mfreenet::node[0m[32m: [32mLoading node configuration for mode network[0m
    [2;3mat[0m crates/core/src/node/mod.rs:133
    [2;3min[0m test_small_network_get_issue::[1mnode2[0m

  [2m2025-06-01T02:36:19.342957Z[0m [32m INFO[0m [1;32mfreenet::node[0m[32m: [32mNode will be listening at 127.0.0.1:48752 internal address[0m
    [2;3mat[0m crates/core/src/node/mod.rs:157
    [2;3min[0m test_small_network_get_issue::[1mnode2[0m

  [2m2025-06-01T02:36:19.343631Z[0m [32m INFO[0m [1;32mfreenet::server[0m[32m: [32mHTTP gateway listening on 127.0.0.1:38507[0m
    [2;3mat[0m crates/core/src/server/mod.rs:67

  [2m2025-06-01T02:36:19.344301Z[0m [34mDEBUG[0m [1;34mfreenet::ring[0m[34m: [34mInitializing connection maintenance task[0m
    [2;3mat[0m crates/core/src/ring/mod.rs:357
    [2;3min[0m freenet::ring::[1mconnection_maintenance[0m
    [2;3min[0m test_small_network_get_issue::[1mnode2[0m

  [2m2025-06-01T02:36:19.344552Z[0m [32m INFO[0m [1;32mfreenet::contract::storages::redb[0m[32m: [32mloading contract store from "/tmp/node2_small_network_get96MHiE/db/db"[0m
    [2;3mat[0m crates/core/src/contract/storages/redb.rs:17
    [2;3min[0m test_small_network_get_issue::[1mnode2[0m

  [2m2025-06-01T02:36:19.394118Z[0m [32m INFO[0m [1;32mfreenet::node::p2p_impl[0m[32m: [32mStarting aggressive connection acquisition phase (target: 2 connections)[0m
    [2;3mat[0m crates/core/src/node/p2p_impl.rs:55
    [2;3min[0m test_small_network_get_issue::[1mnode2[0m

  [2m2025-06-01T02:36:19.394160Z[0m [34mDEBUG[0m [1;34mfreenet::node::p2p_impl[0m[34m: [34mCurrent connections: 0/2, waiting for connection maintenance to acquire more[0m
    [2;3mat[0m crates/core/src/node/p2p_impl.rs:76
    [2;3min[0m test_small_network_get_issue::[1mnode2[0m

Waiting for nodes to start up...
  [2m2025-06-01T02:36:19.394168Z[0m [32m INFO[0m [1;32mfreenet::operations::connect[0m[32m: [32mStarting initial join procedure with 1 gateways[0m
    [2;3mat[0m crates/core/src/operations/connect.rs:702

  [2m2025-06-01T02:36:19.394201Z[0m [34mDEBUG[0m [1;34mfreenet::operations::connect[0m[34m: [34mConnection status: open_connections = 0, unconnected_gateways = 1[0m
    [2;3mat[0m crates/core/src/operations/connect.rs:711

  [2m2025-06-01T02:36:19.394210Z[0m [32m INFO[0m [1;32mfreenet::operations::connect[0m[32m: [32mNeed to connect to 1 gateways. Attempting to connect to 1 in parallel[0m
    [2;3mat[0m crates/core/src/operations/connect.rs:721

  [2m2025-06-01T02:36:19.394305Z[0m [32m INFO[0m [1;32mfreenet::operations::connect[0m[32m: [32mAttempting connection to gateway, [1;32mgateway[0m[32m: v6MWKgqHy7paw2it (@ 0.04549383835533005)[0m
    [2;3mat[0m crates/core/src/operations/connect.rs:732

  [2m2025-06-01T02:36:19.394508Z[0m [34mDEBUG[0m [1;34mfreenet::ring::connection_manager[0m[34m: [34mChecking if should accept connection[0m
    [2;3mat[0m crates/core/src/ring/connection_manager.rs:143
    [2;3min[0m freenet::operations::connect::[1mjoin_ring_request[0m [2;3mwith[0m [1mpeer[0m: v6MWKgqJ277dPytc

  [2m2025-06-01T02:36:19.394557Z[0m [32m INFO[0m [1;32mfreenet::operations::connect[0m[32m: [32mAttempting network join, [1;32mgateway.peer[0m[32m: v6MWKgqHy7paw2it[0m
    [2;3mat[0m crates/core/src/operations/connect.rs:805
    [2;3min[0m freenet::operations::connect::[1mjoin_ring_request[0m [2;3mwith[0m [1mpeer[0m: v6MWKgqJ277dPytc

  [2m2025-06-01T02:36:19.394614Z[0m [32m INFO[0m [1;32mfreenet::operations::connect[0m[32m: [32mConnecting to gateway, [1;32mtx[0m[32m: 01JWMNHQJ2AZBD8EN96492ZZ80, [1;32mgateway[0m[32m: v6MWKgqHy7paw2it (@ 0.04549383835533005)[0m
    [2;3mat[0m crates/core/src/operations/connect.rs:868
    [2;3min[0m freenet::operations::connect::[1mjoin_ring_request[0m [2;3mwith[0m [1mpeer[0m: v6MWKgqJ277dPytc

  [2m2025-06-01T02:36:19.394996Z[0m [33m WARN[0m [1;33mfreenet::config[0m[33m: [33mNo gateways file found, initializing disjoint gateway, initializing a new network.[0m
    [2;3mat[0m crates/core/src/config/mod.rs:301
    [2;3min[0m test_small_network_get_issue::[1mgateway[0m

  [2m2025-06-01T02:36:19.395124Z[0m [32m INFO[0m [1;32mfreenet::config[0m[32m: [32mPersisting configuration to "/tmp/gw_small_network_getOdV04N/config.toml"[0m
    [2;3mat[0m crates/core/src/config/mod.rs:350
    [2;3min[0m test_small_network_get_issue::[1mgateway[0m

  [2m2025-06-01T02:36:19.395293Z[0m [32m INFO[0m [1;32mfreenet::node[0m[32m: [32mLoading node configuration for mode network[0m
    [2;3mat[0m crates/core/src/node/mod.rs:133
    [2;3min[0m test_small_network_get_issue::[1mgateway[0m

  [2m2025-06-01T02:36:19.395309Z[0m [32m INFO[0m [1;32mfreenet::node[0m[32m: [32mNode will be listening at 127.0.0.1:33977 internal address[0m
    [2;3mat[0m crates/core/src/node/mod.rs:157
    [2;3min[0m test_small_network_get_issue::[1mgateway[0m

  [2m2025-06-01T02:36:19.395318Z[0m [32m INFO[0m [1;32mfreenet::node[0m[32m: [32mNode external address: 127.0.0.1:33977[0m
    [2;3mat[0m crates/core/src/node/mod.rs:163
    [2;3min[0m test_small_network_get_issue::[1mgateway[0m

  [2m2025-06-01T02:36:19.395642Z[0m [32m INFO[0m [1;32mfreenet::server[0m[32m: [32mHTTP gateway listening on 127.0.0.1:39261[0m
    [2;3mat[0m crates/core/src/server/mod.rs:67

  [2m2025-06-01T02:36:19.395852Z[0m [34mDEBUG[0m [1;34mfreenet::ring[0m[34m: [34mInitializing connection maintenance task[0m
    [2;3mat[0m crates/core/src/ring/mod.rs:357
    [2;3min[0m freenet::ring::[1mconnection_maintenance[0m
    [2;3min[0m test_small_network_get_issue::[1mgateway[0m

  [2m2025-06-01T02:36:19.396145Z[0m [32m INFO[0m [1;32mfreenet::contract::storages::redb[0m[32m: [32mloading contract store from "/tmp/gw_small_network_getOdV04N/db/db"[0m
    [2;3mat[0m crates/core/src/contract/storages/redb.rs:17
    [2;3min[0m test_small_network_get_issue::[1mgateway[0m

  [2m2025-06-01T02:36:19.436833Z[0m [31mERROR[0m [1;31mfreenet::contract::executor::runtime[0m[31m: [31mFailed to set cleanup on exit: Ctrl-C error: Ctrl-C signal handler already registered[0m
    [2;3mat[0m crates/core/src/contract/executor/runtime.rs:353
    [2;3min[0m test_small_network_get_issue::[1mgateway[0m

  [2m2025-06-01T02:36:19.437087Z[0m [32m INFO[0m [1;32mfreenet::node::p2p_impl[0m[32m: [32mStarting aggressive connection acquisition phase (target: 2 connections)[0m
    [2;3mat[0m crates/core/src/node/p2p_impl.rs:55
    [2;3min[0m test_small_network_get_issue::[1mgateway[0m

  [2m2025-06-01T02:36:19.437107Z[0m [34mDEBUG[0m [1;34mfreenet::node::p2p_impl[0m[34m: [34mCurrent connections: 0/2, waiting for connection maintenance to acquire more[0m
    [2;3mat[0m crates/core/src/node/p2p_impl.rs:76
    [2;3min[0m test_small_network_get_issue::[1mgateway[0m

  [2m2025-06-01T02:36:19.437132Z[0m [33m WARN[0m [1;33mfreenet::operations::connect[0m[33m: [33mNo gateways available, aborting join procedure[0m
    [2;3mat[0m crates/core/src/operations/connect.rs:694

  [2m2025-06-01T02:36:19.437981Z[0m [32m INFO[0m [1;32mfreenet::config[0m[32m: [32mPersisting configuration to "/tmp/node1_small_network_getUO4bFA/config.toml"[0m
    [2;3mat[0m crates/core/src/config/mod.rs:350
    [2;3min[0m test_small_network_get_issue::[1mnode1[0m

  [2m2025-06-01T02:36:19.438126Z[0m [32m INFO[0m [1;32mfreenet::node[0m[32m: [32mLoading node configuration for mode network[0m
    [2;3mat[0m crates/core/src/node/mod.rs:133
    [2;3min[0m test_small_network_get_issue::[1mnode1[0m

  [2m2025-06-01T02:36:19.438190Z[0m [32m INFO[0m [1;32mfreenet::node[0m[32m: [32mNode will be listening at 127.0.0.1:43237 internal address[0m
    [2;3mat[0m crates/core/src/node/mod.rs:157
    [2;3min[0m test_small_network_get_issue::[1mnode1[0m

  [2m2025-06-01T02:36:19.438512Z[0m [32m INFO[0m [1;32mfreenet::server[0m[32m: [32mHTTP gateway listening on 127.0.0.1:42587[0m
    [2;3mat[0m crates/core/src/server/mod.rs:67

  [2m2025-06-01T02:36:19.438679Z[0m [34mDEBUG[0m [1;34mfreenet::ring[0m[34m: [34mInitializing connection maintenance task[0m
    [2;3mat[0m crates/core/src/ring/mod.rs:357
    [2;3min[0m freenet::ring::[1mconnection_maintenance[0m
    [2;3min[0m test_small_network_get_issue::[1mnode1[0m

  [2m2025-06-01T02:36:19.438977Z[0m [32m INFO[0m [1;32mfreenet::contract::storages::redb[0m[32m: [32mloading contract store from "/tmp/node1_small_network_getUO4bFA/db/db"[0m
    [2;3mat[0m crates/core/src/contract/storages/redb.rs:17
    [2;3min[0m test_small_network_get_issue::[1mnode1[0m

  [2m2025-06-01T02:36:19.476386Z[0m [31mERROR[0m [1;31mfreenet::contract::executor::runtime[0m[31m: [31mFailed to set cleanup on exit: Ctrl-C error: Ctrl-C signal handler already registered[0m
    [2;3mat[0m crates/core/src/contract/executor/runtime.rs:353
    [2;3min[0m test_small_network_get_issue::[1mnode1[0m

  [2m2025-06-01T02:36:19.476657Z[0m [32m INFO[0m [1;32mfreenet::node::p2p_impl[0m[32m: [32mStarting aggressive connection acquisition phase (target: 2 connections)[0m
    [2;3mat[0m crates/core/src/node/p2p_impl.rs:55
    [2;3min[0m test_small_network_get_issue::[1mnode1[0m

  [2m2025-06-01T02:36:19.476676Z[0m [34mDEBUG[0m [1;34mfreenet::node::p2p_impl[0m[34m: [34mCurrent connections: 0/2, waiting for connection maintenance to acquire more[0m
    [2;3mat[0m crates/core/src/node/p2p_impl.rs:76
    [2;3min[0m test_small_network_get_issue::[1mnode1[0m

  [2m2025-06-01T02:36:19.476737Z[0m [32m INFO[0m [1;32mfreenet::operations::connect[0m[32m: [32mStarting initial join procedure with 1 gateways[0m
    [2;3mat[0m crates/core/src/operations/connect.rs:702

  [2m2025-06-01T02:36:19.476824Z[0m [34mDEBUG[0m [1;34mfreenet::operations::connect[0m[34m: [34mConnection status: open_connections = 0, unconnected_gateways = 1[0m
    [2;3mat[0m crates/core/src/operations/connect.rs:711

  [2m2025-06-01T02:36:19.476837Z[0m [32m INFO[0m [1;32mfreenet::operations::connect[0m[32m: [32mNeed to connect to 1 gateways. Attempting to connect to 1 in parallel[0m
    [2;3mat[0m crates/core/src/operations/connect.rs:721

  [2m2025-06-01T02:36:19.476915Z[0m [32m INFO[0m [1;32mfreenet::operations::connect[0m[32m: [32mAttempting connection to gateway, [1;32mgateway[0m[32m: v6MWKgqHy7paw2it (@ 0.04549383835533005)[0m
    [2;3mat[0m crates/core/src/operations/connect.rs:732

  [2m2025-06-01T02:36:19.477136Z[0m [34mDEBUG[0m [1;34mfreenet::ring::connection_manager[0m[34m: [34mChecking if should accept connection[0m
    [2;3mat[0m crates/core/src/ring/connection_manager.rs:143
    [2;3min[0m freenet::operations::connect::[1mjoin_ring_request[0m [2;3mwith[0m [1mpeer[0m: v6MWKgqHKGmP3ebi

  [2m2025-06-01T02:36:19.477173Z[0m [32m INFO[0m [1;32mfreenet::operations::connect[0m[32m: [32mAttempting network join, [1;32mgateway.peer[0m[32m: v6MWKgqHy7paw2it[0m
    [2;3mat[0m crates/core/src/operations/connect.rs:805
    [2;3min[0m freenet::operations::connect::[1mjoin_ring_request[0m [2;3mwith[0m [1mpeer[0m: v6MWKgqHKGmP3ebi

  [2m2025-06-01T02:36:19.477243Z[0m [32m INFO[0m [1;32mfreenet::operations::connect[0m[32m: [32mConnecting to gateway, [1;32mtx[0m[32m: 01JWMNHQMNSFCA1X1QYFJ1YV80, [1;32mgateway[0m[32m: v6MWKgqHy7paw2it (@ 0.04549383835533005)[0m
    [2;3mat[0m crates/core/src/operations/connect.rs:868
    [2;3min[0m freenet::operations::connect::[1mjoin_ring_request[0m [2;3mwith[0m [1mpeer[0m: v6MWKgqHKGmP3ebi

  [2m2025-06-01T02:36:21.395447Z[0m [34mDEBUG[0m [1;34mfreenet::node::p2p_impl[0m[34m: [34mCurrent connections: 0/2, waiting for connection maintenance to acquire more[0m
    [2;3mat[0m crates/core/src/node/p2p_impl.rs:76
    [2;3min[0m test_small_network_get_issue::[1mnode2[0m

  [2m2025-06-01T02:36:21.438020Z[0m [34mDEBUG[0m [1;34mfreenet::node::p2p_impl[0m[34m: [34mCurrent connections: 0/2, waiting for connection maintenance to acquire more[0m
    [2;3mat[0m crates/core/src/node/p2p_impl.rs:76
    [2;3min[0m test_small_network_get_issue::[1mgateway[0m

  [2m2025-06-01T02:36:21.478422Z[0m [34mDEBUG[0m [1;34mfreenet::node::p2p_impl[0m[34m: [34mCurrent connections: 0/2, waiting for connection maintenance to acquire more[0m
    [2;3mat[0m crates/core/src/node/p2p_impl.rs:76
    [2;3min[0m test_small_network_get_issue::[1mnode1[0m

  [2m2025-06-01T02:36:23.397430Z[0m [34mDEBUG[0m [1;34mfreenet::node::p2p_impl[0m[34m: [34mCurrent connections: 0/2, waiting for connection maintenance to acquire more[0m
    [2;3mat[0m crates/core/src/node/p2p_impl.rs:76
    [2;3min[0m test_small_network_get_issue::[1mnode2[0m

  [2m2025-06-01T02:36:23.438901Z[0m [34mDEBUG[0m [1;34mfreenet::node::p2p_impl[0m[34m: [34mCurrent connections: 0/2, waiting for connection maintenance to acquire more[0m
    [2;3mat[0m crates/core/src/node/p2p_impl.rs:76
    [2;3min[0m test_small_network_get_issue::[1mgateway[0m

  [2m2025-06-01T02:36:23.479562Z[0m [34mDEBUG[0m [1;34mfreenet::node::p2p_impl[0m[34m: [34mCurrent connections: 0/2, waiting for connection maintenance to acquire more[0m
    [2;3mat[0m crates/core/src/node/p2p_impl.rs:76
    [2;3min[0m test_small_network_get_issue::[1mnode1[0m

  [2m2025-06-01T02:36:25.399481Z[0m [34mDEBUG[0m [1;34mfreenet::node::p2p_impl[0m[34m: [34mCurrent connections: 0/2, waiting for connection maintenance to acquire more[0m
    [2;3mat[0m crates/core/src/node/p2p_impl.rs:76
    [2;3min[0m test_small_network_get_issue::[1mnode2[0m

  [2m2025-06-01T02:36:25.440027Z[0m [34mDEBUG[0m [1;34mfreenet::node::p2p_impl[0m[34m: [34mCurrent connections: 0/2, waiting for connection maintenance to acquire more[0m
    [2;3mat[0m crates/core/src/node/p2p_impl.rs:76
    [2;3min[0m test_small_network_get_issue::[1mgateway[0m

  [2m2025-06-01T02:36:25.480609Z[0m [34mDEBUG[0m [1;34mfreenet::node::p2p_impl[0m[34m: [34mCurrent connections: 0/2, waiting for connection maintenance to acquire more[0m
    [2;3mat[0m crates/core/src/node/p2p_impl.rs:76
    [2;3min[0m test_small_network_get_issue::[1mnode1[0m

  [2m2025-06-01T02:36:27.401465Z[0m [34mDEBUG[0m [1;34mfreenet::node::p2p_impl[0m[34m: [34mCurrent connections: 0/2, waiting for connection maintenance to acquire more[0m
    [2;3mat[0m crates/core/src/node/p2p_impl.rs:76
    [2;3min[0m test_small_network_get_issue::[1mnode2[0m

  [2m2025-06-01T02:36:27.440890Z[0m [34mDEBUG[0m [1;34mfreenet::node::p2p_impl[0m[34m: [34mCurrent connections: 0/2, waiting for connection maintenance to acquire more[0m
    [2;3mat[0m crates/core/src/node/p2p_impl.rs:76
    [2;3min[0m test_small_network_get_issue::[1mgateway[0m

  [2m2025-06-01T02:36:27.482490Z[0m [34mDEBUG[0m [1;34mfreenet::node::p2p_impl[0m[34m: [34mCurrent connections: 0/2, waiting for connection maintenance to acquire more[0m
    [2;3mat[0m crates/core/src/node/p2p_impl.rs:76
    [2;3min[0m test_small_network_get_issue::[1mnode1[0m

  [2m2025-06-01T02:36:29.402681Z[0m [32m INFO[0m [1;32mfreenet::node::p2p_impl[0m[32m: [32mAggressive connection phase complete. Final connections: 0/2[0m
    [2;3mat[0m crates/core/src/node/p2p_impl.rs:88
    [2;3min[0m test_small_network_get_issue::[1mnode2[0m

  [2m2025-06-01T02:36:29.403134Z[0m [32m INFO[0m [1;32mfreenet::node::network_bridge::p2p_protoc[0m[32m: [32mOpening network listener, [1;32mself.listening_port[0m[32m: 48752, [1;32mself.listening_ip[0m[32m: 127.0.0.1, [1;32mself.is_gateway[0m[32m: false, [1;32mkey[0m[32m: v6MWKgqJ277dPytc[0m
    [2;3mat[0m crates/core/src/node/network_bridge/p2p_protoc.rs:173
    [2;3min[0m freenet::node::network_bridge::p2p_protoc::[1mnetwork_event_listener[0m [2;3mwith[0m [1mpeer[0m: v6MWKgqJ277dPytc
    [2;3min[0m test_small_network_get_issue::[1mnode2[0m

  [2m2025-06-01T02:36:29.403367Z[0m [32m INFO[0m [1;32mfreenet::transport::rate_limiter[0m[32m: [32mRate limiter task started[0m
    [2;3mat[0m crates/core/src/transport/rate_limiter.rs:42

  [2m2025-06-01T02:36:29.403568Z[0m [32m INFO[0m [1;32mfreenet::node::network_bridge::p2p_protoc[0m[32m: [32mConnecting to peer, [1;32mtx[0m[32m: 01JWMNHQJ2AZBD8EN96492ZZ80, [1;32mremote[0m[32m: v6MWKgqHy7paw2it[0m
    [2;3mat[0m crates/core/src/node/network_bridge/p2p_protoc.rs:477
    [2;3min[0m freenet::node::network_bridge::p2p_protoc::[1mnetwork_event_listener[0m [2;3mwith[0m [1mpeer[0m: v6MWKgqJ277dPytc
    [2;3min[0m test_small_network_get_issue::[1mnode2[0m

  [2m2025-06-01T02:36:29.403614Z[0m [34mDEBUG[0m [1;34mfreenet::transport::connection_handler[0m[34m: [34mlistening for packets, [1;34mself.this_addr[0m[34m: 127.0.0.1:48752[0m
    [2;3mat[0m crates/core/src/transport/connection_handler.rs:257
    [2;3min[0m freenet::transport::connection_handler::[1mtransport_listener[0m [2;3mwith[0m [1mpeer[0m: v6MWKgqJ277dPytc

  [2m2025-06-01T02:36:29.403657Z[0m [34mDEBUG[0m [1;34mfreenet::node::network_bridge::p2p_protoc[0m[34m: [34mSuccessfully initiated connection process for peer: v6MWKgqHy7paw2it, [1;34mtx[0m[34m: 01JWMNHQJ2AZBD8EN96492ZZ80[0m
    [2;3mat[0m crates/core/src/node/network_bridge/p2p_protoc.rs:501
    [2;3min[0m freenet::node::network_bridge::p2p_protoc::[1mnetwork_event_listener[0m [2;3mwith[0m [1mpeer[0m: v6MWKgqJ277dPytc
    [2;3min[0m test_small_network_get_issue::[1mnode2[0m

  [2m2025-06-01T02:36:29.404209Z[0m [34mDEBUG[0m [1;34mfreenet::node::network_bridge::handshake[0m[34m: [34mStarting outbound connection to 127.0.0.1:33977[0m
    [2;3mat[0m crates/core/src/node/network_bridge/handshake.rs:715
    [2;3min[0m freenet::node::network_bridge::handshake::[1mwait_for_events[0m
    [2;3min[0m freenet::node::network_bridge::p2p_protoc::[1mnetwork_event_listener[0m [2;3mwith[0m [1mpeer[0m: v6MWKgqJ277dPytc
    [2;3min[0m test_small_network_get_issue::[1mnode2[0m

  [2m2025-06-01T02:36:29.404291Z[0m [34mDEBUG[0m [1;34mfreenet::transport::connection_handler[0m[34m: [34mreceived connection event, [1;34mremote_addr[0m[34m: 127.0.0.1:33977[0m
    [2;3mat[0m crates/core/src/transport/connection_handler.rs:455
    [2;3min[0m freenet::transport::connection_handler::[1mtransport_listener[0m [2;3mwith[0m [1mpeer[0m: v6MWKgqJ277dPytc

  [2m2025-06-01T02:36:29.404312Z[0m [34mDEBUG[0m [1;34mfreenet::transport::connection_handler[0m[34m: [34mattempting to establish connection, [1;34mremote_addr[0m[34m: 127.0.0.1:33977[0m
    [2;3mat[0m crates/core/src/transport/connection_handler.rs:460
    [2;3min[0m freenet::transport::connection_handler::[1mtransport_listener[0m [2;3mwith[0m [1mpeer[0m: v6MWKgqJ277dPytc

  [2m2025-06-01T02:36:29.404324Z[0m [34mDEBUG[0m [1;34mfreenet::transport::connection_handler[0m[34m: [34mStarting NAT traversal, [1;34mremote_addr[0m[34m: 127.0.0.1:33977[0m
    [2;3mat[0m crates/core/src/transport/connection_handler.rs:597
    [2;3min[0m freenet::transport::connection_handler::[1mtransport_listener[0m [2;3mwith[0m [1mpeer[0m: v6MWKgqJ277dPytc

  [2m2025-06-01T02:36:29.405060Z[0m [34mDEBUG[0m [1;34mfreenet::transport::connection_handler[0m[34m: [34msending protocol version and inbound key, [1;34mremote_addr[0m[34m: 127.0.0.1:33977[0m
    [2;3mat[0m crates/core/src/transport/connection_handler.rs:690
    [2;3min[0m freenet::transport::connection_handler::[1mtraverse_nat[0m
    [2;3min[0m freenet::transport::connection_handler::[1mtransport_listener[0m [2;3mwith[0m [1mpeer[0m: v6MWKgqJ277dPytc

  [2m2025-06-01T02:36:29.441585Z[0m [32m INFO[0m [1;32mfreenet::node::p2p_impl[0m[32m: [32mAggressive connection phase complete. Final connections: 0/2[0m
    [2;3mat[0m crates/core/src/node/p2p_impl.rs:88
    [2;3min[0m test_small_network_get_issue::[1mgateway[0m

  [2m2025-06-01T02:36:29.441686Z[0m [32m INFO[0m [1;32mfreenet::node::network_bridge::p2p_protoc[0m[32m: [32mOpening network listener, [1;32mself.listening_port[0m[32m: 33977, [1;32mself.listening_ip[0m[32m: 127.0.0.1, [1;32mself.is_gateway[0m[32m: true, [1;32mkey[0m[32m: v6MWKgqHy7paw2it[0m
    [2;3mat[0m crates/core/src/node/network_bridge/p2p_protoc.rs:173
    [2;3min[0m freenet::node::network_bridge::p2p_protoc::[1mnetwork_event_listener[0m [2;3mwith[0m [1mpeer[0m: v6MWKgqHy7paw2it
    [2;3min[0m test_small_network_get_issue::[1mgateway[0m

  [2m2025-06-01T02:36:29.441829Z[0m [32m INFO[0m [1;32mfreenet::transport::rate_limiter[0m[32m: [32mRate limiter task started[0m
    [2;3mat[0m crates/core/src/transport/rate_limiter.rs:42

  [2m2025-06-01T02:36:29.441924Z[0m [34mDEBUG[0m [1;34mfreenet::transport::connection_handler[0m[34m: [34mlistening for packets, [1;34mself.this_addr[0m[34m: 127.0.0.1:33977[0m
    [2;3mat[0m crates/core/src/transport/connection_handler.rs:257
    [2;3min[0m freenet::transport::connection_handler::[1mtransport_listener[0m [2;3mwith[0m [1mpeer[0m: v6MWKgqHy7paw2it

  [2m2025-06-01T02:36:29.457170Z[0m [34mDEBUG[0m [1;34mfreenet::transport::connection_handler[0m[34m: [34msending protocol version and inbound key, [1;34mremote_addr[0m[34m: 127.0.0.1:33977[0m
    [2;3mat[0m crates/core/src/transport/connection_handler.rs:690
    [2;3min[0m freenet::transport::connection_handler::[1mtraverse_nat[0m
    [2;3min[0m freenet::transport::connection_handler::[1mtransport_listener[0m [2;3mwith[0m [1mpeer[0m: v6MWKgqJ277dPytc

  [2m2025-06-01T02:36:29.461526Z[0m [34mDEBUG[0m [1;34mfreenet::transport::connection_handler[0m[34m: [34mSending outbound ack packet: [43, 225, 40, 253, 20, 160, 49, 59, 97, 226, 109, 193, 111, 37, 53, 176, 183, 110, 73, 167, 183, 76, 132, 47, 189, 114, 12, 229, 254, 247, 165, 231, 73, 254, 193, 47, 27, 9, 160, 186, 125, 204, 178, 130, 159, 167, 127, 193, 158, 160, 67, 210, 185, 162, 85, 46, 28, 178, 157, 133, 49, 185, 37, 125, 183, 19, 217, 161, 10, 198, 88, 66, 48, 122], [1;34mremote_addr[0m[34m: 127.0.0.1:48752[0m
    [2;3mat[0m crates/core/src/transport/connection_handler.rs:533
    [2;3min[0m freenet::transport::connection_handler::[1mgateway_connection[0m
    [2;3min[0m freenet::transport::connection_handler::[1mtransport_listener[0m [2;3mwith[0m [1mpeer[0m: v6MWKgqHy7paw2it

  [2m2025-06-01T02:36:29.461722Z[0m [34mDEBUG[0m [1;34mfreenet::transport::connection_handler[0m[34m: [34mreceived packet after sending it, [1;34mremote_addr[0m[34m: 127.0.0.1:33977[0m
    [2;3mat[0m crates/core/src/transport/connection_handler.rs:716
    [2;3min[0m freenet::transport::connection_handler::[1mtraverse_nat[0m
    [2;3min[0m freenet::transport::connection_handler::[1mtransport_listener[0m [2;3mwith[0m [1mpeer[0m: v6MWKgqJ277dPytc

  [2m2025-06-01T02:36:29.461747Z[0m [34mDEBUG[0m [1;34mfreenet::transport::connection_handler[0m[34m: [34mreceived packet from remote: [43, 225, 40, 253, 20, 160, 49, 59, 97, 226, 109, 193, 111, 37, 53, 176, 183, 110, 73, 167, 183, 76, 132, 47, 189, 114, 12, 229, 254, 247, 165, 231, 73, 254, 193, 47, 27, 9, 160, 186, 125, 204, 178, 130, 159, 167, 127, 193, 158, 160, 67, 210, 185, 162, 85, 46, 28, 178, 157, 133, 49, 185, 37, 125, 183, 19, 217, 161, 10, 198, 88, 66, 48, 122], [1;34mremote_addr[0m[34m: 127.0.0.1:33977[0m
    [2;3mat[0m crates/core/src/transport/connection_handler.rs:721
    [2;3min[0m freenet::transport::connection_handler::[1mtraverse_nat[0m
    [2;3min[0m freenet::transport::connection_handler::[1mtransport_listener[0m [2;3mwith[0m [1mpeer[0m: v6MWKgqJ277dPytc

  [2m2025-06-01T02:36:29.461879Z[0m [34mDEBUG[0m [1;34mfreenet::transport::connection_handler[0m[34m: [34mSending back ack connection: [137, 171, 68, 146, 78, 23, 219, 0, 199, 134, 5, 130, 185, 11, 224, 222], [1;34mremote_addr[0m[34m: 127.0.0.1:33977[0m
    [2;3mat[0m crates/core/src/transport/connection_handler.rs:752
    [2;3min[0m freenet::transport::connection_handler::[1mtraverse_nat[0m
    [2;3min[0m freenet::transport::connection_handler::[1mtransport_listener[0m [2;3mwith[0m [1mpeer[0m: v6MWKgqJ277dPytc

  [2m2025-06-01T02:36:29.461981Z[0m [34mDEBUG[0m [1;34mfreenet::transport::connection_handler[0m[34m: [34mconnection established, [1;34mremote_addr[0m[34m: 127.0.0.1:33977[0m
    [2;3mat[0m crates/core/src/transport/connection_handler.rs:767
    [2;3min[0m freenet::transport::connection_handler::[1mtraverse_nat[0m
    [2;3min[0m freenet::transport::connection_handler::[1mtransport_listener[0m [2;3mwith[0m [1mpeer[0m: v6MWKgqJ277dPytc

  [2m2025-06-01T02:36:29.462061Z[0m [34mDEBUG[0m [1;34mfreenet::transport::connection_handler[0m[34m: [34mconnection established, [1;34mremote_addr[0m[34m: 127.0.0.1:33977[0m
    [2;3mat[0m crates/core/src/transport/connection_handler.rs:432
    [2;3min[0m freenet::transport::connection_handler::[1mtransport_listener[0m [2;3mwith[0m [1mpeer[0m: v6MWKgqJ277dPytc

  [2m2025-06-01T02:36:29.462262Z[0m [34mDEBUG[0m [1;34mfreenet::node::network_bridge::handshake[0m[34m: [34mestablished outbound gw connection, [1;34mremote[0m[34m: v6MWKgqHy7paw2it[0m
    [2;3mat[0m crates/core/src/node/network_bridge/handshake.rs:722
    [2;3min[0m freenet::node::network_bridge::handshake::[1mwait_for_events[0m
    [2;3min[0m freenet::node::network_bridge::p2p_protoc::[1mnetwork_event_listener[0m [2;3mwith[0m [1mpeer[0m: v6MWKgqJ277dPytc
    [2;3min[0m test_small_network_get_issue::[1mnode2[0m

  [2m2025-06-01T02:36:29.462376Z[0m [32m INFO[0m [1;32mfreenet::node::network_bridge::handshake[0m[32m: [32mOutbound gateway connection successful, [1;32mat[0m[32m: Some(127.0.0.1:48752), [1;32mfrom[0m[32m: 127.0.0.1:33977[0m
    [2;3mat[0m crates/core/src/node/network_bridge/handshake.rs:275
    [2;3min[0m freenet::node::network_bridge::handshake::[1mwait_for_events[0m
    [2;3min[0m freenet::node::network_bridge::p2p_protoc::[1mnetwork_event_listener[0m [2;3mwith[0m [1mpeer[0m: v6MWKgqJ277dPytc
    [2;3min[0m test_small_network_get_issue::[1mnode2[0m

  [2m2025-06-01T02:36:29.462401Z[0m [34mDEBUG[0m [1;34mfreenet::node::network_bridge::handshake[0m[34m: [34mAttempting setting own peer key, [1;34maddr[0m[34m: 127.0.0.1:48752[0m
    [2;3mat[0m crates/core/src/node/network_bridge/handshake.rs:277
    [2;3min[0m freenet::node::network_bridge::handshake::[1mwait_for_events[0m
    [2;3min[0m freenet::node::network_bridge::p2p_protoc::[1mnetwork_event_listener[0m [2;3mwith[0m [1mpeer[0m: v6MWKgqJ277dPytc
    [2;3min[0m test_small_network_get_issue::[1mnode2[0m

  [2m2025-06-01T02:36:29.462433Z[0m [34mDEBUG[0m [1;34mfreenet::node::network_bridge::handshake[0m[34m: [34mOutbound connection to gw successful, [1;34mat[0m[34m: Some(127.0.0.1:48752), [1;34mfrom[0m[34m: 127.0.0.1:33977[0m
    [2;3mat[0m crates/core/src/node/network_bridge/handshake.rs:284
    [2;3min[0m freenet::node::network_bridge::handshake::[1mwait_for_events[0m
    [2;3min[0m freenet::node::network_bridge::p2p_protoc::[1mnetwork_event_listener[0m [2;3mwith[0m [1mpeer[0m: v6MWKgqJ277dPytc
    [2;3min[0m test_small_network_get_issue::[1mnode2[0m

  [2m2025-06-01T02:36:29.462471Z[0m [34mDEBUG[0m [1;34mfreenet::node::network_bridge::handshake[0m[34m: [34mWaiting for confirmation from gw, [1;34mat[0m[34m: Some(127.0.0.1:48752), [1;34mthis_peer.addr[0m[34m: 127.0.0.1:48752, [1;34mfrom[0m[34m: 127.0.0.1:33977, [1;34mremote_addr[0m[34m: v6MWKgqHy7paw2it[0m
    [2;3mat[0m crates/core/src/node/network_bridge/handshake.rs:750
    [2;3min[0m freenet::node::network_bridge::handshake::[1mwait_for_events[0m
    [2;3min[0m freenet::node::network_bridge::p2p_protoc::[1mnetwork_event_listener[0m [2;3mwith[0m [1mpeer[0m: v6MWKgqJ277dPytc
    [2;3min[0m test_small_network_get_issue::[1mnode2[0m

  [2m2025-06-01T02:36:29.462663Z[0m [34mDEBUG[0m [1;34mfreenet::transport::connection_handler[0m[34m: [34mreturning connection at gw[0m
    [2;3mat[0m crates/core/src/transport/connection_handler.rs:582
    [2;3min[0m freenet::transport::connection_handler::[1mgateway_connection[0m
    [2;3min[0m freenet::transport::connection_handler::[1mtransport_listener[0m [2;3mwith[0m [1mpeer[0m: v6MWKgqHy7paw2it

  [2m2025-06-01T02:36:29.462650Z[0m [34mDEBUG[0m [1;34mfreenet::node::network_bridge::handshake[0m[34m: [34mSending initial connection message to gw, [1;34mat[0m[34m: Some(127.0.0.1:48752), [1;34mfrom[0m[34m: 127.0.0.1:33977, [1;34mmsg[0m[34m: V1(Connect(Request { id: 01JWMNHQJ2AZBD8EN96492ZZ80, target: v6MWKgqHy7paw2it, msg: StartJoinReq { joiner: Some(v6MWKgqJ277dPytc), joiner_key: v6MWKgqJ277dPytc, joiner_location: Some(Location(0.8986025731098363)), hops_to_live: 10, max_hops_to_live: 10, skip_connections: {v6MWKgqJ277dPytc}, skip_forwards: {v6MWKgqJ277dPytc} } }))[0m
    [2;3mat[0m crates/core/src/node/network_bridge/handshake.rs:866
    [2;3min[0m freenet::node::network_bridge::handshake::[1mwait_for_events[0m
    [2;3min[0m freenet::node::network_bridge::p2p_protoc::[1mnetwork_event_listener[0m [2;3mwith[0m [1mpeer[0m: v6MWKgqJ277dPytc
    [2;3min[0m test_small_network_get_issue::[1mnode2[0m

  [2m2025-06-01T02:36:29.462952Z[0m [34mDEBUG[0m [1;34mfreenet::node::network_bridge::handshake[0m[34m: [34mNew inbound connection, [1;34mfrom[0m[34m: 127.0.0.1:48752[0m
    [2;3mat[0m crates/core/src/node/network_bridge/handshake.rs:264
    [2;3min[0m freenet::node::network_bridge::handshake::[1mwait_for_events[0m
    [2;3min[0m freenet::node::network_bridge::p2p_protoc::[1mnetwork_event_listener[0m [2;3mwith[0m [1mpeer[0m: v6MWKgqHy7paw2it
    [2;3min[0m test_small_network_get_issue::[1mgateway[0m

  [2m2025-06-01T02:36:29.463410Z[0m [34mDEBUG[0m [1;34mfreenet::node::network_bridge::handshake[0m[34m: [34mWaiting for answer from gw, [1;34mat[0m[34m: Some(127.0.0.1:48752), [1;34mfrom[0m[34m: 127.0.0.1:33977[0m
    [2;3mat[0m crates/core/src/node/network_bridge/handshake.rs:877
    [2;3min[0m freenet::node::network_bridge::handshake::[1mwait_for_events[0m
    [2;3min[0m freenet::node::network_bridge::p2p_protoc::[1mnetwork_event_listener[0m [2;3mwith[0m [1mpeer[0m: v6MWKgqJ277dPytc
    [2;3min[0m test_small_network_get_issue::[1mnode2[0m

  [2m2025-06-01T02:36:29.463433Z[0m [34mDEBUG[0m [1;34mfreenet::transport::peer_connection::outbound_stream[0m[34m: [34msending stream, [1;34mstream_id[0m[34m: 0, [1;34mlength[0m[34m: 1513[0m
    [2;3mat[0m crates/core/src/transport/peer_connection/outbound_stream.rs:41
    [2;3min[0m freenet::transport::peer_connection::[1moutbound_stream[0m
    [2;3min[0m freenet::transport::peer_connection::[1mpeer_connection[0m
    [2;3min[0m freenet::node::network_bridge::handshake::[1mwait_for_events[0m
    [2;3min[0m freenet::node::network_bridge::p2p_protoc::[1mnetwork_event_listener[0m [2;3mwith[0m [1mpeer[0m: v6MWKgqJ277dPytc
    [2;3min[0m test_small_network_get_issue::[1mnode2[0m

  [2m2025-06-01T02:36:29.463452Z[0m [34mDEBUG[0m [1;34mfreenet::node::network_bridge::handshake[0m[34m: [34mChecking for remaining hops, left: 10, [1;34mat[0m[34m: Some(127.0.0.1:48752), [1;34mfrom[0m[34m: 127.0.0.1:33977[0m
    [2;3mat[0m crates/core/src/node/network_bridge/handshake.rs:903
    [2;3min[0m freenet::node::network_bridge::handshake::[1mwait_for_events[0m
    [2;3min[0m freenet::node::network_bridge::p2p_protoc::[1mnetwork_event_listener[0m [2;3mwith[0m [1mpeer[0m: v6MWKgqJ277dPytc
    [2;3min[0m test_small_network_get_issue::[1mnode2[0m

  [2m2025-06-01T02:36:29.466159Z[0m [34mDEBUG[0m [1;34mfreenet::node::network_bridge::handshake[0m[34m: [34mReceived message from peer, [1;34mat[0m[34m: None, [1;34mfrom[0m[34m: 127.0.0.1:48752, [1;34mnet_message[0m[34m: Message {StartRequest(id: 01JWMNHQJ2AZBD8EN96492ZZ80, target: v6MWKgqHy7paw2it)}[0m
    [2;3mat[0m crates/core/src/node/network_bridge/handshake.rs:1003
    [2;3min[0m freenet::node::network_bridge::handshake::[1mwait_for_events[0m
    [2;3min[0m freenet::node::network_bridge::p2p_protoc::[1mnetwork_event_listener[0m [2;3mwith[0m [1mpeer[0m: v6MWKgqHy7paw2it
    [2;3min[0m test_small_network_get_issue::[1mgateway[0m

  [2m2025-06-01T02:36:29.466225Z[0m [34mDEBUG[0m [1;34mfreenet::ring::connection_manager[0m[34m: [34mChecking if should accept connection[0m
    [2;3mat[0m crates/core/src/ring/connection_manager.rs:143
    [2;3min[0m freenet::node::network_bridge::handshake::[1mwait_for_events[0m
    [2;3min[0m freenet::node::network_bridge::p2p_protoc::[1mnetwork_event_listener[0m [2;3mwith[0m [1mpeer[0m: v6MWKgqHy7paw2it
    [2;3min[0m test_small_network_get_issue::[1mgateway[0m

  [2m2025-06-01T02:36:29.466253Z[0m [34mDEBUG[0m [1;34mfreenet::node::network_bridge::handshake[0m[34m: [34mAccepting connection, [1;34mat[0m[34m: None, [1;34mfrom[0m[34m: 127.0.0.1:48752[0m
    [2;3mat[0m crates/core/src/node/network_bridge/handshake.rs:376
    [2;3min[0m freenet::node::network_bridge::handshake::[1mwait_for_events[0m
    [2;3min[0m freenet::node::network_bridge::p2p_protoc::[1mnetwork_event_listener[0m [2;3mwith[0m [1mpeer[0m: v6MWKgqHy7paw2it
    [2;3min[0m test_small_network_get_issue::[1mgateway[0m

  [2m2025-06-01T02:36:29.467405Z[0m [33m WARN[0m [1;33mfreenet::operations::connect[0m[33m: [33mCouldn't forward connect petition, not enough connections, [1;33mtx[0m[33m: 01JWMNHQJ2AZBD8EN96492ZZ80, [1;33mjoiner[0m[33m: v6MWKgqJ277dPytc[0m
    [2;3mat[0m crates/core/src/operations/connect.rs:969
    [2;3min[0m freenet::node::network_bridge::handshake::[1mwait_for_events[0m
    [2;3min[0m freenet::node::network_bridge::p2p_protoc::[1mnetwork_event_listener[0m [2;3mwith[0m [1mpeer[0m: v6MWKgqHy7paw2it
    [2;3min[0m test_small_network_get_issue::[1mgateway[0m

  [2m2025-06-01T02:36:29.467502Z[0m [32m INFO[0m [1;32mfreenet::ring[0m[32m: [32mAdding connection to peer, [1;32mpeer[0m[32m: v6MWKgqJ277dPytc, [1;32mthis[0m[32m: Some(v6MWKgqHy7paw2it), [1;32mwas_reserved[0m[32m: false[0m
    [2;3mat[0m crates/core/src/ring/mod.rs:219
    [2;3min[0m freenet::node::network_bridge::p2p_protoc::[1mnetwork_event_listener[0m [2;3mwith[0m [1mpeer[0m: v6MWKgqHy7paw2it
    [2;3min[0m test_small_network_get_issue::[1mgateway[0m

  [2m2025-06-01T02:36:29.467546Z[0m [34mDEBUG[0m [1;34mfreenet::ring::connection_manager[0m[34m: [34mAdding connection, [1;34mpeer[0m[34m: v6MWKgqJ277dPytc[0m
    [2;3mat[0m crates/core/src/ring/connection_manager.rs:253
    [2;3min[0m freenet::node::network_bridge::p2p_protoc::[1mnetwork_event_listener[0m [2;3mwith[0m [1mpeer[0m: v6MWKgqHy7paw2it
    [2;3min[0m test_small_network_get_issue::[1mgateway[0m

  [2m2025-06-01T02:36:29.468567Z[0m [34mDEBUG[0m [1;34mfreenet::node::network_bridge::handshake[0m[34m: [34mReceived answer from gw, [1;34mat[0m[34m: Some(127.0.0.1:48752), [1;34mfrom[0m[34m: 127.0.0.1:33977, [1;34maccepted[0m[34m: true[0m
    [2;3mat[0m crates/core/src/node/network_bridge/handshake.rs:941
    [2;3min[0m freenet::node::network_bridge::handshake::[1mwait_for_events[0m
    [2;3min[0m freenet::node::network_bridge::p2p_protoc::[1mnetwork_event_listener[0m [2;3mwith[0m [1mpeer[0m: v6MWKgqJ277dPytc
    [2;3min[0m test_small_network_get_issue::[1mnode2[0m

  [2m2025-06-01T02:36:29.468607Z[0m [34mDEBUG[0m [1;34mfreenet::node::network_bridge::handshake[0m[34m: [34mOutbound connection to gw confirmed, [1;34mat[0m[34m: Some(127.0.0.1:48752), [1;34mfrom[0m[34m: 127.0.0.1:33977[0m
    [2;3mat[0m crates/core/src/node/network_bridge/handshake.rs:295
    [2;3min[0m freenet::node::network_bridge::handshake::[1mwait_for_events[0m
    [2;3min[0m freenet::node::network_bridge::p2p_protoc::[1mnetwork_event_listener[0m [2;3mwith[0m [1mpeer[0m: v6MWKgqJ277dPytc
    [2;3min[0m test_small_network_get_issue::[1mnode2[0m

  [2m2025-06-01T02:36:29.468724Z[0m [32m INFO[0m [1;32mfreenet::ring[0m[32m: [32mAdding connection to peer, [1;32mpeer[0m[32m: v6MWKgqHy7paw2it, [1;32mthis[0m[32m: Some(v6MWKgqJ277dPytc), [1;32mwas_reserved[0m[32m: true[0m
    [2;3mat[0m crates/core/src/ring/mod.rs:219
    [2;3min[0m freenet::operations::connect::[1mjoin_ring_request[0m [2;3mwith[0m [1mpeer[0m: v6MWKgqJ277dPytc

  [2m2025-06-01T02:36:29.468811Z[0m [34mDEBUG[0m [1;34mfreenet::ring::connection_manager[0m[34m: [34mAdding connection, [1;34mpeer[0m[34m: v6MWKgqHy7paw2it[0m
    [2;3mat[0m crates/core/src/ring/connection_manager.rs:253
    [2;3min[0m freenet::operations::connect::[1mjoin_ring_request[0m [2;3mwith[0m [1mpeer[0m: v6MWKgqJ277dPytc

  [2m2025-06-01T02:36:29.468840Z[0m [34mDEBUG[0m [1;34mfreenet::ring::connection_manager[0m[34m: [34mDecremented reserved connections, [1;34mold[0m[34m: 1[0m
    [2;3mat[0m crates/core/src/ring/connection_manager.rs:261
    [2;3min[0m freenet::operations::connect::[1mjoin_ring_request[0m [2;3mwith[0m [1mpeer[0m: v6MWKgqJ277dPytc

  [2m2025-06-01T02:36:29.468915Z[0m [34mDEBUG[0m [1;34mfreenet::operations::connect[0m[34m: [34mSending connection request to gateway, [1;34mtx[0m[34m: 01JWMNHQJ2AZBD8EN96492ZZ80, [1;34mgateway[0m[34m: v6MWKgqHy7paw2it (@ 0.04549383835533005), [1;34mjoiner[0m[34m: v6MWKgqJ277dPytc[0m
    [2;3mat[0m crates/core/src/operations/connect.rs:899
    [2;3min[0m freenet::operations::connect::[1mjoin_ring_request[0m [2;3mwith[0m [1mpeer[0m: v6MWKgqJ277dPytc

  [2m2025-06-01T02:36:29.469020Z[0m [34mDEBUG[0m [1;34mfreenet::operations::connect[0m[34m: [34mNot connected to any gateway yet, waiting 1s before retry[0m
    [2;3mat[0m crates/core/src/operations/connect.rs:765

  [2m2025-06-01T02:36:29.484437Z[0m [32m INFO[0m [1;32mfreenet::node::p2p_impl[0m[32m: [32mAggressive connection phase complete. Final connections: 0/2[0m
    [2;3mat[0m crates/core/src/node/p2p_impl.rs:88
    [2;3min[0m test_small_network_get_issue::[1mnode1[0m

  [2m2025-06-01T02:36:29.484575Z[0m [32m INFO[0m [1;32mfreenet::node::network_bridge::p2p_protoc[0m[32m: [32mOpening network listener, [1;32mself.listening_port[0m[32m: 43237, [1;32mself.listening_ip[0m[32m: 127.0.0.1, [1;32mself.is_gateway[0m[32m: false, [1;32mkey[0m[32m: v6MWKgqHKGmP3ebi[0m
    [2;3mat[0m crates/core/src/node/network_bridge/p2p_protoc.rs:173
    [2;3min[0m freenet::node::network_bridge::p2p_protoc::[1mnetwork_event_listener[0m [2;3mwith[0m [1mpeer[0m: v6MWKgqHKGmP3ebi
    [2;3min[0m test_small_network_get_issue::[1mnode1[0m

  [2m2025-06-01T02:36:29.484801Z[0m [32m INFO[0m [1;32mfreenet::transport::rate_limiter[0m[32m: [32mRate limiter task started[0m
    [2;3mat[0m crates/core/src/transport/rate_limiter.rs:42

  [2m2025-06-01T02:36:29.484809Z[0m [32m INFO[0m [1;32mfreenet::node::network_bridge::p2p_protoc[0m[32m: [32mConnecting to peer, [1;32mtx[0m[32m: 01JWMNHQMNSFCA1X1QYFJ1YV80, [1;32mremote[0m[32m: v6MWKgqHy7paw2it[0m
    [2;3mat[0m crates/core/src/node/network_bridge/p2p_protoc.rs:477
    [2;3min[0m freenet::node::network_bridge::p2p_protoc::[1mnetwork_event_listener[0m [2;3mwith[0m [1mpeer[0m: v6MWKgqHKGmP3ebi
    [2;3min[0m test_small_network_get_issue::[1mnode1[0m

  [2m2025-06-01T02:36:29.484879Z[0m [34mDEBUG[0m [1;34mfreenet::node::network_bridge::p2p_protoc[0m[34m: [34mSuccessfully initiated connection process for peer: v6MWKgqHy7paw2it, [1;34mtx[0m[34m: 01JWMNHQMNSFCA1X1QYFJ1YV80[0m
    [2;3mat[0m crates/core/src/node/network_bridge/p2p_protoc.rs:501
    [2;3min[0m freenet::node::network_bridge::p2p_protoc::[1mnetwork_event_listener[0m [2;3mwith[0m [1mpeer[0m: v6MWKgqHKGmP3ebi
    [2;3min[0m test_small_network_get_issue::[1mnode1[0m

  [2m2025-06-01T02:36:29.484959Z[0m [34mDEBUG[0m [1;34mfreenet::node::network_bridge::handshake[0m[34m: [34mStarting outbound connection to 127.0.0.1:33977[0m
    [2;3mat[0m crates/core/src/node/network_bridge/handshake.rs:715
    [2;3min[0m freenet::node::network_bridge::handshake::[1mwait_for_events[0m
    [2;3min[0m freenet::node::network_bridge::p2p_protoc::[1mnetwork_event_listener[0m [2;3mwith[0m [1mpeer[0m: v6MWKgqHKGmP3ebi
    [2;3min[0m test_small_network_get_issue::[1mnode1[0m

  [2m2025-06-01T02:36:29.485041Z[0m [34mDEBUG[0m [1;34mfreenet::transport::connection_handler[0m[34m: [34mlistening for packets, [1;34mself.this_addr[0m[34m: 127.0.0.1:43237[0m
    [2;3mat[0m crates/core/src/transport/connection_handler.rs:257
    [2;3min[0m freenet::transport::connection_handler::[1mtransport_listener[0m [2;3mwith[0m [1mpeer[0m: v6MWKgqHKGmP3ebi

  [2m2025-06-01T02:36:29.485112Z[0m [34mDEBUG[0m [1;34mfreenet::transport::connection_handler[0m[34m: [34mreceived connection event, [1;34mremote_addr[0m[34m: 127.0.0.1:33977[0m
    [2;3mat[0m crates/core/src/transport/connection_handler.rs:455
    [2;3min[0m freenet::transport::connection_handler::[1mtransport_listener[0m [2;3mwith[0m [1mpeer[0m: v6MWKgqHKGmP3ebi

  [2m2025-06-01T02:36:29.485130Z[0m [34mDEBUG[0m [1;34mfreenet::transport::connection_handler[0m[34m: [34mattempting to establish connection, [1;34mremote_addr[0m[34m: 127.0.0.1:33977[0m
    [2;3mat[0m crates/core/src/transport/connection_handler.rs:460
    [2;3min[0m freenet::transport::connection_handler::[1mtransport_listener[0m [2;3mwith[0m [1mpeer[0m: v6MWKgqHKGmP3ebi

  [2m2025-06-01T02:36:29.485144Z[0m [34mDEBUG[0m [1;34mfreenet::transport::connection_handler[0m[34m: [34mStarting NAT traversal, [1;34mremote_addr[0m[34m: 127.0.0.1:33977[0m
    [2;3mat[0m crates/core/src/transport/connection_handler.rs:597
    [2;3min[0m freenet::transport::connection_handler::[1mtransport_listener[0m [2;3mwith[0m [1mpeer[0m: v6MWKgqHKGmP3ebi

  [2m2025-06-01T02:36:29.485938Z[0m [34mDEBUG[0m [1;34mfreenet::transport::connection_handler[0m[34m: [34msending protocol version and inbound key, [1;34mremote_addr[0m[34m: 127.0.0.1:33977[0m
    [2;3mat[0m crates/core/src/transport/connection_handler.rs:690
    [2;3min[0m freenet::transport::connection_handler::[1mtraverse_nat[0m
    [2;3min[0m freenet::transport::connection_handler::[1mtransport_listener[0m [2;3mwith[0m [1mpeer[0m: v6MWKgqHKGmP3ebi

  [2m2025-06-01T02:36:29.489747Z[0m [34mDEBUG[0m [1;34mfreenet::transport::connection_handler[0m[34m: [34mSending outbound ack packet: [2, 40, 172, 21, 45, 190, 94, 4, 120, 195, 125, 92, 149, 114, 157, 226, 17, 174, 64, 253, 127, 115, 11, 108, 232, 136, 41, 58, 206, 95, 153, 152, 221, 119, 3, 74, 128, 70, 15, 119, 155, 150, 11, 41, 199, 131, 67, 187, 124, 87, 242, 41, 171, 246, 255, 146, 169, 15, 121, 156, 67, 90, 49, 11, 60, 232, 254, 141, 121, 92, 100, 30, 150, 164], [1;34mremote_addr[0m[34m: 127.0.0.1:43237[0m
    [2;3mat[0m crates/core/src/transport/connection_handler.rs:533
    [2;3min[0m freenet::transport::connection_handler::[1mgateway_connection[0m
    [2;3min[0m freenet::transport::connection_handler::[1mtransport_listener[0m [2;3mwith[0m [1mpeer[0m: v6MWKgqHy7paw2it

  [2m2025-06-01T02:36:29.490054Z[0m [34mDEBUG[0m [1;34mfreenet::transport::connection_handler[0m[34m: [34mreceived packet after sending it, [1;34mremote_addr[0m[34m: 127.0.0.1:33977[0m
    [2;3mat[0m crates/core/src/transport/connection_handler.rs:716
    [2;3min[0m freenet::transport::connection_handler::[1mtraverse_nat[0m
    [2;3min[0m freenet::transport::connection_handler::[1mtransport_listener[0m [2;3mwith[0m [1mpeer[0m: v6MWKgqHKGmP3ebi

  [2m2025-06-01T02:36:29.490081Z[0m [34mDEBUG[0m [1;34mfreenet::transport::connection_handler[0m[34m: [34mreceived packet from remote: [2, 40, 172, 21, 45, 190, 94, 4, 120, 195, 125, 92, 149, 114, 157, 226, 17, 174, 64, 253, 127, 115, 11, 108, 232, 136, 41, 58, 206, 95, 153, 152, 221, 119, 3, 74, 128, 70, 15, 119, 155, 150, 11, 41, 199, 131, 67, 187, 124, 87, 242, 41, 171, 246, 255, 146, 169, 15, 121, 156, 67, 90, 49, 11, 60, 232, 254, 141, 121, 92, 100, 30, 150, 164], [1;34mremote_addr[0m[34m: 127.0.0.1:33977[0m
    [2;3mat[0m crates/core/src/transport/connection_handler.rs:721
    [2;3min[0m freenet::transport::connection_handler::[1mtraverse_nat[0m
    [2;3min[0m freenet::transport::connection_handler::[1mtransport_listener[0m [2;3mwith[0m [1mpeer[0m: v6MWKgqHKGmP3ebi

  [2m2025-06-01T02:36:29.490176Z[0m [34mDEBUG[0m [1;34mfreenet::transport::connection_handler[0m[34m: [34mSending back ack connection: [124, 44, 221, 204, 99, 69, 97, 80, 159, 203, 181, 80, 240, 152, 80, 130], [1;34mremote_addr[0m[34m: 127.0.0.1:33977[0m
    [2;3mat[0m crates/core/src/transport/connection_handler.rs:752
    [2;3min[0m freenet::transport::connection_handler::[1mtraverse_nat[0m
    [2;3min[0m freenet::transport::connection_handler::[1mtransport_listener[0m [2;3mwith[0m [1mpeer[0m: v6MWKgqHKGmP3ebi

  [2m2025-06-01T02:36:29.490284Z[0m [34mDEBUG[0m [1;34mfreenet::transport::connection_handler[0m[34m: [34mconnection established, [1;34mremote_addr[0m[34m: 127.0.0.1:33977[0m
    [2;3mat[0m crates/core/src/transport/connection_handler.rs:767
    [2;3min[0m freenet::transport::connection_handler::[1mtraverse_nat[0m
    [2;3min[0m freenet::transport::connection_handler::[1mtransport_listener[0m [2;3mwith[0m [1mpeer[0m: v6MWKgqHKGmP3ebi

  [2m2025-06-01T02:36:29.490377Z[0m [34mDEBUG[0m [1;34mfreenet::transport::connection_handler[0m[34m: [34mconnection established, [1;34mremote_addr[0m[34m: 127.0.0.1:33977[0m
    [2;3mat[0m crates/core/src/transport/connection_handler.rs:432
    [2;3min[0m freenet::transport::connection_handler::[1mtransport_listener[0m [2;3mwith[0m [1mpeer[0m: v6MWKgqHKGmP3ebi

  [2m2025-06-01T02:36:29.490501Z[0m [34mDEBUG[0m [1;34mfreenet::transport::connection_handler[0m[34m: [34mreturning connection at gw[0m
    [2;3mat[0m crates/core/src/transport/connection_handler.rs:582
    [2;3min[0m freenet::transport::connection_handler::[1mgateway_connection[0m
    [2;3min[0m freenet::transport::connection_handler::[1mtransport_listener[0m [2;3mwith[0m [1mpeer[0m: v6MWKgqHy7paw2it

  [2m2025-06-01T02:36:29.490541Z[0m [34mDEBUG[0m [1;34mfreenet::node::network_bridge::handshake[0m[34m: [34mestablished outbound gw connection, [1;34mremote[0m[34m: v6MWKgqHy7paw2it[0m
    [2;3mat[0m crates/core/src/node/network_bridge/handshake.rs:722
    [2;3min[0m freenet::node::network_bridge::handshake::[1mwait_for_events[0m
    [2;3min[0m freenet::node::network_bridge::p2p_protoc::[1mnetwork_event_listener[0m [2;3mwith[0m [1mpeer[0m: v6MWKgqHKGmP3ebi
    [2;3min[0m test_small_network_get_issue::[1mnode1[0m

  [2m2025-06-01T02:36:29.490598Z[0m [32m INFO[0m [1;32mfreenet::node::network_bridge::handshake[0m[32m: [32mOutbound gateway connection successful, [1;32mat[0m[32m: Some(127.0.0.1:43237), [1;32mfrom[0m[32m: 127.0.0.1:33977[0m
    [2;3mat[0m crates/core/src/node/network_bridge/handshake.rs:275
    [2;3min[0m freenet::node::network_bridge::handshake::[1mwait_for_events[0m
    [2;3min[0m freenet::node::network_bridge::p2p_protoc::[1mnetwork_event_listener[0m [2;3mwith[0m [1mpeer[0m: v6MWKgqHKGmP3ebi
    [2;3min[0m test_small_network_get_issue::[1mnode1[0m

  [2m2025-06-01T02:36:29.490617Z[0m [34mDEBUG[0m [1;34mfreenet::node::network_bridge::handshake[0m[34m: [34mAttempting setting own peer key, [1;34maddr[0m[34m: 127.0.0.1:43237[0m
    [2;3mat[0m crates/core/src/node/network_bridge/handshake.rs:277
    [2;3min[0m freenet::node::network_bridge::handshake::[1mwait_for_events[0m
    [2;3min[0m freenet::node::network_bridge::p2p_protoc::[1mnetwork_event_listener[0m [2;3mwith[0m [1mpeer[0m: v6MWKgqHKGmP3ebi
    [2;3min[0m test_small_network_get_issue::[1mnode1[0m

  [2m2025-06-01T02:36:29.490638Z[0m [34mDEBUG[0m [1;34mfreenet::node::network_bridge::handshake[0m[34m: [34mOutbound connection to gw successful, [1;34mat[0m[34m: Some(127.0.0.1:43237), [1;34mfrom[0m[34m: 127.0.0.1:33977[0m
    [2;3mat[0m crates/core/src/node/network_bridge/handshake.rs:284
    [2;3min[0m freenet::node::network_bridge::handshake::[1mwait_for_events[0m
    [2;3min[0m freenet::node::network_bridge::p2p_protoc::[1mnetwork_event_listener[0m [2;3mwith[0m [1mpeer[0m: v6MWKgqHKGmP3ebi
    [2;3min[0m test_small_network_get_issue::[1mnode1[0m

  [2m2025-06-01T02:36:29.490665Z[0m [34mDEBUG[0m [1;34mfreenet::node::network_bridge::handshake[0m[34m: [34mWaiting for confirmation from gw, [1;34mat[0m[34m: Some(127.0.0.1:43237), [1;34mthis_peer.addr[0m[34m: 127.0.0.1:43237, [1;34mfrom[0m[34m: 127.0.0.1:33977, [1;34mremote_addr[0m[34m: v6MWKgqHy7paw2it[0m
    [2;3mat[0m crates/core/src/node/network_bridge/handshake.rs:750
    [2;3min[0m freenet::node::network_bridge::handshake::[1mwait_for_events[0m
    [2;3min[0m freenet::node::network_bridge::p2p_protoc::[1mnetwork_event_listener[0m [2;3mwith[0m [1mpeer[0m: v6MWKgqHKGmP3ebi
    [2;3min[0m test_small_network_get_issue::[1mnode1[0m

  [2m2025-06-01T02:36:29.490795Z[0m [34mDEBUG[0m [1;34mfreenet::node::network_bridge::handshake[0m[34m: [34mSending initial connection message to gw, [1;34mat[0m[34m: Some(127.0.0.1:43237), [1;34mfrom[0m[34m: 127.0.0.1:33977, [1;34mmsg[0m[34m: V1(Connect(Request { id: 01JWMNHQMNSFCA1X1QYFJ1YV80, target: v6MWKgqHy7paw2it, msg: StartJoinReq { joiner: Some(v6MWKgqHKGmP3ebi), joiner_key: v6MWKgqHKGmP3ebi, joiner_location: Some(Location(0.679579877024837)), hops_to_live: 10, max_hops_to_live: 10, skip_connections: {v6MWKgqHKGmP3ebi}, skip_forwards: {v6MWKgqHKGmP3ebi} } }))[0m
    [2;3mat[0m crates/core/src/node/network_bridge/handshake.rs:866
    [2;3min[0m freenet::node::network_bridge::handshake::[1mwait_for_events[0m
    [2;3min[0m freenet::node::network_bridge::p2p_protoc::[1mnetwork_event_listener[0m [2;3mwith[0m [1mpeer[0m: v6MWKgqHKGmP3ebi
    [2;3min[0m test_small_network_get_issue::[1mnode1[0m

  [2m2025-06-01T02:36:29.490971Z[0m [34mDEBUG[0m [1;34mfreenet::node::network_bridge::handshake[0m[34m: [34mNew inbound connection, [1;34mfrom[0m[34m: 127.0.0.1:43237[0m
    [2;3mat[0m crates/core/src/node/network_bridge/handshake.rs:264
    [2;3min[0m freenet::node::network_bridge::handshake::[1mwait_for_events[0m
    [2;3min[0m freenet::node::network_bridge::p2p_protoc::[1mnetwork_event_listener[0m [2;3mwith[0m [1mpeer[0m: v6MWKgqHy7paw2it
    [2;3min[0m test_small_network_get_issue::[1mgateway[0m

  [2m2025-06-01T02:36:29.491371Z[0m [34mDEBUG[0m [1;34mfreenet::node::network_bridge::handshake[0m[34m: [34mWaiting for answer from gw, [1;34mat[0m[34m: Some(127.0.0.1:43237), [1;34mfrom[0m[34m: 127.0.0.1:33977[0m
    [2;3mat[0m crates/core/src/node/network_bridge/handshake.rs:877
    [2;3min[0m freenet::node::network_bridge::handshake::[1mwait_for_events[0m
    [2;3min[0m freenet::node::network_bridge::p2p_protoc::[1mnetwork_event_listener[0m [2;3mwith[0m [1mpeer[0m: v6MWKgqHKGmP3ebi
    [2;3min[0m test_small_network_get_issue::[1mnode1[0m

  [2m2025-06-01T02:36:29.491414Z[0m [34mDEBUG[0m [1;34mfreenet::node::network_bridge::handshake[0m[34m: [34mChecking for remaining hops, left: 10, [1;34mat[0m[34m: Some(127.0.0.1:43237), [1;34mfrom[0m[34m: 127.0.0.1:33977[0m
    [2;3mat[0m crates/core/src/node/network_bridge/handshake.rs:903
    [2;3min[0m freenet::node::network_bridge::handshake::[1mwait_for_events[0m
    [2;3min[0m freenet::node::network_bridge::p2p_protoc::[1mnetwork_event_listener[0m [2;3mwith[0m [1mpeer[0m: v6MWKgqHKGmP3ebi
    [2;3min[0m test_small_network_get_issue::[1mnode1[0m

  [2m2025-06-01T02:36:29.491417Z[0m [34mDEBUG[0m [1;34mfreenet::transport::peer_connection::outbound_stream[0m[34m: [34msending stream, [1;34mstream_id[0m[34m: 1, [1;34mlength[0m[34m: 1513[0m
    [2;3mat[0m crates/core/src/transport/peer_connection/outbound_stream.rs:41
    [2;3min[0m freenet::transport::peer_connection::[1moutbound_stream[0m
    [2;3min[0m freenet::transport::peer_connection::[1mpeer_connection[0m
    [2;3min[0m freenet::node::network_bridge::handshake::[1mwait_for_events[0m
    [2;3min[0m freenet::node::network_bridge::p2p_protoc::[1mnetwork_event_listener[0m [2;3mwith[0m [1mpeer[0m: v6MWKgqHKGmP3ebi
    [2;3min[0m test_small_network_get_issue::[1mnode1[0m

  [2m2025-06-01T02:36:29.493758Z[0m [34mDEBUG[0m [1;34mfreenet::node::network_bridge::handshake[0m[34m: [34mReceived message from peer, [1;34mat[0m[34m: None, [1;34mfrom[0m[34m: 127.0.0.1:43237, [1;34mnet_message[0m[34m: Message {StartRequest(id: 01JWMNHQMNSFCA1X1QYFJ1YV80, target: v6MWKgqHy7paw2it)}[0m
    [2;3mat[0m crates/core/src/node/network_bridge/handshake.rs:1003
    [2;3min[0m freenet::node::network_bridge::handshake::[1mwait_for_events[0m
    [2;3min[0m freenet::node::network_bridge::p2p_protoc::[1mnetwork_event_listener[0m [2;3mwith[0m [1mpeer[0m: v6MWKgqHy7paw2it
    [2;3min[0m test_small_network_get_issue::[1mgateway[0m

  [2m2025-06-01T02:36:29.493830Z[0m [34mDEBUG[0m [1;34mfreenet::ring::connection_manager[0m[34m: [34mChecking if should accept connection[0m
    [2;3mat[0m crates/core/src/ring/connection_manager.rs:143
    [2;3min[0m freenet::node::network_bridge::handshake::[1mwait_for_events[0m
    [2;3min[0m freenet::node::network_bridge::p2p_protoc::[1mnetwork_event_listener[0m [2;3mwith[0m [1mpeer[0m: v6MWKgqHy7paw2it
    [2;3min[0m test_small_network_get_issue::[1mgateway[0m

  [2m2025-06-01T02:36:29.493854Z[0m [34mDEBUG[0m [1;34mfreenet::topology[0m[34m: [34mEvaluating new connection for candidate location: Location(0.679579877024837)[0m
    [2;3mat[0m crates/core/src/topology/mod.rs:114
    [2;3min[0m freenet::node::network_bridge::handshake::[1mwait_for_events[0m
    [2;3min[0m freenet::node::network_bridge::p2p_protoc::[1mnetwork_event_listener[0m [2;3mwith[0m [1mpeer[0m: v6MWKgqHy7paw2it
    [2;3min[0m test_small_network_get_issue::[1mgateway[0m

  [2m2025-06-01T02:36:29.493871Z[0m [34mDEBUG[0m [1;34mfreenet::ring::connection_manager[0m[34m: [34mAccepted connection, topology manager, [1;34mpeer_id[0m[34m: v6MWKgqHKGmP3ebi[0m
    [2;3mat[0m crates/core/src/ring/connection_manager.rs:179
    [2;3min[0m freenet::node::network_bridge::handshake::[1mwait_for_events[0m
    [2;3min[0m freenet::node::network_bridge::p2p_protoc::[1mnetwork_event_listener[0m [2;3mwith[0m [1mpeer[0m: v6MWKgqHy7paw2it
    [2;3min[0m test_small_network_get_issue::[1mgateway[0m

  [2m2025-06-01T02:36:29.493897Z[0m [34mDEBUG[0m [1;34mfreenet::ring::connection_manager[0m[34m: [34mAccepted connection, reserving spot, [1;34mpeer_id[0m[34m: v6MWKgqHKGmP3ebi[0m
    [2;3mat[0m crates/core/src/ring/connection_manager.rs:189
    [2;3min[0m freenet::node::network_bridge::handshake::[1mwait_for_events[0m
    [2;3min[0m freenet::node::network_bridge::p2p_protoc::[1mnetwork_event_listener[0m [2;3mwith[0m [1mpeer[0m: v6MWKgqHy7paw2it
    [2;3min[0m test_small_network_get_issue::[1mgateway[0m

  [2m2025-06-01T02:36:29.493931Z[0m [34mDEBUG[0m [1;34mfreenet::node::network_bridge::handshake[0m[34m: [34mAccepting connection, [1;34mat[0m[34m: None, [1;34mfrom[0m[34m: 127.0.0.1:43237[0m
    [2;3mat[0m crates/core/src/node/network_bridge/handshake.rs:376
    [2;3min[0m freenet::node::network_bridge::handshake::[1mwait_for_events[0m
    [2;3min[0m freenet::node::network_bridge::p2p_protoc::[1mnetwork_event_listener[0m [2;3mwith[0m [1mpeer[0m: v6MWKgqHy7paw2it
    [2;3min[0m test_small_network_get_issue::[1mgateway[0m

  [2m2025-06-01T02:36:29.495083Z[0m [34mDEBUG[0m [1;34mfreenet::operations::connect[0m[34m: [34mRandomly selecting peer to forward connect request, [1;34mtx[0m[34m: 01JWMNHQMNSFCA1X1QYFJ1YV80, [1;34mjoiner[0m[34m: v6MWKgqHKGmP3ebi[0m
    [2;3mat[0m crates/core/src/operations/connect.rs:1021
    [2;3min[0m freenet::node::network_bridge::handshake::[1mwait_for_events[0m
    [2;3min[0m freenet::node::network_bridge::p2p_protoc::[1mnetwork_event_listener[0m [2;3mwith[0m [1mpeer[0m: v6MWKgqHy7paw2it
    [2;3min[0m test_small_network_get_issue::[1mgateway[0m

  [2m2025-06-01T02:36:29.495152Z[0m [34mDEBUG[0m [1;34mnetwork[0m[34m: [34mForwarding connection request to v6MWKgqJ277dPytc (@ 0.8986025731098363)[0m
    [2;3mat[0m crates/core/src/operations/connect.rs:1003
    [2;3min[0m freenet::node::network_bridge::handshake::[1mwait_for_events[0m
    [2;3min[0m freenet::node::network_bridge::p2p_protoc::[1mnetwork_event_listener[0m [2;3mwith[0m [1mpeer[0m: v6MWKgqHy7paw2it
    [2;3min[0m test_small_network_get_issue::[1mgateway[0m

  [2m2025-06-01T02:36:29.495242Z[0m [32m INFO[0m [1;32mfreenet::ring[0m[32m: [32mAdding connection to peer, [1;32mpeer[0m[32m: v6MWKgqHKGmP3ebi, [1;32mthis[0m[32m: Some(v6MWKgqHy7paw2it), [1;32mwas_reserved[0m[32m: false[0m
    [2;3mat[0m crates/core/src/ring/mod.rs:219
    [2;3min[0m freenet::node::network_bridge::p2p_protoc::[1mnetwork_event_listener[0m [2;3mwith[0m [1mpeer[0m: v6MWKgqHy7paw2it
    [2;3min[0m test_small_network_get_issue::[1mgateway[0m

  [2m2025-06-01T02:36:29.495282Z[0m [34mDEBUG[0m [1;34mfreenet::ring::connection_manager[0m[34m: [34mAdding connection, [1;34mpeer[0m[34m: v6MWKgqHKGmP3ebi[0m
    [2;3mat[0m crates/core/src/ring/connection_manager.rs:253
    [2;3min[0m freenet::node::network_bridge::p2p_protoc::[1mnetwork_event_listener[0m [2;3mwith[0m [1mpeer[0m: v6MWKgqHy7paw2it
    [2;3min[0m test_small_network_get_issue::[1mgateway[0m

  [2m2025-06-01T02:36:29.495424Z[0m [34mDEBUG[0m [1;34mfreenet::node::network_bridge::p2p_protoc[0m[34m: [34mForwarding message to peer, [1;34mforward_to[0m[34m: v6MWKgqJ277dPytc, [1;34mmsg[0m[34m: Message {CheckConnectivity(id: 01JWMNHQMNSFCA1X1QYFJ1YV80, target: v6MWKgqJ277dPytc (@ 0.8986025731098363), sender: v6MWKgqHy7paw2it (@ 0.3750290212744264), joiner: v6MWKgqHKGmP3ebi (@ 0.679579877024837))}[0m
    [2;3mat[0m crates/core/src/node/network_bridge/p2p_protoc.rs:645
    [2;3min[0m freenet::node::network_bridge::p2p_protoc::[1mnetwork_event_listener[0m [2;3mwith[0m [1mpeer[0m: v6MWKgqHy7paw2it
    [2;3min[0m test_small_network_get_issue::[1mgateway[0m

  [2m2025-06-01T02:36:29.495591Z[0m [34mDEBUG[0m [1;34mfreenet::node::network_bridge::p2p_protoc[0m[34m: [34mSending message to peer. Msg: Message {CheckConnectivity(id: 01JWMNHQMNSFCA1X1QYFJ1YV80, target: v6MWKgqJ277dPytc (@ 0.8986025731098363), sender: v6MWKgqHy7paw2it (@ 0.3750290212744264), joiner: v6MWKgqHKGmP3ebi (@ 0.679579877024837))}, [1;34mto[0m[34m: 127.0.0.1:48752[0m
    [2;3mat[0m crates/core/src/node/network_bridge/p2p_protoc.rs:934
    [2;3min[0m freenet::node::network_bridge::p2p_protoc::[1mnetwork_event_listener[0m [2;3mwith[0m [1mpeer[0m: v6MWKgqHy7paw2it
    [2;3min[0m test_small_network_get_issue::[1mgateway[0m

  [2m2025-06-01T02:36:29.496517Z[0m [34mDEBUG[0m [1;34mfreenet::node::network_bridge::handshake[0m[34m: [34mReceived answer from gw, [1;34mat[0m[34m: Some(127.0.0.1:43237), [1;34mfrom[0m[34m: 127.0.0.1:33977, [1;34maccepted[0m[34m: true[0m
    [2;3mat[0m crates/core/src/node/network_bridge/handshake.rs:941
    [2;3min[0m freenet::node::network_bridge::handshake::[1mwait_for_events[0m
    [2;3min[0m freenet::node::network_bridge::p2p_protoc::[1mnetwork_event_listener[0m [2;3mwith[0m [1mpeer[0m: v6MWKgqHKGmP3ebi
    [2;3min[0m test_small_network_get_issue::[1mnode1[0m

  [2m2025-06-01T02:36:29.496559Z[0m [34mDEBUG[0m [1;34mfreenet::node::network_bridge::handshake[0m[34m: [34mOutbound connection to gw confirmed, [1;34mat[0m[34m: Some(127.0.0.1:43237), [1;34mfrom[0m[34m: 127.0.0.1:33977[0m
    [2;3mat[0m crates/core/src/node/network_bridge/handshake.rs:295
    [2;3min[0m freenet::node::network_bridge::handshake::[1mwait_for_events[0m
    [2;3min[0m freenet::node::network_bridge::p2p_protoc::[1mnetwork_event_listener[0m [2;3mwith[0m [1mpeer[0m: v6MWKgqHKGmP3ebi
    [2;3min[0m test_small_network_get_issue::[1mnode1[0m

  [2m2025-06-01T02:36:29.496701Z[0m [32m INFO[0m [1;32mfreenet::ring[0m[32m: [32mAdding connection to peer, [1;32mpeer[0m[32m: v6MWKgqHy7paw2it, [1;32mthis[0m[32m: Some(v6MWKgqHKGmP3ebi), [1;32mwas_reserved[0m[32m: true[0m
    [2;3mat[0m crates/core/src/ring/mod.rs:219
    [2;3min[0m freenet::operations::connect::[1mjoin_ring_request[0m [2;3mwith[0m [1mpeer[0m: v6MWKgqHKGmP3ebi

  [2m2025-06-01T02:36:29.496764Z[0m [34mDEBUG[0m [1;34mfreenet::ring::connection_manager[0m[34m: [34mAdding connection, [1;34mpeer[0m[34m: v6MWKgqHy7paw2it[0m
    [2;3mat[0m crates/core/src/ring/connection_manager.rs:253
    [2;3min[0m freenet::operations::connect::[1mjoin_ring_request[0m [2;3mwith[0m [1mpeer[0m: v6MWKgqHKGmP3ebi

  [2m2025-06-01T02:36:29.496802Z[0m [34mDEBUG[0m [1;34mfreenet::ring::connection_manager[0m[34m: [34mDecremented reserved connections, [1;34mold[0m[34m: 1[0m
    [2;3mat[0m crates/core/src/ring/connection_manager.rs:261
    [2;3min[0m freenet::operations::connect::[1mjoin_ring_request[0m [2;3mwith[0m [1mpeer[0m: v6MWKgqHKGmP3ebi

  [2m2025-06-01T02:36:29.496871Z[0m [34mDEBUG[0m [1;34mfreenet::transport::peer_connection::outbound_stream[0m[34m: [34msending stream, [1;34mstream_id[0m[34m: 2, [1;34mlength[0m[34m: 2111[0m
    [2;3mat[0m crates/core/src/transport/peer_connection/outbound_stream.rs:41
    [2;3min[0m freenet::transport::peer_connection::[1moutbound_stream[0m
    [2;3min[0m freenet::transport::peer_connection::[1mpeer_connection[0m
    [2;3min[0m freenet::node::network_bridge::p2p_protoc::[1mnetwork_event_listener[0m [2;3mwith[0m [1mpeer[0m: v6MWKgqHy7paw2it
    [2;3min[0m test_small_network_get_issue::[1mgateway[0m

  [2m2025-06-01T02:36:29.496883Z[0m [34mDEBUG[0m [1;34mfreenet::operations::connect[0m[34m: [34mSending connection request to gateway, [1;34mtx[0m[34m: 01JWMNHQMNSFCA1X1QYFJ1YV80, [1;34mgateway[0m[34m: v6MWKgqHy7paw2it (@ 0.04549383835533005), [1;34mjoiner[0m[34m: v6MWKgqHKGmP3ebi[0m
    [2;3mat[0m crates/core/src/operations/connect.rs:899
    [2;3min[0m freenet::operations::connect::[1mjoin_ring_request[0m [2;3mwith[0m [1mpeer[0m: v6MWKgqHKGmP3ebi

  [2m2025-06-01T02:36:29.496977Z[0m [34mDEBUG[0m [1;34mfreenet::operations::connect[0m[34m: [34mNot connected to any gateway yet, waiting 1s before retry[0m
    [2;3mat[0m crates/core/src/operations/connect.rs:765

  [2m2025-06-01T02:36:29.499847Z[0m [34mDEBUG[0m [1;34mfreenet::node::network_bridge::p2p_protoc[0m[34m: [34mReceived message from peer. Msg: Message {CheckConnectivity(id: 01JWMNHQMNSFCA1X1QYFJ1YV80, target: v6MWKgqJ277dPytc (@ 0.8986025731098363), sender: v6MWKgqHy7paw2it (@ 0.3750290212744264), joiner: v6MWKgqHKGmP3ebi (@ 0.679579877024837))}, [1;34mfrom[0m[34m: 127.0.0.1:33977[0m
    [2;3mat[0m crates/core/src/node/network_bridge/p2p_protoc.rs:961
    [2;3min[0m freenet::node::network_bridge::p2p_protoc::[1mnetwork_event_listener[0m [2;3mwith[0m [1mpeer[0m: v6MWKgqJ277dPytc
    [2;3min[0m test_small_network_get_issue::[1mnode2[0m

  [2m2025-06-01T02:36:29.500039Z[0m [34mDEBUG[0m [1;34mfreenet::node[0m[34m: [34mProcessing operation, iteration: 0, [1;34mtx[0m[34m: Some(01JWMNHQMNSFCA1X1QYFJ1YV80)[0m
    [2;3mat[0m crates/core/src/node/mod.rs:546
    [2;3min[0m freenet::node::network_bridge::p2p_protoc::[1mprocess_network_message[0m [2;3mwith[0m [1mtransaction[0m: 01JWMNHQMNSFCA1X1QYFJ1YV80, [1mtx_type[0m: connect
    [2;3min[0m freenet::node::network_bridge::p2p_protoc::[1mnetwork_event_listener[0m [2;3mwith[0m [1mpeer[0m: v6MWKgqJ277dPytc
    [2;3min[0m test_small_network_get_issue::[1mnode2[0m

  [2m2025-06-01T02:36:29.500184Z[0m [34mDEBUG[0m [1;34mfreenet::operations::connect[0m[34m: [34mChecking connectivity request received, [1;34mtx[0m[34m: 01JWMNHQMNSFCA1X1QYFJ1YV80, [1;34mat[0m[34m: v6MWKgqJ277dPytc, [1;34mhops_to_live[0m[34m: 9, [1;34mjoiner[0m[34m: v6MWKgqHKGmP3ebi (@ 0.679579877024837)[0m
    [2;3mat[0m crates/core/src/operations/connect.rs:286
    [2;3min[0m freenet::node::[1mhandle_connect_op_request[0m [2;3mwith[0m [1mtransaction[0m: 01JWMNHQMNSFCA1X1QYFJ1YV80, [1mtx_type[0m: connect
    [2;3min[0m freenet::node::network_bridge::p2p_protoc::[1mprocess_network_message[0m [2;3mwith[0m [1mtransaction[0m: 01JWMNHQMNSFCA1X1QYFJ1YV80, [1mtx_type[0m: connect
    [2;3min[0m freenet::node::network_bridge::p2p_protoc::[1mnetwork_event_listener[0m [2;3mwith[0m [1mpeer[0m: v6MWKgqJ277dPytc
    [2;3min[0m test_small_network_get_issue::[1mnode2[0m

  [2m2025-06-01T02:36:29.500246Z[0m [34mDEBUG[0m [1;34mfreenet::ring::connection_manager[0m[34m: [34mChecking if should accept connection[0m
    [2;3mat[0m crates/core/src/ring/connection_manager.rs:143
    [2;3min[0m freenet::node::[1mhandle_connect_op_request[0m [2;3mwith[0m [1mtransaction[0m: 01JWMNHQMNSFCA1X1QYFJ1YV80, [1mtx_type[0m: connect
    [2;3min[0m freenet::node::network_bridge::p2p_protoc::[1mprocess_network_message[0m [2;3mwith[0m [1mtransaction[0m: 01JWMNHQMNSFCA1X1QYFJ1YV80, [1mtx_type[0m: connect
    [2;3min[0m freenet::node::network_bridge::p2p_protoc::[1mnetwork_event_listener[0m [2;3mwith[0m [1mpeer[0m: v6MWKgqJ277dPytc
    [2;3min[0m test_small_network_get_issue::[1mnode2[0m

  [2m2025-06-01T02:36:29.500271Z[0m [34mDEBUG[0m [1;34mfreenet::ring::connection_manager[0m[34m: [34mAccepted connection, below min connections, [1;34mpeer_id[0m[34m: v6MWKgqHKGmP3ebi[0m
    [2;3mat[0m crates/core/src/ring/connection_manager.rs:166
    [2;3min[0m freenet::node::[1mhandle_connect_op_request[0m [2;3mwith[0m [1mtransaction[0m: 01JWMNHQMNSFCA1X1QYFJ1YV80, [1mtx_type[0m: connect
    [2;3min[0m freenet::node::network_bridge::p2p_protoc::[1mprocess_network_message[0m [2;3mwith[0m [1mtransaction[0m: 01JWMNHQMNSFCA1X1QYFJ1YV80, [1mtx_type[0m: connect
    [2;3min[0m freenet::node::network_bridge::p2p_protoc::[1mnetwork_event_listener[0m [2;3mwith[0m [1mpeer[0m: v6MWKgqJ277dPytc
    [2;3min[0m test_small_network_get_issue::[1mnode2[0m

  [2m2025-06-01T02:36:29.500297Z[0m [34mDEBUG[0m [1;34mfreenet::ring::connection_manager[0m[34m: [34mAccepted connection, reserving spot, [1;34mpeer_id[0m[34m: v6MWKgqHKGmP3ebi[0m
    [2;3mat[0m crates/core/src/ring/connection_manager.rs:189
    [2;3min[0m freenet::node::[1mhandle_connect_op_request[0m [2;3mwith[0m [1mtransaction[0m: 01JWMNHQMNSFCA1X1QYFJ1YV80, [1mtx_type[0m: connect
    [2;3min[0m freenet::node::network_bridge::p2p_protoc::[1mprocess_network_message[0m [2;3mwith[0m [1mtransaction[0m: 01JWMNHQMNSFCA1X1QYFJ1YV80, [1mtx_type[0m: connect
    [2;3min[0m freenet::node::network_bridge::p2p_protoc::[1mnetwork_event_listener[0m [2;3mwith[0m [1mpeer[0m: v6MWKgqJ277dPytc
    [2;3min[0m test_small_network_get_issue::[1mnode2[0m

  [2m2025-06-01T02:36:29.500322Z[0m [34mDEBUG[0m [1;34mfreenet::operations::connect[0m[34m: [34mAccepting connection from, [1;34mtx[0m[34m: 01JWMNHQMNSFCA1X1QYFJ1YV80, [1;34mjoiner[0m[34m: v6MWKgqHKGmP3ebi (@ 0.679579877024837)[0m
    [2;3mat[0m crates/core/src/operations/connect.rs:299
    [2;3min[0m freenet::node::[1mhandle_connect_op_request[0m [2;3mwith[0m [1mtransaction[0m: 01JWMNHQMNSFCA1X1QYFJ1YV80, [1mtx_type[0m: connect
    [2;3min[0m freenet::node::network_bridge::p2p_protoc::[1mprocess_network_message[0m [2;3mwith[0m [1mtransaction[0m: 01JWMNHQMNSFCA1X1QYFJ1YV80, [1mtx_type[0m: connect
    [2;3min[0m freenet::node::network_bridge::p2p_protoc::[1mnetwork_event_listener[0m [2;3mwith[0m [1mpeer[0m: v6MWKgqJ277dPytc
    [2;3min[0m test_small_network_get_issue::[1mnode2[0m

  [2m2025-06-01T02:36:29.500427Z[0m [32m INFO[0m [1;32mfreenet::node::network_bridge::p2p_protoc[0m[32m: [32mConnecting to peer, [1;32mtx[0m[32m: 01JWMNHQMNSFCA1X1QYFJ1YV80, [1;32mremote[0m[32m: v6MWKgqHKGmP3ebi[0m
    [2;3mat[0m crates/core/src/node/network_bridge/p2p_protoc.rs:477
    [2;3min[0m freenet::node::network_bridge::p2p_protoc::[1mnetwork_event_listener[0m [2;3mwith[0m [1mpeer[0m: v6MWKgqJ277dPytc
    [2;3min[0m test_small_network_get_issue::[1mnode2[0m

  [2m2025-06-01T02:36:29.500486Z[0m [34mDEBUG[0m [1;34mfreenet::node::network_bridge::p2p_protoc[0m[34m: [34mSuccessfully initiated connection process for peer: v6MWKgqHKGmP3ebi, [1;34mtx[0m[34m: 01JWMNHQMNSFCA1X1QYFJ1YV80[0m
    [2;3mat[0m crates/core/src/node/network_bridge/p2p_protoc.rs:501
    [2;3min[0m freenet::node::network_bridge::p2p_protoc::[1mnetwork_event_listener[0m [2;3mwith[0m [1mpeer[0m: v6MWKgqJ277dPytc
    [2;3min[0m test_small_network_get_issue::[1mnode2[0m

  [2m2025-06-01T02:36:29.500555Z[0m [34mDEBUG[0m [1;34mfreenet::node::network_bridge::handshake[0m[34m: [34mStarting outbound connection to 127.0.0.1:43237[0m
    [2;3mat[0m crates/core/src/node/network_bridge/handshake.rs:715
    [2;3min[0m freenet::node::network_bridge::handshake::[1mwait_for_events[0m
    [2;3min[0m freenet::node::network_bridge::p2p_protoc::[1mnetwork_event_listener[0m [2;3mwith[0m [1mpeer[0m: v6MWKgqJ277dPytc
    [2;3min[0m test_small_network_get_issue::[1mnode2[0m

  [2m2025-06-01T02:36:29.500623Z[0m [34mDEBUG[0m [1;34mfreenet::transport::connection_handler[0m[34m: [34mreceived connection event, [1;34mremote_addr[0m[34m: 127.0.0.1:43237[0m
    [2;3mat[0m crates/core/src/transport/connection_handler.rs:455
    [2;3min[0m freenet::transport::connection_handler::[1mtransport_listener[0m [2;3mwith[0m [1mpeer[0m: v6MWKgqJ277dPytc

  [2m2025-06-01T02:36:29.500646Z[0m [34mDEBUG[0m [1;34mfreenet::transport::connection_handler[0m[34m: [34mattempting to establish connection, [1;34mremote_addr[0m[34m: 127.0.0.1:43237[0m
    [2;3mat[0m crates/core/src/transport/connection_handler.rs:460
    [2;3min[0m freenet::transport::connection_handler::[1mtransport_listener[0m [2;3mwith[0m [1mpeer[0m: v6MWKgqJ277dPytc

  [2m2025-06-01T02:36:29.500658Z[0m [34mDEBUG[0m [1;34mfreenet::transport::connection_handler[0m[34m: [34mStarting NAT traversal, [1;34mremote_addr[0m[34m: 127.0.0.1:43237[0m
    [2;3mat[0m crates/core/src/transport/connection_handler.rs:597
    [2;3min[0m freenet::transport::connection_handler::[1mtransport_listener[0m [2;3mwith[0m [1mpeer[0m: v6MWKgqJ277dPytc

  [2m2025-06-01T02:36:29.501315Z[0m [34mDEBUG[0m [1;34mfreenet::transport::connection_handler[0m[34m: [34msending protocol version and inbound key, [1;34mremote_addr[0m[34m: 127.0.0.1:43237[0m
    [2;3mat[0m crates/core/src/transport/connection_handler.rs:690
    [2;3min[0m freenet::transport::connection_handler::[1mtraverse_nat[0m
    [2;3min[0m freenet::transport::connection_handler::[1mtransport_listener[0m [2;3mwith[0m [1mpeer[0m: v6MWKgqJ277dPytc

  [2m2025-06-01T02:36:29.501436Z[0m [34mDEBUG[0m [1;34mfreenet::transport::connection_handler[0m[34m: [34munexpected packet from non-gateway node, [1;34mremote_addr[0m[34m: 127.0.0.1:48752, [1;34msize[0m[34m: 256[0m
    [2;3mat[0m crates/core/src/transport/connection_handler.rs:359
    [2;3min[0m freenet::transport::connection_handler::[1mtransport_listener[0m [2;3mwith[0m [1mpeer[0m: v6MWKgqHKGmP3ebi

  [2m2025-06-01T02:36:29.553145Z[0m [34mDEBUG[0m [1;34mfreenet::transport::connection_handler[0m[34m: [34msending protocol version and inbound key, [1;34mremote_addr[0m[34m: 127.0.0.1:43237[0m
    [2;3mat[0m crates/core/src/transport/connection_handler.rs:690
    [2;3min[0m freenet::transport::connection_handler::[1mtraverse_nat[0m
    [2;3min[0m freenet::transport::connection_handler::[1mtransport_listener[0m [2;3mwith[0m [1mpeer[0m: v6MWKgqJ277dPytc

  [2m2025-06-01T02:36:29.553369Z[0m [34mDEBUG[0m [1;34mfreenet::transport::connection_handler[0m[34m: [34munexpected packet from non-gateway node, [1;34mremote_addr[0m[34m: 127.0.0.1:48752, [1;34msize[0m[34m: 256[0m
    [2;3mat[0m crates/core/src/transport/connection_handler.rs:359
    [2;3min[0m freenet::transport::connection_handler::[1mtransport_listener[0m [2;3mwith[0m [1mpeer[0m: v6MWKgqHKGmP3ebi

  [2m2025-06-01T02:36:29.604692Z[0m [34mDEBUG[0m [1;34mfreenet::transport::connection_handler[0m[34m: [34msending protocol version and inbound key, [1;34mremote_addr[0m[34m: 127.0.0.1:43237[0m
    [2;3mat[0m crates/core/src/transport/connection_handler.rs:690
    [2;3min[0m freenet::transport::connection_handler::[1mtraverse_nat[0m
    [2;3min[0m freenet::transport::connection_handler::[1mtransport_listener[0m [2;3mwith[0m [1mpeer[0m: v6MWKgqJ277dPytc

  [2m2025-06-01T02:36:29.604963Z[0m [34mDEBUG[0m [1;34mfreenet::transport::connection_handler[0m[34m: [34munexpected packet from non-gateway node, [1;34mremote_addr[0m[34m: 127.0.0.1:48752, [1;34msize[0m[34m: 256[0m
    [2;3mat[0m crates/core/src/transport/connection_handler.rs:359
    [2;3min[0m freenet::transport::connection_handler::[1mtransport_listener[0m [2;3mwith[0m [1mpeer[0m: v6MWKgqHKGmP3ebi

  [2m2025-06-01T02:36:29.657584Z[0m [34mDEBUG[0m [1;34mfreenet::transport::connection_handler[0m[34m: [34msending protocol version and inbound key, [1;34mremote_addr[0m[34m: 127.0.0.1:43237[0m
    [2;3mat[0m crates/core/src/transport/connection_handler.rs:690
    [2;3min[0m freenet::transport::connection_handler::[1mtraverse_nat[0m
    [2;3min[0m freenet::transport::connection_handler::[1mtransport_listener[0m [2;3mwith[0m [1mpeer[0m: v6MWKgqJ277dPytc

  [2m2025-06-01T02:36:29.657825Z[0m [34mDEBUG[0m [1;34mfreenet::transport::connection_handler[0m[34m: [34munexpected packet from non-gateway node, [1;34mremote_addr[0m[34m: 127.0.0.1:48752, [1;34msize[0m[34m: 256[0m
    [2;3mat[0m crates/core/src/transport/connection_handler.rs:359
    [2;3min[0m freenet::transport::connection_handler::[1mtransport_listener[0m [2;3mwith[0m [1mpeer[0m: v6MWKgqHKGmP3ebi

  [2m2025-06-01T02:36:29.710281Z[0m [34mDEBUG[0m [1;34mfreenet::transport::connection_handler[0m[34m: [34msending protocol version and inbound key, [1;34mremote_addr[0m[34m: 127.0.0.1:43237[0m
    [2;3mat[0m crates/core/src/transport/connection_handler.rs:690
    [2;3min[0m freenet::transport::connection_handler::[1mtraverse_nat[0m
    [2;3min[0m freenet::transport::connection_handler::[1mtransport_listener[0m [2;3mwith[0m [1mpeer[0m: v6MWKgqJ277dPytc

  [2m2025-06-01T02:36:29.710528Z[0m [34mDEBUG[0m [1;34mfreenet::transport::connection_handler[0m[34m: [34munexpected packet from non-gateway node, [1;34mremote_addr[0m[34m: 127.0.0.1:48752, [1;34msize[0m[34m: 256[0m
    [2;3mat[0m crates/core/src/transport/connection_handler.rs:359
    [2;3min[0m freenet::transport::connection_handler::[1mtransport_listener[0m [2;3mwith[0m [1mpeer[0m: v6MWKgqHKGmP3ebi

  [2m2025-06-01T02:36:29.762914Z[0m [34mDEBUG[0m [1;34mfreenet::transport::connection_handler[0m[34m: [34msending protocol version and inbound key, [1;34mremote_addr[0m[34m: 127.0.0.1:43237[0m
    [2;3mat[0m crates/core/src/transport/connection_handler.rs:690
    [2;3min[0m freenet::transport::connection_handler::[1mtraverse_nat[0m
    [2;3min[0m freenet::transport::connection_handler::[1mtransport_listener[0m [2;3mwith[0m [1mpeer[0m: v6MWKgqJ277dPytc

  [2m2025-06-01T02:36:29.763034Z[0m [34mDEBUG[0m [1;34mfreenet::transport::connection_handler[0m[34m: [34munexpected packet from non-gateway node, [1;34mremote_addr[0m[34m: 127.0.0.1:48752, [1;34msize[0m[34m: 256[0m
    [2;3mat[0m crates/core/src/transport/connection_handler.rs:359
    [2;3min[0m freenet::transport::connection_handler::[1mtransport_listener[0m [2;3mwith[0m [1mpeer[0m: v6MWKgqHKGmP3ebi

  [2m2025-06-01T02:36:30.065248Z[0m [34mDEBUG[0m [1;34mfreenet::node::network_bridge::p2p_protoc[0m[34m: [34mReceived message from peer. Msg: Message {AcceptedBy(id: 01JWMNHQJ2AZBD8EN96492ZZ80, target: v6MWKgqJ277dPytc (@ 0.8986025731098363), accepted: true, acceptor: v6MWKgqHy7paw2it (@ 0.3750290212744264))}, [1;34mfrom[0m[34m: 127.0.0.1:33977[0m
    [2;3mat[0m crates/core/src/node/network_bridge/p2p_protoc.rs:961
    [2;3min[0m freenet::node::network_bridge::p2p_protoc::[1mnetwork_event_listener[0m [2;3mwith[0m [1mpeer[0m: v6MWKgqJ277dPytc
    [2;3min[0m test_small_network_get_issue::[1mnode2[0m

  [2m2025-06-01T02:36:30.065608Z[0m [34mDEBUG[0m [1;34mfreenet::node[0m[34m: [34mProcessing operation, iteration: 0, [1;34mtx[0m[34m: Some(01JWMNHQJ2AZBD8EN96492ZZ80)[0m
    [2;3mat[0m crates/core/src/node/mod.rs:546
    [2;3min[0m freenet::node::network_bridge::p2p_protoc::[1mprocess_network_message[0m [2;3mwith[0m [1mtransaction[0m: 01JWMNHQJ2AZBD8EN96492ZZ80, [1mtx_type[0m: connect
    [2;3min[0m freenet::node::network_bridge::p2p_protoc::[1mnetwork_event_listener[0m [2;3mwith[0m [1mpeer[0m: v6MWKgqJ277dPytc
    [2;3min[0m test_small_network_get_issue::[1mnode2[0m

  [2m2025-06-01T02:36:30.065904Z[0m [34mDEBUG[0m [1;34mfreenet::operations::connect[0m[34m: [34mConnect response received, [1;34mtx[0m[34m: 01JWMNHQJ2AZBD8EN96492ZZ80, [1;34mat[0m[34m: v6MWKgqJ277dPytc, [1;34mfrom[0m[34m: v6MWKgqHy7paw2it[0m
    [2;3mat[0m crates/core/src/operations/connect.rs:389
    [2;3min[0m freenet::node::[1mhandle_connect_op_request[0m [2;3mwith[0m [1mtransaction[0m: 01JWMNHQJ2AZBD8EN96492ZZ80, [1mtx_type[0m: connect
    [2;3min[0m freenet::node::network_bridge::p2p_protoc::[1mprocess_network_message[0m [2;3mwith[0m [1mtransaction[0m: 01JWMNHQJ2AZBD8EN96492ZZ80, [1mtx_type[0m: connect
    [2;3min[0m freenet::node::network_bridge::p2p_protoc::[1mnetwork_event_listener[0m [2;3mwith[0m [1mpeer[0m: v6MWKgqJ277dPytc
    [2;3min[0m test_small_network_get_issue::[1mnode2[0m

  [2m2025-06-01T02:36:30.065993Z[0m [34mDEBUG[0m [1;34mfreenet::operations::connect[0m[34m: [34mConnection request forwarded, [1;34mtx[0m[34m: 01JWMNHQJ2AZBD8EN96492ZZ80, [1;34mat[0m[34m: v6MWKgqJ277dPytc, [1;34mfrom[0m[34m: v6MWKgqHy7paw2it[0m
    [2;3mat[0m crates/core/src/operations/connect.rs:508
    [2;3min[0m freenet::node::[1mhandle_connect_op_request[0m [2;3mwith[0m [1mtransaction[0m: 01JWMNHQJ2AZBD8EN96492ZZ80, [1mtx_type[0m: connect
    [2;3min[0m freenet::node::network_bridge::p2p_protoc::[1mprocess_network_message[0m [2;3mwith[0m [1mtransaction[0m: 01JWMNHQJ2AZBD8EN96492ZZ80, [1mtx_type[0m: connect
    [2;3min[0m freenet::node::network_bridge::p2p_protoc::[1mnetwork_event_listener[0m [2;3mwith[0m [1mpeer[0m: v6MWKgqJ277dPytc
    [2;3min[0m test_small_network_get_issue::[1mnode2[0m

  [2m2025-06-01T02:36:30.066054Z[0m [34mDEBUG[0m [1;34mfreenet::operations::connect[0m[34m: [34mConnect operation result, [1;34mtx[0m[34m: 01JWMNHQJ2AZBD8EN96492ZZ80, [1;34mmsg[0m[34m: None[0m
    [2;3mat[0m crates/core/src/operations/connect.rs:577
    [2;3min[0m freenet::node::[1mhandle_connect_op_request[0m [2;3mwith[0m [1mtransaction[0m: 01JWMNHQJ2AZBD8EN96492ZZ80, [1mtx_type[0m: connect
    [2;3min[0m freenet::node::network_bridge::p2p_protoc::[1mprocess_network_message[0m [2;3mwith[0m [1mtransaction[0m: 01JWMNHQJ2AZBD8EN96492ZZ80, [1mtx_type[0m: connect
    [2;3min[0m freenet::node::network_bridge::p2p_protoc::[1mnetwork_event_listener[0m [2;3mwith[0m [1mpeer[0m: v6MWKgqJ277dPytc
    [2;3min[0m test_small_network_get_issue::[1mnode2[0m

  [2m2025-06-01T02:36:30.066143Z[0m [34mDEBUG[0m [1;34mfreenet::node[0m[34m: [34mNo operation result found, [1;34mtx[0m[34m: Some(01JWMNHQJ2AZBD8EN96492ZZ80)[0m
    [2;3mat[0m crates/core/src/node/mod.rs:431
    [2;3min[0m freenet::node::network_bridge::p2p_protoc::[1mprocess_network_message[0m [2;3mwith[0m [1mtransaction[0m: 01JWMNHQJ2AZBD8EN96492ZZ80, [1mtx_type[0m: connect
    [2;3min[0m freenet::node::network_bridge::p2p_protoc::[1mnetwork_event_listener[0m [2;3mwith[0m [1mpeer[0m: v6MWKgqJ277dPytc
    [2;3min[0m test_small_network_get_issue::[1mnode2[0m

  [2m2025-06-01T02:36:30.092942Z[0m [34mDEBUG[0m [1;34mfreenet::node::network_bridge::p2p_protoc[0m[34m: [34mReceived message from peer. Msg: Message {AcceptedBy(id: 01JWMNHQMNSFCA1X1QYFJ1YV80, target: v6MWKgqHKGmP3ebi (@ 0.679579877024837), accepted: true, acceptor: v6MWKgqHy7paw2it (@ 0.3750290212744264))}, [1;34mfrom[0m[34m: 127.0.0.1:33977[0m
    [2;3mat[0m crates/core/src/node/network_bridge/p2p_protoc.rs:961
    [2;3min[0m freenet::node::network_bridge::p2p_protoc::[1mnetwork_event_listener[0m [2;3mwith[0m [1mpeer[0m: v6MWKgqHKGmP3ebi
    [2;3min[0m test_small_network_get_issue::[1mnode1[0m

  [2m2025-06-01T02:36:30.093145Z[0m [34mDEBUG[0m [1;34mfreenet::node[0m[34m: [34mProcessing operation, iteration: 0, [1;34mtx[0m[34m: Some(01JWMNHQMNSFCA1X1QYFJ1YV80)[0m
    [2;3mat[0m crates/core/src/node/mod.rs:546
    [2;3min[0m freenet::node::network_bridge::p2p_protoc::[1mprocess_network_message[0m [2;3mwith[0m [1mtransaction[0m: 01JWMNHQMNSFCA1X1QYFJ1YV80, [1mtx_type[0m: connect
    [2;3min[0m freenet::node::network_bridge::p2p_protoc::[1mnetwork_event_listener[0m [2;3mwith[0m [1mpeer[0m: v6MWKgqHKGmP3ebi
    [2;3min[0m test_small_network_get_issue::[1mnode1[0m

  [2m2025-06-01T02:36:30.093239Z[0m [34mDEBUG[0m [1;34mfreenet::operations::connect[0m[34m: [34mConnect response received, [1;34mtx[0m[34m: 01JWMNHQMNSFCA1X1QYFJ1YV80, [1;34mat[0m[34m: v6MWKgqHKGmP3ebi, [1;34mfrom[0m[34m: v6MWKgqHy7paw2it[0m
    [2;3mat[0m crates/core/src/operations/connect.rs:389
    [2;3min[0m freenet::node::[1mhandle_connect_op_request[0m [2;3mwith[0m [1mtransaction[0m: 01JWMNHQMNSFCA1X1QYFJ1YV80, [1mtx_type[0m: connect
    [2;3min[0m freenet::node::network_bridge::p2p_protoc::[1mprocess_network_message[0m [2;3mwith[0m [1mtransaction[0m: 01JWMNHQMNSFCA1X1QYFJ1YV80, [1mtx_type[0m: connect
    [2;3min[0m freenet::node::network_bridge::p2p_protoc::[1mnetwork_event_listener[0m [2;3mwith[0m [1mpeer[0m: v6MWKgqHKGmP3ebi
    [2;3min[0m test_small_network_get_issue::[1mnode1[0m

  [2m2025-06-01T02:36:30.093306Z[0m [34mDEBUG[0m [1;34mfreenet::operations::connect[0m[34m: [34mConnection request forwarded, [1;34mtx[0m[34m: 01JWMNHQMNSFCA1X1QYFJ1YV80, [1;34mat[0m[34m: v6MWKgqHKGmP3ebi, [1;34mfrom[0m[34m: v6MWKgqHy7paw2it[0m
    [2;3mat[0m crates/core/src/operations/connect.rs:508
    [2;3min[0m freenet::node::[1mhandle_connect_op_request[0m [2;3mwith[0m [1mtransaction[0m: 01JWMNHQMNSFCA1X1QYFJ1YV80, [1mtx_type[0m: connect
    [2;3min[0m freenet::node::network_bridge::p2p_protoc::[1mprocess_network_message[0m [2;3mwith[0m [1mtransaction[0m: 01JWMNHQMNSFCA1X1QYFJ1YV80, [1mtx_type[0m: connect
    [2;3min[0m freenet::node::network_bridge::p2p_protoc::[1mnetwork_event_listener[0m [2;3mwith[0m [1mpeer[0m: v6MWKgqHKGmP3ebi
    [2;3min[0m test_small_network_get_issue::[1mnode1[0m

  [2m2025-06-01T02:36:30.093364Z[0m [34mDEBUG[0m [1;34mfreenet::operations::connect[0m[34m: [34mConnect operation result, [1;34mtx[0m[34m: 01JWMNHQMNSFCA1X1QYFJ1YV80, [1;34mmsg[0m[34m: None[0m
    [2;3mat[0m crates/core/src/operations/connect.rs:577
    [2;3min[0m freenet::node::[1mhandle_connect_op_request[0m [2;3mwith[0m [1mtransaction[0m: 01JWMNHQMNSFCA1X1QYFJ1YV80, [1mtx_type[0m: connect
    [2;3min[0m freenet::node::network_bridge::p2p_protoc::[1mprocess_network_message[0m [2;3mwith[0m [1mtransaction[0m: 01JWMNHQMNSFCA1X1QYFJ1YV80, [1mtx_type[0m: connect
    [2;3min[0m freenet::node::network_bridge::p2p_protoc::[1mnetwork_event_listener[0m [2;3mwith[0m [1mpeer[0m: v6MWKgqHKGmP3ebi
    [2;3min[0m test_small_network_get_issue::[1mnode1[0m

  [2m2025-06-01T02:36:30.093433Z[0m [34mDEBUG[0m [1;34mfreenet::node[0m[34m: [34mNo operation result found, [1;34mtx[0m[34m: Some(01JWMNHQMNSFCA1X1QYFJ1YV80)[0m
    [2;3mat[0m crates/core/src/node/mod.rs:431
    [2;3min[0m freenet::node::network_bridge::p2p_protoc::[1mprocess_network_message[0m [2;3mwith[0m [1mtransaction[0m: 01JWMNHQMNSFCA1X1QYFJ1YV80, [1mtx_type[0m: connect
    [2;3min[0m freenet::node::network_bridge::p2p_protoc::[1mnetwork_event_listener[0m [2;3mwith[0m [1mpeer[0m: v6MWKgqHKGmP3ebi
    [2;3min[0m test_small_network_get_issue::[1mnode1[0m

  [2m2025-06-01T02:36:30.357569Z[0m [34mDEBUG[0m [1;34mfreenet::ring[0m[34m: [34mAdding new connections, [1;34mthis_peer[0m[34m: v6MWKgqJ277dPytc (@ 0.8986025731098363), [1;34mquery_target[0m[34m: v6MWKgqHy7paw2it (@ 0.04549383835533005), [1;34mideal_location[0m[34m: 0.8986025731098363, [1;34mskip_list[0m[34m: {v6MWKgqJ277dPytc, v6MWKgqHy7paw2it}[0m
    [2;3mat[0m crates/core/src/ring/mod.rs:536
    [2;3min[0m freenet::ring::[1macquire_new[0m [2;3mwith[0m [1mideal_location[0m: Location(0.8986025731098363), [1mskip_list[0m: {v6MWKgqJ277dPytc}, [1mpeer[0m: v6MWKgqJ277dPytc
    [2;3min[0m freenet::ring::[1mconnection_maintenance[0m
    [2;3min[0m test_small_network_get_issue::[1mnode2[0m

  [2m2025-06-01T02:36:30.358100Z[0m [34mDEBUG[0m [1;34mfreenet::node[0m[34m: [34mProcessing operation, iteration: 0, [1;34mtx[0m[34m: Some(01JWMNJ28N4Q8WT0ZJBJV9W600)[0m
    [2;3mat[0m crates/core/src/node/mod.rs:546
    [2;3min[0m freenet::node::network_bridge::p2p_protoc::[1mprocess_network_message[0m [2;3mwith[0m [1mtransaction[0m: 01JWMNJ28N4Q8WT0ZJBJV9W600, [1mtx_type[0m: connect
    [2;3min[0m freenet::node::network_bridge::p2p_protoc::[1mnetwork_event_listener[0m [2;3mwith[0m [1mpeer[0m: v6MWKgqJ277dPytc
    [2;3min[0m test_small_network_get_issue::[1mnode2[0m

  [2m2025-06-01T02:36:30.358280Z[0m [34mDEBUG[0m [1;34mfreenet::operations::connect[0m[34m: [34mQuerying the query target for new connections, [1;34mtx[0m[34m: 01JWMNJ28N4Q8WT0ZJBJV9W600, [1;34mquery_target[0m[34m: v6MWKgqHy7paw2it, [1;34mthis_peer[0m[34m: v6MWKgqJ277dPytc[0m
    [2;3mat[0m crates/core/src/operations/connect.rs:231
    [2;3min[0m freenet::node::[1mhandle_connect_op_request[0m [2;3mwith[0m [1mtransaction[0m: 01JWMNJ28N4Q8WT0ZJBJV9W600, [1mtx_type[0m: connect
    [2;3min[0m freenet::node::network_bridge::p2p_protoc::[1mprocess_network_message[0m [2;3mwith[0m [1mtransaction[0m: 01JWMNJ28N4Q8WT0ZJBJV9W600, [1mtx_type[0m: connect
    [2;3min[0m freenet::node::network_bridge::p2p_protoc::[1mnetwork_event_listener[0m [2;3mwith[0m [1mpeer[0m: v6MWKgqJ277dPytc
    [2;3min[0m test_small_network_get_issue::[1mnode2[0m

  [2m2025-06-01T02:36:30.358377Z[0m [34mDEBUG[0m [1;34mfreenet::topology[0m[34m: [34mRecording request sent to peer, [1;34mrequest_type[0m[34m: connect, [1;34mrecipient[0m[34m: v6MWKgqHy7paw2it (@ 0.04549383835533005)[0m
    [2;3mat[0m crates/core/src/topology/mod.rs:100
    [2;3min[0m freenet::node::[1mhandle_connect_op_request[0m [2;3mwith[0m [1mtransaction[0m: 01JWMNJ28N4Q8WT0ZJBJV9W600, [1mtx_type[0m: connect
    [2;3min[0m freenet::node::network_bridge::p2p_protoc::[1mprocess_network_message[0m [2;3mwith[0m [1mtransaction[0m: 01JWMNJ28N4Q8WT0ZJBJV9W600, [1mtx_type[0m: connect
    [2;3min[0m freenet::node::network_bridge::p2p_protoc::[1mnetwork_event_listener[0m [2;3mwith[0m [1mpeer[0m: v6MWKgqJ277dPytc
    [2;3min[0m test_small_network_get_issue::[1mnode2[0m

  [2m2025-06-01T02:36:30.358452Z[0m [34mDEBUG[0m [1;34mfreenet::operations::connect[0m[34m: [34mConnect operation result, [1;34mtx[0m[34m: 01JWMNJ28N4Q8WT0ZJBJV9W600, [1;34mmsg[0m[34m: None[0m
    [2;3mat[0m crates/core/src/operations/connect.rs:577
    [2;3min[0m freenet::node::[1mhandle_connect_op_request[0m [2;3mwith[0m [1mtransaction[0m: 01JWMNJ28N4Q8WT0ZJBJV9W600, [1mtx_type[0m: connect
    [2;3min[0m freenet::node::network_bridge::p2p_protoc::[1mprocess_network_message[0m [2;3mwith[0m [1mtransaction[0m: 01JWMNJ28N4Q8WT0ZJBJV9W600, [1mtx_type[0m: connect
    [2;3min[0m freenet::node::network_bridge::p2p_protoc::[1mnetwork_event_listener[0m [2;3mwith[0m [1mpeer[0m: v6MWKgqJ277dPytc
    [2;3min[0m test_small_network_get_issue::[1mnode2[0m

  [2m2025-06-01T02:36:30.358523Z[0m [34mDEBUG[0m [1;34mfreenet::node[0m[34m: [34mNo operation result found, [1;34mtx[0m[34m: Some(01JWMNJ28N4Q8WT0ZJBJV9W600)[0m
    [2;3mat[0m crates/core/src/node/mod.rs:431
    [2;3min[0m freenet::node::network_bridge::p2p_protoc::[1mprocess_network_message[0m [2;3mwith[0m [1mtransaction[0m: 01JWMNJ28N4Q8WT0ZJBJV9W600, [1mtx_type[0m: connect
    [2;3min[0m freenet::node::network_bridge::p2p_protoc::[1mnetwork_event_listener[0m [2;3mwith[0m [1mpeer[0m: v6MWKgqJ277dPytc
    [2;3min[0m test_small_network_get_issue::[1mnode2[0m

  [2m2025-06-01T02:36:30.358555Z[0m [34mDEBUG[0m [1;34mfreenet::node::network_bridge::p2p_protoc[0m[34m: [34mSending message to peer, [1;34mtarget_peer[0m[34m: v6MWKgqHy7paw2it (@ 0.04549383835533005), [1;34mmsg[0m[34m: Message {Request(id: 01JWMNJ28N4Q8WT0ZJBJV9W600, target: v6MWKgqHy7paw2it (@ 0.04549383835533005))}[0m
    [2;3mat[0m crates/core/src/node/network_bridge/p2p_protoc.rs:234
    [2;3min[0m freenet::node::network_bridge::p2p_protoc::[1mnetwork_event_listener[0m [2;3mwith[0m [1mpeer[0m: v6MWKgqJ277dPytc
    [2;3min[0m test_small_network_get_issue::[1mnode2[0m

  [2m2025-06-01T02:36:30.358738Z[0m [34mDEBUG[0m [1;34mfreenet::node::network_bridge::p2p_protoc[0m[34m: [34mSending message to peer. Msg: Message {Request(id: 01JWMNJ28N4Q8WT0ZJBJV9W600, target: v6MWKgqHy7paw2it (@ 0.04549383835533005))}, [1;34mto[0m[34m: 127.0.0.1:33977[0m
    [2;3mat[0m crates/core/src/node/network_bridge/p2p_protoc.rs:934
    [2;3min[0m freenet::node::network_bridge::p2p_protoc::[1mnetwork_event_listener[0m [2;3mwith[0m [1mpeer[0m: v6MWKgqJ277dPytc
    [2;3min[0m test_small_network_get_issue::[1mnode2[0m

  [2m2025-06-01T02:36:30.359410Z[0m [34mDEBUG[0m [1;34mfreenet::transport::peer_connection::outbound_stream[0m[34m: [34msending stream, [1;34mstream_id[0m[34m: 3, [1;34mlength[0m[34m: 2111[0m
    [2;3mat[0m crates/core/src/transport/peer_connection/outbound_stream.rs:41
    [2;3min[0m freenet::transport::peer_connection::[1moutbound_stream[0m
    [2;3min[0m freenet::transport::peer_connection::[1mpeer_connection[0m
    [2;3min[0m freenet::node::network_bridge::p2p_protoc::[1mnetwork_event_listener[0m [2;3mwith[0m [1mpeer[0m: v6MWKgqJ277dPytc
    [2;3min[0m test_small_network_get_issue::[1mnode2[0m

  [2m2025-06-01T02:36:30.362648Z[0m [34mDEBUG[0m [1;34mfreenet::node::network_bridge::p2p_protoc[0m[34m: [34mReceived message from peer. Msg: Message {Request(id: 01JWMNJ28N4Q8WT0ZJBJV9W600, target: v6MWKgqHy7paw2it (@ 0.04549383835533005))}, [1;34mfrom[0m[34m: 127.0.0.1:48752[0m
    [2;3mat[0m crates/core/src/node/network_bridge/p2p_protoc.rs:961
    [2;3min[0m freenet::node::network_bridge::p2p_protoc::[1mnetwork_event_listener[0m [2;3mwith[0m [1mpeer[0m: v6MWKgqHy7paw2it
    [2;3min[0m test_small_network_get_issue::[1mgateway[0m

  [2m2025-06-01T02:36:30.362872Z[0m [34mDEBUG[0m [1;34mfreenet::node[0m[34m: [34mProcessing operation, iteration: 0, [1;34mtx[0m[34m: Some(01JWMNJ28N4Q8WT0ZJBJV9W600)[0m
    [2;3mat[0m crates/core/src/node/mod.rs:546
    [2;3min[0m freenet::node::network_bridge::p2p_protoc::[1mprocess_network_message[0m [2;3mwith[0m [1mtransaction[0m: 01JWMNJ28N4Q8WT0ZJBJV9W600, [1mtx_type[0m: connect
    [2;3min[0m freenet::node::network_bridge::p2p_protoc::[1mnetwork_event_listener[0m [2;3mwith[0m [1mpeer[0m: v6MWKgqHy7paw2it
    [2;3min[0m test_small_network_get_issue::[1mgateway[0m

  [2m2025-06-01T02:36:30.362973Z[0m [34mDEBUG[0m [1;34mfreenet::operations::connect[0m[34m: [34mGot queried for new connections from joiner, [1;34mtx[0m[34m: 01JWMNJ28N4Q8WT0ZJBJV9W600, [1;34mquery_target[0m[34m: v6MWKgqHy7paw2it, [1;34mjoiner[0m[34m: v6MWKgqJ277dPytc, [1;34mskip_connections[0m[34m: {v6MWKgqJ277dPytc, v6MWKgqHy7paw2it}, [1;34mskip_forwards[0m[34m: {v6MWKgqJ277dPytc, v6MWKgqHy7paw2it}[0m
    [2;3mat[0m crates/core/src/operations/connect.rs:187
    [2;3min[0m freenet::node::[1mhandle_connect_op_request[0m [2;3mwith[0m [1mtransaction[0m: 01JWMNJ28N4Q8WT0ZJBJV9W600, [1mtx_type[0m: connect
    [2;3min[0m freenet::node::network_bridge::p2p_protoc::[1mprocess_network_message[0m [2;3mwith[0m [1mtransaction[0m: 01JWMNJ28N4Q8WT0ZJBJV9W600, [1mtx_type[0m: connect
    [2;3min[0m freenet::node::network_bridge::p2p_protoc::[1mnetwork_event_listener[0m [2;3mwith[0m [1mpeer[0m: v6MWKgqHy7paw2it
    [2;3min[0m test_small_network_get_issue::[1mgateway[0m

  [2m2025-06-01T02:36:30.363101Z[0m [34mDEBUG[0m [1;34mfreenet::operations::connect[0m[34m: [34mFound a desirable peer to connect to, [1;34mtx[0m[34m: 01JWMNJ28N4Q8WT0ZJBJV9W600, [1;34mquery_target[0m[34m: v6MWKgqHy7paw2it, [1;34mjoiner[0m[34m: v6MWKgqJ277dPytc, [1;34mdesirable_peer[0m[34m: v6MWKgqHKGmP3ebi[0m
    [2;3mat[0m crates/core/src/operations/connect.rs:199
    [2;3min[0m freenet::node::[1mhandle_connect_op_request[0m [2;3mwith[0m [1mtransaction[0m: 01JWMNJ28N4Q8WT0ZJBJV9W600, [1mtx_type[0m: connect
    [2;3min[0m freenet::node::network_bridge::p2p_protoc::[1mprocess_network_message[0m [2;3mwith[0m [1mtransaction[0m: 01JWMNJ28N4Q8WT0ZJBJV9W600, [1mtx_type[0m: connect
    [2;3min[0m freenet::node::network_bridge::p2p_protoc::[1mnetwork_event_listener[0m [2;3mwith[0m [1mpeer[0m: v6MWKgqHy7paw2it
    [2;3min[0m test_small_network_get_issue::[1mgateway[0m

  [2m2025-06-01T02:36:30.363173Z[0m [34mDEBUG[0m [1;34mfreenet::topology[0m[34m: [34mRecording request sent to peer, [1;34mrequest_type[0m[34m: connect, [1;34mrecipient[0m[34m: v6MWKgqHKGmP3ebi (@ 0.679579877024837)[0m
    [2;3mat[0m crates/core/src/topology/mod.rs:100
    [2;3min[0m freenet::node::[1mhandle_connect_op_request[0m [2;3mwith[0m [1mtransaction[0m: 01JWMNJ28N4Q8WT0ZJBJV9W600, [1mtx_type[0m: connect
    [2;3min[0m freenet::node::network_bridge::p2p_protoc::[1mprocess_network_message[0m [2;3mwith[0m [1mtransaction[0m: 01JWMNJ28N4Q8WT0ZJBJV9W600, [1mtx_type[0m: connect
    [2;3min[0m freenet::node::network_bridge::p2p_protoc::[1mnetwork_event_listener[0m [2;3mwith[0m [1mpeer[0m: v6MWKgqHy7paw2it
    [2;3min[0m test_small_network_get_issue::[1mgateway[0m

  [2m2025-06-01T02:36:30.363235Z[0m [34mDEBUG[0m [1;34mfreenet::operations::connect[0m[34m: [34mConnect operation result, [1;34mtx[0m[34m: 01JWMNJ28N4Q8WT0ZJBJV9W600, [1;34mmsg[0m[34m: None[0m
    [2;3mat[0m crates/core/src/operations/connect.rs:577
    [2;3min[0m freenet::node::[1mhandle_connect_op_request[0m [2;3mwith[0m [1mtransaction[0m: 01JWMNJ28N4Q8WT0ZJBJV9W600, [1mtx_type[0m: connect
    [2;3min[0m freenet::node::network_bridge::p2p_protoc::[1mprocess_network_message[0m [2;3mwith[0m [1mtransaction[0m: 01JWMNJ28N4Q8WT0ZJBJV9W600, [1mtx_type[0m: connect
    [2;3min[0m freenet::node::network_bridge::p2p_protoc::[1mnetwork_event_listener[0m [2;3mwith[0m [1mpeer[0m: v6MWKgqHy7paw2it
    [2;3min[0m test_small_network_get_issue::[1mgateway[0m

  [2m2025-06-01T02:36:30.363288Z[0m [34mDEBUG[0m [1;34mfreenet::node[0m[34m: [34mNo operation result found, [1;34mtx[0m[34m: Some(01JWMNJ28N4Q8WT0ZJBJV9W600)[0m
    [2;3mat[0m crates/core/src/node/mod.rs:431
    [2;3min[0m freenet::node::network_bridge::p2p_protoc::[1mprocess_network_message[0m [2;3mwith[0m [1mtransaction[0m: 01JWMNJ28N4Q8WT0ZJBJV9W600, [1mtx_type[0m: connect
    [2;3min[0m freenet::node::network_bridge::p2p_protoc::[1mnetwork_event_listener[0m [2;3mwith[0m [1mpeer[0m: v6MWKgqHy7paw2it
    [2;3min[0m test_small_network_get_issue::[1mgateway[0m

  [2m2025-06-01T02:36:30.363326Z[0m [34mDEBUG[0m [1;34mfreenet::node::network_bridge::p2p_protoc[0m[34m: [34mSending message to peer, [1;34mtarget_peer[0m[34m: v6MWKgqHKGmP3ebi (@ 0.679579877024837), [1;34mmsg[0m[34m: Message {CheckConnectivity(id: 01JWMNJ28N4Q8WT0ZJBJV9W600, target: v6MWKgqHKGmP3ebi (@ 0.679579877024837), sender: v6MWKgqHy7paw2it (@ 0.3750290212744264), joiner: v6MWKgqJ277dPytc (@ 0.8986025731098363))}[0m
    [2;3mat[0m crates/core/src/node/network_bridge/p2p_protoc.rs:234
    [2;3min[0m freenet::node::network_bridge::p2p_protoc::[1mnetwork_event_listener[0m [2;3mwith[0m [1mpeer[0m: v6MWKgqHy7paw2it
    [2;3min[0m test_small_network_get_issue::[1mgateway[0m

  [2m2025-06-01T02:36:30.363484Z[0m [34mDEBUG[0m [1;34mfreenet::node::network_bridge::p2p_protoc[0m[34m: [34mSending message to peer. Msg: Message {CheckConnectivity(id: 01JWMNJ28N4Q8WT0ZJBJV9W600, target: v6MWKgqHKGmP3ebi (@ 0.679579877024837), sender: v6MWKgqHy7paw2it (@ 0.3750290212744264), joiner: v6MWKgqJ277dPytc (@ 0.8986025731098363))}, [1;34mto[0m[34m: 127.0.0.1:43237[0m
    [2;3mat[0m crates/core/src/node/network_bridge/p2p_protoc.rs:934
    [2;3min[0m freenet::node::network_bridge::p2p_protoc::[1mnetwork_event_listener[0m [2;3mwith[0m [1mpeer[0m: v6MWKgqHy7paw2it
    [2;3min[0m test_small_network_get_issue::[1mgateway[0m

  [2m2025-06-01T02:36:30.364218Z[0m [34mDEBUG[0m [1;34mfreenet::transport::peer_connection::outbound_stream[0m[34m: [34msending stream, [1;34mstream_id[0m[34m: 4, [1;34mlength[0m[34m: 2111[0m
    [2;3mat[0m crates/core/src/transport/peer_connection/outbound_stream.rs:41
    [2;3min[0m freenet::transport::peer_connection::[1moutbound_stream[0m
    [2;3min[0m freenet::transport::peer_connection::[1mpeer_connection[0m
    [2;3min[0m freenet::node::network_bridge::p2p_protoc::[1mnetwork_event_listener[0m [2;3mwith[0m [1mpeer[0m: v6MWKgqHy7paw2it
    [2;3min[0m test_small_network_get_issue::[1mgateway[0m

  [2m2025-06-01T02:36:30.367248Z[0m [34mDEBUG[0m [1;34mfreenet::node::network_bridge::p2p_protoc[0m[34m: [34mReceived message from peer. Msg: Message {CheckConnectivity(id: 01JWMNJ28N4Q8WT0ZJBJV9W600, target: v6MWKgqHKGmP3ebi (@ 0.679579877024837), sender: v6MWKgqHy7paw2it (@ 0.3750290212744264), joiner: v6MWKgqJ277dPytc (@ 0.8986025731098363))}, [1;34mfrom[0m[34m: 127.0.0.1:33977[0m
    [2;3mat[0m crates/core/src/node/network_bridge/p2p_protoc.rs:961
    [2;3min[0m freenet::node::network_bridge::p2p_protoc::[1mnetwork_event_listener[0m [2;3mwith[0m [1mpeer[0m: v6MWKgqHKGmP3ebi
    [2;3min[0m test_small_network_get_issue::[1mnode1[0m

  [2m2025-06-01T02:36:30.367437Z[0m [34mDEBUG[0m [1;34mfreenet::node[0m[34m: [34mProcessing operation, iteration: 0, [1;34mtx[0m[34m: Some(01JWMNJ28N4Q8WT0ZJBJV9W600)[0m
    [2;3mat[0m crates/core/src/node/mod.rs:546
    [2;3min[0m freenet::node::network_bridge::p2p_protoc::[1mprocess_network_message[0m [2;3mwith[0m [1mtransaction[0m: 01JWMNJ28N4Q8WT0ZJBJV9W600, [1mtx_type[0m: connect
    [2;3min[0m freenet::node::network_bridge::p2p_protoc::[1mnetwork_event_listener[0m [2;3mwith[0m [1mpeer[0m: v6MWKgqHKGmP3ebi
    [2;3min[0m test_small_network_get_issue::[1mnode1[0m

  [2m2025-06-01T02:36:30.367525Z[0m [34mDEBUG[0m [1;34mfreenet::operations::connect[0m[34m: [34mChecking connectivity request received, [1;34mtx[0m[34m: 01JWMNJ28N4Q8WT0ZJBJV9W600, [1;34mat[0m[34m: v6MWKgqHKGmP3ebi, [1;34mhops_to_live[0m[34m: 8, [1;34mjoiner[0m[34m: v6MWKgqJ277dPytc (@ 0.8986025731098363)[0m
    [2;3mat[0m crates/core/src/operations/connect.rs:286
    [2;3min[0m freenet::node::[1mhandle_connect_op_request[0m [2;3mwith[0m [1mtransaction[0m: 01JWMNJ28N4Q8WT0ZJBJV9W600, [1mtx_type[0m: connect
    [2;3min[0m freenet::node::network_bridge::p2p_protoc::[1mprocess_network_message[0m [2;3mwith[0m [1mtransaction[0m: 01JWMNJ28N4Q8WT0ZJBJV9W600, [1mtx_type[0m: connect
    [2;3min[0m freenet::node::network_bridge::p2p_protoc::[1mnetwork_event_listener[0m [2;3mwith[0m [1mpeer[0m: v6MWKgqHKGmP3ebi
    [2;3min[0m test_small_network_get_issue::[1mnode1[0m

  [2m2025-06-01T02:36:30.367588Z[0m [34mDEBUG[0m [1;34mfreenet::ring::connection_manager[0m[34m: [34mChecking if should accept connection[0m
    [2;3mat[0m crates/core/src/ring/connection_manager.rs:143
    [2;3min[0m freenet::node::[1mhandle_connect_op_request[0m [2;3mwith[0m [1mtransaction[0m: 01JWMNJ28N4Q8WT0ZJBJV9W600, [1mtx_type[0m: connect
    [2;3min[0m freenet::node::network_bridge::p2p_protoc::[1mprocess_network_message[0m [2;3mwith[0m [1mtransaction[0m: 01JWMNJ28N4Q8WT0ZJBJV9W600, [1mtx_type[0m: connect
    [2;3min[0m freenet::node::network_bridge::p2p_protoc::[1mnetwork_event_listener[0m [2;3mwith[0m [1mpeer[0m: v6MWKgqHKGmP3ebi
    [2;3min[0m test_small_network_get_issue::[1mnode1[0m

  [2m2025-06-01T02:36:30.367612Z[0m [34mDEBUG[0m [1;34mfreenet::ring::connection_manager[0m[34m: [34mAccepted connection, below min connections, [1;34mpeer_id[0m[34m: v6MWKgqJ277dPytc[0m
    [2;3mat[0m crates/core/src/ring/connection_manager.rs:166
    [2;3min[0m freenet::node::[1mhandle_connect_op_request[0m [2;3mwith[0m [1mtransaction[0m: 01JWMNJ28N4Q8WT0ZJBJV9W600, [1mtx_type[0m: connect
    [2;3min[0m freenet::node::network_bridge::p2p_protoc::[1mprocess_network_message[0m [2;3mwith[0m [1mtransaction[0m: 01JWMNJ28N4Q8WT0ZJBJV9W600, [1mtx_type[0m: connect
    [2;3min[0m freenet::node::network_bridge::p2p_protoc::[1mnetwork_event_listener[0m [2;3mwith[0m [1mpeer[0m: v6MWKgqHKGmP3ebi
    [2;3min[0m test_small_network_get_issue::[1mnode1[0m

  [2m2025-06-01T02:36:30.367643Z[0m [34mDEBUG[0m [1;34mfreenet::ring::connection_manager[0m[34m: [34mAccepted connection, reserving spot, [1;34mpeer_id[0m[34m: v6MWKgqJ277dPytc[0m
    [2;3mat[0m crates/core/src/ring/connection_manager.rs:189
    [2;3min[0m freenet::node::[1mhandle_connect_op_request[0m [2;3mwith[0m [1mtransaction[0m: 01JWMNJ28N4Q8WT0ZJBJV9W600, [1mtx_type[0m: connect
    [2;3min[0m freenet::node::network_bridge::p2p_protoc::[1mprocess_network_message[0m [2;3mwith[0m [1mtransaction[0m: 01JWMNJ28N4Q8WT0ZJBJV9W600, [1mtx_type[0m: connect
    [2;3min[0m freenet::node::network_bridge::p2p_protoc::[1mnetwork_event_listener[0m [2;3mwith[0m [1mpeer[0m: v6MWKgqHKGmP3ebi
    [2;3min[0m test_small_network_get_issue::[1mnode1[0m

  [2m2025-06-01T02:36:30.367672Z[0m [34mDEBUG[0m [1;34mfreenet::operations::connect[0m[34m: [34mAccepting connection from, [1;34mtx[0m[34m: 01JWMNJ28N4Q8WT0ZJBJV9W600, [1;34mjoiner[0m[34m: v6MWKgqJ277dPytc (@ 0.8986025731098363)[0m
    [2;3mat[0m crates/core/src/operations/connect.rs:299
    [2;3min[0m freenet::node::[1mhandle_connect_op_request[0m [2;3mwith[0m [1mtransaction[0m: 01JWMNJ28N4Q8WT0ZJBJV9W600, [1mtx_type[0m: connect
    [2;3min[0m freenet::node::network_bridge::p2p_protoc::[1mprocess_network_message[0m [2;3mwith[0m [1mtransaction[0m: 01JWMNJ28N4Q8WT0ZJBJV9W600, [1mtx_type[0m: connect
    [2;3min[0m freenet::node::network_bridge::p2p_protoc::[1mnetwork_event_listener[0m [2;3mwith[0m [1mpeer[0m: v6MWKgqHKGmP3ebi
    [2;3min[0m test_small_network_get_issue::[1mnode1[0m

  [2m2025-06-01T02:36:30.367833Z[0m [32m INFO[0m [1;32mfreenet::node::network_bridge::p2p_protoc[0m[32m: [32mConnecting to peer, [1;32mtx[0m[32m: 01JWMNJ28N4Q8WT0ZJBJV9W600, [1;32mremote[0m[32m: v6MWKgqJ277dPytc[0m
    [2;3mat[0m crates/core/src/node/network_bridge/p2p_protoc.rs:477
    [2;3min[0m freenet::node::network_bridge::p2p_protoc::[1mnetwork_event_listener[0m [2;3mwith[0m [1mpeer[0m: v6MWKgqHKGmP3ebi
    [2;3min[0m test_small_network_get_issue::[1mnode1[0m

  [2m2025-06-01T02:36:30.367905Z[0m [34mDEBUG[0m [1;34mfreenet::node::network_bridge::p2p_protoc[0m[34m: [34mSuccessfully initiated connection process for peer: v6MWKgqJ277dPytc, [1;34mtx[0m[34m: 01JWMNJ28N4Q8WT0ZJBJV9W600[0m
    [2;3mat[0m crates/core/src/node/network_bridge/p2p_protoc.rs:501
    [2;3min[0m freenet::node::network_bridge::p2p_protoc::[1mnetwork_event_listener[0m [2;3mwith[0m [1mpeer[0m: v6MWKgqHKGmP3ebi
    [2;3min[0m test_small_network_get_issue::[1mnode1[0m

  [2m2025-06-01T02:36:30.367993Z[0m [34mDEBUG[0m [1;34mfreenet::node::network_bridge::handshake[0m[34m: [34mStarting outbound connection to 127.0.0.1:48752[0m
    [2;3mat[0m crates/core/src/node/network_bridge/handshake.rs:715
    [2;3min[0m freenet::node::network_bridge::handshake::[1mwait_for_events[0m
    [2;3min[0m freenet::node::network_bridge::p2p_protoc::[1mnetwork_event_listener[0m [2;3mwith[0m [1mpeer[0m: v6MWKgqHKGmP3ebi
    [2;3min[0m test_small_network_get_issue::[1mnode1[0m

  [2m2025-06-01T02:36:30.368075Z[0m [34mDEBUG[0m [1;34mfreenet::transport::connection_handler[0m[34m: [34mreceived connection event, [1;34mremote_addr[0m[34m: 127.0.0.1:48752[0m
    [2;3mat[0m crates/core/src/transport/connection_handler.rs:455
    [2;3min[0m freenet::transport::connection_handler::[1mtransport_listener[0m [2;3mwith[0m [1mpeer[0m: v6MWKgqHKGmP3ebi

  [2m2025-06-01T02:36:30.368104Z[0m [34mDEBUG[0m [1;34mfreenet::transport::connection_handler[0m[34m: [34mattempting to establish connection, [1;34mremote_addr[0m[34m: 127.0.0.1:48752[0m
    [2;3mat[0m crates/core/src/transport/connection_handler.rs:460
    [2;3min[0m freenet::transport::connection_handler::[1mtransport_listener[0m [2;3mwith[0m [1mpeer[0m: v6MWKgqHKGmP3ebi

  [2m2025-06-01T02:36:30.368119Z[0m [34mDEBUG[0m [1;34mfreenet::transport::connection_handler[0m[34m: [34mStarting NAT traversal, [1;34mremote_addr[0m[34m: 127.0.0.1:48752[0m
    [2;3mat[0m crates/core/src/transport/connection_handler.rs:597
    [2;3min[0m freenet::transport::connection_handler::[1mtransport_listener[0m [2;3mwith[0m [1mpeer[0m: v6MWKgqHKGmP3ebi

  [2m2025-06-01T02:36:30.368766Z[0m [34mDEBUG[0m [1;34mfreenet::transport::connection_handler[0m[34m: [34msending protocol version and inbound key, [1;34mremote_addr[0m[34m: 127.0.0.1:48752[0m
    [2;3mat[0m crates/core/src/transport/connection_handler.rs:690
    [2;3min[0m freenet::transport::connection_handler::[1mtraverse_nat[0m
    [2;3min[0m freenet::transport::connection_handler::[1mtransport_listener[0m [2;3mwith[0m [1mpeer[0m: v6MWKgqHKGmP3ebi

  [2m2025-06-01T02:36:30.420676Z[0m [34mDEBUG[0m [1;34mfreenet::transport::connection_handler[0m[34m: [34msending protocol version and inbound key, [1;34mremote_addr[0m[34m: 127.0.0.1:48752[0m
    [2;3mat[0m crates/core/src/transport/connection_handler.rs:690
    [2;3min[0m freenet::transport::connection_handler::[1mtraverse_nat[0m
    [2;3min[0m freenet::transport::connection_handler::[1mtransport_listener[0m [2;3mwith[0m [1mpeer[0m: v6MWKgqHKGmP3ebi

  [2m2025-06-01T02:36:30.450473Z[0m [34mDEBUG[0m [1;34mfreenet::ring[0m[34m: [34mAdding new connections, [1;34mthis_peer[0m[34m: v6MWKgqHKGmP3ebi (@ 0.679579877024837), [1;34mquery_target[0m[34m: v6MWKgqHy7paw2it (@ 0.04549383835533005), [1;34mideal_location[0m[34m: 0.679579877024837, [1;34mskip_list[0m[34m: {v6MWKgqHKGmP3ebi, v6MWKgqHy7paw2it}[0m
    [2;3mat[0m crates/core/src/ring/mod.rs:536
    [2;3min[0m freenet::ring::[1macquire_new[0m [2;3mwith[0m [1mideal_location[0m: Location(0.679579877024837), [1mskip_list[0m: {v6MWKgqHKGmP3ebi}, [1mpeer[0m: v6MWKgqHKGmP3ebi
    [2;3min[0m freenet::ring::[1mconnection_maintenance[0m
    [2;3min[0m test_small_network_get_issue::[1mnode1[0m

  [2m2025-06-01T02:36:30.451093Z[0m [34mDEBUG[0m [1;34mfreenet::node[0m[34m: [34mProcessing operation, iteration: 0, [1;34mtx[0m[34m: Some(01JWMNJ2BJR6P8E0RJN0A3E300)[0m
    [2;3mat[0m crates/core/src/node/mod.rs:546
    [2;3min[0m freenet::node::network_bridge::p2p_protoc::[1mprocess_network_message[0m [2;3mwith[0m [1mtransaction[0m: 01JWMNJ2BJR6P8E0RJN0A3E300, [1mtx_type[0m: connect
    [2;3min[0m freenet::node::network_bridge::p2p_protoc::[1mnetwork_event_listener[0m [2;3mwith[0m [1mpeer[0m: v6MWKgqHKGmP3ebi
    [2;3min[0m test_small_network_get_issue::[1mnode1[0m

  [2m2025-06-01T02:36:30.451250Z[0m [34mDEBUG[0m [1;34mfreenet::operations::connect[0m[34m: [34mQuerying the query target for new connections, [1;34mtx[0m[34m: 01JWMNJ2BJR6P8E0RJN0A3E300, [1;34mquery_target[0m[34m: v6MWKgqHy7paw2it, [1;34mthis_peer[0m[34m: v6MWKgqHKGmP3ebi[0m
    [2;3mat[0m crates/core/src/operations/connect.rs:231
    [2;3min[0m freenet::node::[1mhandle_connect_op_request[0m [2;3mwith[0m [1mtransaction[0m: 01JWMNJ2BJR6P8E0RJN0A3E300, [1mtx_type[0m: connect
    [2;3min[0m freenet::node::network_bridge::p2p_protoc::[1mprocess_network_message[0m [2;3mwith[0m [1mtransaction[0m: 01JWMNJ2BJR6P8E0RJN0A3E300, [1mtx_type[0m: connect
    [2;3min[0m freenet::node::network_bridge::p2p_protoc::[1mnetwork_event_listener[0m [2;3mwith[0m [1mpeer[0m: v6MWKgqHKGmP3ebi
    [2;3min[0m test_small_network_get_issue::[1mnode1[0m

  [2m2025-06-01T02:36:30.451363Z[0m [34mDEBUG[0m [1;34mfreenet::topology[0m[34m: [34mRecording request sent to peer, [1;34mrequest_type[0m[34m: connect, [1;34mrecipient[0m[34m: v6MWKgqHy7paw2it (@ 0.04549383835533005)[0m
    [2;3mat[0m crates/core/src/topology/mod.rs:100
    [2;3min[0m freenet::node::[1mhandle_connect_op_request[0m [2;3mwith[0m [1mtransaction[0m: 01JWMNJ2BJR6P8E0RJN0A3E300, [1mtx_type[0m: connect
    [2;3min[0m freenet::node::network_bridge::p2p_protoc::[1mprocess_network_message[0m [2;3mwith[0m [1mtransaction[0m: 01JWMNJ2BJR6P8E0RJN0A3E300, [1mtx_type[0m: connect
    [2;3min[0m freenet::node::network_bridge::p2p_protoc::[1mnetwork_event_listener[0m [2;3mwith[0m [1mpeer[0m: v6MWKgqHKGmP3ebi
    [2;3min[0m test_small_network_get_issue::[1mnode1[0m

  [2m2025-06-01T02:36:30.451459Z[0m [34mDEBUG[0m [1;34mfreenet::operations::connect[0m[34m: [34mConnect operation result, [1;34mtx[0m[34m: 01JWMNJ2BJR6P8E0RJN0A3E300, [1;34mmsg[0m[34m: None[0m
    [2;3mat[0m crates/core/src/operations/connect.rs:577
    [2;3min[0m freenet::node::[1mhandle_connect_op_request[0m [2;3mwith[0m [1mtransaction[0m: 01JWMNJ2BJR6P8E0RJN0A3E300, [1mtx_type[0m: connect
    [2;3min[0m freenet::node::network_bridge::p2p_protoc::[1mprocess_network_message[0m [2;3mwith[0m [1mtransaction[0m: 01JWMNJ2BJR6P8E0RJN0A3E300, [1mtx_type[0m: connect
    [2;3min[0m freenet::node::network_bridge::p2p_protoc::[1mnetwork_event_listener[0m [2;3mwith[0m [1mpeer[0m: v6MWKgqHKGmP3ebi
    [2;3min[0m test_small_network_get_issue::[1mnode1[0m

  [2m2025-06-01T02:36:30.451541Z[0m [34mDEBUG[0m [1;34mfreenet::node[0m[34m: [34mNo operation result found, [1;34mtx[0m[34m: Some(01JWMNJ2BJR6P8E0RJN0A3E300)[0m
    [2;3mat[0m crates/core/src/node/mod.rs:431
    [2;3min[0m freenet::node::network_bridge::p2p_protoc::[1mprocess_network_message[0m [2;3mwith[0m [1mtransaction[0m: 01JWMNJ2BJR6P8E0RJN0A3E300, [1mtx_type[0m: connect
    [2;3min[0m freenet::node::network_bridge::p2p_protoc::[1mnetwork_event_listener[0m [2;3mwith[0m [1mpeer[0m: v6MWKgqHKGmP3ebi
    [2;3min[0m test_small_network_get_issue::[1mnode1[0m

  [2m2025-06-01T02:36:30.451558Z[0m [34mDEBUG[0m [1;34mfreenet::node::network_bridge::p2p_protoc[0m[34m: [34mSending message to peer, [1;34mtarget_peer[0m[34m: v6MWKgqHy7paw2it (@ 0.04549383835533005), [1;34mmsg[0m[34m: Message {Request(id: 01JWMNJ2BJR6P8E0RJN0A3E300, target: v6MWKgqHy7paw2it (@ 0.04549383835533005))}[0m
    [2;3mat[0m crates/core/src/node/network_bridge/p2p_protoc.rs:234
    [2;3min[0m freenet::node::network_bridge::p2p_protoc::[1mnetwork_event_listener[0m [2;3mwith[0m [1mpeer[0m: v6MWKgqHKGmP3ebi
    [2;3min[0m test_small_network_get_issue::[1mnode1[0m

  [2m2025-06-01T02:36:30.451752Z[0m [34mDEBUG[0m [1;34mfreenet::node::network_bridge::p2p_protoc[0m[34m: [34mSending message to peer. Msg: Message {Request(id: 01JWMNJ2BJR6P8E0RJN0A3E300, target: v6MWKgqHy7paw2it (@ 0.04549383835533005))}, [1;34mto[0m[34m: 127.0.0.1:33977[0m
    [2;3mat[0m crates/core/src/node/network_bridge/p2p_protoc.rs:934
    [2;3min[0m freenet::node::network_bridge::p2p_protoc::[1mnetwork_event_listener[0m [2;3mwith[0m [1mpeer[0m: v6MWKgqHKGmP3ebi
    [2;3min[0m test_small_network_get_issue::[1mnode1[0m

  [2m2025-06-01T02:36:30.452367Z[0m [34mDEBUG[0m [1;34mfreenet::transport::peer_connection::outbound_stream[0m[34m: [34msending stream, [1;34mstream_id[0m[34m: 5, [1;34mlength[0m[34m: 2111[0m
    [2;3mat[0m crates/core/src/transport/peer_connection/outbound_stream.rs:41
    [2;3min[0m freenet::transport::peer_connection::[1moutbound_stream[0m
    [2;3min[0m freenet::transport::peer_connection::[1mpeer_connection[0m
    [2;3min[0m freenet::node::network_bridge::p2p_protoc::[1mnetwork_event_listener[0m [2;3mwith[0m [1mpeer[0m: v6MWKgqHKGmP3ebi
    [2;3min[0m test_small_network_get_issue::[1mnode1[0m

  [2m2025-06-01T02:36:30.455580Z[0m [34mDEBUG[0m [1;34mfreenet::node::network_bridge::p2p_protoc[0m[34m: [34mReceived message from peer. Msg: Message {Request(id: 01JWMNJ2BJR6P8E0RJN0A3E300, target: v6MWKgqHy7paw2it (@ 0.04549383835533005))}, [1;34mfrom[0m[34m: 127.0.0.1:43237[0m
    [2;3mat[0m crates/core/src/node/network_bridge/p2p_protoc.rs:961
    [2;3min[0m freenet::node::network_bridge::p2p_protoc::[1mnetwork_event_listener[0m [2;3mwith[0m [1mpeer[0m: v6MWKgqHy7paw2it
    [2;3min[0m test_small_network_get_issue::[1mgateway[0m

  [2m2025-06-01T02:36:30.455740Z[0m [34mDEBUG[0m [1;34mfreenet::node[0m[34m: [34mProcessing operation, iteration: 0, [1;34mtx[0m[34m: Some(01JWMNJ2BJR6P8E0RJN0A3E300)[0m
    [2;3mat[0m crates/core/src/node/mod.rs:546
    [2;3min[0m freenet::node::network_bridge::p2p_protoc::[1mprocess_network_message[0m [2;3mwith[0m [1mtransaction[0m: 01JWMNJ2BJR6P8E0RJN0A3E300, [1mtx_type[0m: connect
    [2;3min[0m freenet::node::network_bridge::p2p_protoc::[1mnetwork_event_listener[0m [2;3mwith[0m [1mpeer[0m: v6MWKgqHy7paw2it
    [2;3min[0m test_small_network_get_issue::[1mgateway[0m

  [2m2025-06-01T02:36:30.455880Z[0m [34mDEBUG[0m [1;34mfreenet::operations::connect[0m[34m: [34mGot queried for new connections from joiner, [1;34mtx[0m[34m: 01JWMNJ2BJR6P8E0RJN0A3E300, [1;34mquery_target[0m[34m: v6MWKgqHy7paw2it, [1;34mjoiner[0m[34m: v6MWKgqHKGmP3ebi, [1;34mskip_connections[0m[34m: {v6MWKgqHKGmP3ebi, v6MWKgqHy7paw2it}, [1;34mskip_forwards[0m[34m: {v6MWKgqHKGmP3ebi, v6MWKgqHy7paw2it}[0m
    [2;3mat[0m crates/core/src/operations/connect.rs:187
    [2;3min[0m freenet::node::[1mhandle_connect_op_request[0m [2;3mwith[0m [1mtransaction[0m: 01JWMNJ2BJR6P8E0RJN0A3E300, [1mtx_type[0m: connect
    [2;3min[0m freenet::node::network_bridge::p2p_protoc::[1mprocess_network_message[0m [2;3mwith[0m [1mtransaction[0m: 01JWMNJ2BJR6P8E0RJN0A3E300, [1mtx_type[0m: connect
    [2;3min[0m freenet::node::network_bridge::p2p_protoc::[1mnetwork_event_listener[0m [2;3mwith[0m [1mpeer[0m: v6MWKgqHy7paw2it
    [2;3min[0m test_small_network_get_issue::[1mgateway[0m

  [2m2025-06-01T02:36:30.456014Z[0m [34mDEBUG[0m [1;34mfreenet::operations::connect[0m[34m: [34mFound a desirable peer to connect to, [1;34mtx[0m[34m: 01JWMNJ2BJR6P8E0RJN0A3E300, [1;34mquery_target[0m[34m: v6MWKgqHy7paw2it, [1;34mjoiner[0m[34m: v6MWKgqHKGmP3ebi, [1;34mdesirable_peer[0m[34m: v6MWKgqJ277dPytc[0m
    [2;3mat[0m crates/core/src/operations/connect.rs:199
    [2;3min[0m freenet::node::[1mhandle_connect_op_request[0m [2;3mwith[0m [1mtransaction[0m: 01JWMNJ2BJR6P8E0RJN0A3E300, [1mtx_type[0m: connect
    [2;3min[0m freenet::node::network_bridge::p2p_protoc::[1mprocess_network_message[0m [2;3mwith[0m [1mtransaction[0m: 01JWMNJ2BJR6P8E0RJN0A3E300, [1mtx_type[0m: connect
    [2;3min[0m freenet::node::network_bridge::p2p_protoc::[1mnetwork_event_listener[0m [2;3mwith[0m [1mpeer[0m: v6MWKgqHy7paw2it
    [2;3min[0m test_small_network_get_issue::[1mgateway[0m

  [2m2025-06-01T02:36:30.456118Z[0m [34mDEBUG[0m [1;34mfreenet::topology[0m[34m: [34mRecording request sent to peer, [1;34mrequest_type[0m[34m: connect, [1;34mrecipient[0m[34m: v6MWKgqJ277dPytc (@ 0.8986025731098363)[0m
    [2;3mat[0m crates/core/src/topology/mod.rs:100
    [2;3min[0m freenet::node::[1mhandle_connect_op_request[0m [2;3mwith[0m [1mtransaction[0m: 01JWMNJ2BJR6P8E0RJN0A3E300, [1mtx_type[0m: connect
    [2;3min[0m freenet::node::network_bridge::p2p_protoc::[1mprocess_network_message[0m [2;3mwith[0m [1mtransaction[0m: 01JWMNJ2BJR6P8E0RJN0A3E300, [1mtx_type[0m: connect
    [2;3min[0m freenet::node::network_bridge::p2p_protoc::[1mnetwork_event_listener[0m [2;3mwith[0m [1mpeer[0m: v6MWKgqHy7paw2it
    [2;3min[0m test_small_network_get_issue::[1mgateway[0m

  [2m2025-06-01T02:36:30.456197Z[0m [34mDEBUG[0m [1;34mfreenet::operations::connect[0m[34m: [34mConnect operation result, [1;34mtx[0m[34m: 01JWMNJ2BJR6P8E0RJN0A3E300, [1;34mmsg[0m[34m: None[0m
    [2;3mat[0m crates/core/src/operations/connect.rs:577
    [2;3min[0m freenet::node::[1mhandle_connect_op_request[0m [2;3mwith[0m [1mtransaction[0m: 01JWMNJ2BJR6P8E0RJN0A3E300, [1mtx_type[0m: connect
    [2;3min[0m freenet::node::network_bridge::p2p_protoc::[1mprocess_network_message[0m [2;3mwith[0m [1mtransaction[0m: 01JWMNJ2BJR6P8E0RJN0A3E300, [1mtx_type[0m: connect
    [2;3min[0m freenet::node::network_bridge::p2p_protoc::[1mnetwork_event_listener[0m [2;3mwith[0m [1mpeer[0m: v6MWKgqHy7paw2it
    [2;3min[0m test_small_network_get_issue::[1mgateway[0m

  [2m2025-06-01T02:36:30.456267Z[0m [34mDEBUG[0m [1;34mfreenet::node[0m[34m: [34mNo operation result found, [1;34mtx[0m[34m: Some(01JWMNJ2BJR6P8E0RJN0A3E300)[0m
    [2;3mat[0m crates/core/src/node/mod.rs:431
    [2;3min[0m freenet::node::network_bridge::p2p_protoc::[1mprocess_network_message[0m [2;3mwith[0m [1mtransaction[0m: 01JWMNJ2BJR6P8E0RJN0A3E300, [1mtx_type[0m: connect
    [2;3min[0m freenet::node::network_bridge::p2p_protoc::[1mnetwork_event_listener[0m [2;3mwith[0m [1mpeer[0m: v6MWKgqHy7paw2it
    [2;3min[0m test_small_network_get_issue::[1mgateway[0m

  [2m2025-06-01T02:36:30.456245Z[0m [34mDEBUG[0m [1;34mfreenet::node::network_bridge::p2p_protoc[0m[34m: [34mSending message to peer, [1;34mtarget_peer[0m[34m: v6MWKgqJ277dPytc (@ 0.8986025731098363), [1;34mmsg[0m[34m: Message {CheckConnectivity(id: 01JWMNJ2BJR6P8E0RJN0A3E300, target: v6MWKgqJ277dPytc (@ 0.8986025731098363), sender: v6MWKgqHy7paw2it (@ 0.3750290212744264), joiner: v6MWKgqHKGmP3ebi (@ 0.679579877024837))}[0m
    [2;3mat[0m crates/core/src/node/network_bridge/p2p_protoc.rs:234
    [2;3min[0m freenet::node::network_bridge::p2p_protoc::[1mnetwork_event_listener[0m [2;3mwith[0m [1mpeer[0m: v6MWKgqHy7paw2it
    [2;3min[0m test_small_network_get_issue::[1mgateway[0m

  [2m2025-06-01T02:36:30.456382Z[0m [34mDEBUG[0m [1;34mfreenet::node::network_bridge::p2p_protoc[0m[34m: [34mSending message to peer. Msg: Message {CheckConnectivity(id: 01JWMNJ2BJR6P8E0RJN0A3E300, target: v6MWKgqJ277dPytc (@ 0.8986025731098363), sender: v6MWKgqHy7paw2it (@ 0.3750290212744264), joiner: v6MWKgqHKGmP3ebi (@ 0.679579877024837))}, [1;34mto[0m[34m: 127.0.0.1:48752[0m
    [2;3mat[0m crates/core/src/node/network_bridge/p2p_protoc.rs:934
    [2;3min[0m freenet::node::network_bridge::p2p_protoc::[1mnetwork_event_listener[0m [2;3mwith[0m [1mpeer[0m: v6MWKgqHy7paw2it
    [2;3min[0m test_small_network_get_issue::[1mgateway[0m

  [2m2025-06-01T02:36:30.456901Z[0m [34mDEBUG[0m [1;34mfreenet::transport::peer_connection::outbound_stream[0m[34m: [34msending stream, [1;34mstream_id[0m[34m: 6, [1;34mlength[0m[34m: 2111[0m
    [2;3mat[0m crates/core/src/transport/peer_connection/outbound_stream.rs:41
    [2;3min[0m freenet::transport::peer_connection::[1moutbound_stream[0m
    [2;3min[0m freenet::transport::peer_connection::[1mpeer_connection[0m
    [2;3min[0m freenet::node::network_bridge::p2p_protoc::[1mnetwork_event_listener[0m [2;3mwith[0m [1mpeer[0m: v6MWKgqHy7paw2it
    [2;3min[0m test_small_network_get_issue::[1mgateway[0m

  [2m2025-06-01T02:36:30.469924Z[0m [34mDEBUG[0m [1;34mfreenet::operations::connect[0m[34m: [34mConnection status: open_connections = 1, unconnected_gateways = 0[0m
    [2;3mat[0m crates/core/src/operations/connect.rs:711

  [2m2025-06-01T02:36:30.469961Z[0m [32m INFO[0m [1;32mfreenet::operations::connect[0m[32m: [32mSuccessfully connected to 1/1 gateways! Total connections: 1[0m
    [2;3mat[0m crates/core/src/operations/connect.rs:756

  [2m2025-06-01T02:36:30.473177Z[0m [34mDEBUG[0m [1;34mfreenet::transport::connection_handler[0m[34m: [34msending protocol version and inbound key, [1;34mremote_addr[0m[34m: 127.0.0.1:48752[0m
    [2;3mat[0m crates/core/src/transport/connection_handler.rs:690
    [2;3min[0m freenet::transport::connection_handler::[1mtraverse_nat[0m
    [2;3min[0m freenet::transport::connection_handler::[1mtransport_listener[0m [2;3mwith[0m [1mpeer[0m: v6MWKgqHKGmP3ebi

  [2m2025-06-01T02:36:30.498448Z[0m [34mDEBUG[0m [1;34mfreenet::operations::connect[0m[34m: [34mConnection status: open_connections = 1, unconnected_gateways = 0[0m
    [2;3mat[0m crates/core/src/operations/connect.rs:711

  [2m2025-06-01T02:36:30.498483Z[0m [32m INFO[0m [1;32mfreenet::operations::connect[0m[32m: [32mSuccessfully connected to 1/1 gateways! Total connections: 1[0m
    [2;3mat[0m crates/core/src/operations/connect.rs:756

  [2m2025-06-01T02:36:30.524839Z[0m [34mDEBUG[0m [1;34mfreenet::transport::connection_handler[0m[34m: [34msending protocol version and inbound key, [1;34mremote_addr[0m[34m: 127.0.0.1:48752[0m
    [2;3mat[0m crates/core/src/transport/connection_handler.rs:690
    [2;3min[0m freenet::transport::connection_handler::[1mtraverse_nat[0m
    [2;3min[0m freenet::transport::connection_handler::[1mtransport_listener[0m [2;3mwith[0m [1mpeer[0m: v6MWKgqHKGmP3ebi

  [2m2025-06-01T02:36:30.577318Z[0m [34mDEBUG[0m [1;34mfreenet::transport::connection_handler[0m[34m: [34msending protocol version and inbound key, [1;34mremote_addr[0m[34m: 127.0.0.1:48752[0m
    [2;3mat[0m crates/core/src/transport/connection_handler.rs:690
    [2;3min[0m freenet::transport::connection_handler::[1mtraverse_nat[0m
    [2;3min[0m freenet::transport::connection_handler::[1mtransport_listener[0m [2;3mwith[0m [1mpeer[0m: v6MWKgqHKGmP3ebi

  [2m2025-06-01T02:36:30.629696Z[0m [34mDEBUG[0m [1;34mfreenet::transport::connection_handler[0m[34m: [34msending protocol version and inbound key, [1;34mremote_addr[0m[34m: 127.0.0.1:48752[0m
    [2;3mat[0m crates/core/src/transport/connection_handler.rs:690
    [2;3min[0m freenet::transport::connection_handler::[1mtraverse_nat[0m
    [2;3min[0m freenet::transport::connection_handler::[1mtransport_listener[0m [2;3mwith[0m [1mpeer[0m: v6MWKgqHKGmP3ebi

✓ Nodes should be up and have basic connectivity
  [2m2025-06-01T02:36:34.395690Z[0m [34mDEBUG[0m [1;34mtower_http::trace::on_request[0m[34m: [34mstarted processing request[0m
    [2;3mat[0m /home/ian/.cargo/registry/src/index.crates.io-1949cf8c6b5b557f/tower-http-0.6.4/src/trace/on_request.rs:80
    [2;3min[0m tower_http::trace::make_span::[1mrequest[0m [2;3mwith[0m [1mmethod[0m: GET, [1muri[0m: /v1/contract/command?encodingProtocol=native, [1mversion[0m: HTTP/1.1

  [2m2025-06-01T02:36:34.395834Z[0m [34mDEBUG[0m [1;34mfreenet::client_events::websocket[0m[34m: [34mconnection_info middleware extracting auth token and encoding protocol, [1;34mauth_token_q[0m[34m: None, [1;34mauth_token[0m[34m: None, [1;34mrequest_uri[0m[34m: /v1/contract/command?encodingProtocol=native[0m
    [2;3mat[0m crates/core/src/client_events/websocket.rs:228
    [2;3min[0m tower_http::trace::make_span::[1mrequest[0m [2;3mwith[0m [1mmethod[0m: GET, [1muri[0m: /v1/contract/command?encodingProtocol=native, [1mversion[0m: HTTP/1.1

  [2m2025-06-01T02:36:34.396011Z[0m [34mDEBUG[0m [1;34mtower_http::trace::on_response[0m[34m: [34mfinished processing request, [1;34mlatency[0m[34m: 0 ms, [1;34mstatus[0m[34m: 101[0m
    [2;3mat[0m /home/ian/.cargo/registry/src/index.crates.io-1949cf8c6b5b557f/tower-http-0.6.4/src/trace/on_response.rs:114
    [2;3min[0m tower_http::trace::make_span::[1mrequest[0m [2;3mwith[0m [1mmethod[0m: GET, [1muri[0m: /v1/contract/command?encodingProtocol=native, [1mversion[0m: HTTP/1.1

  [2m2025-06-01T02:36:34.396286Z[0m [34mDEBUG[0m [1;34mfreenet::client_events::websocket[0m[34m: [34msending new client connection request, [1;34massigned_token[0m[34m: None[0m
    [2;3mat[0m crates/core/src/client_events/websocket.rs:399

  [2m2025-06-01T02:36:34.396999Z[0m [34mDEBUG[0m [1;34mtower_http::trace::on_request[0m[34m: [34mstarted processing request[0m
    [2;3mat[0m /home/ian/.cargo/registry/src/index.crates.io-1949cf8c6b5b557f/tower-http-0.6.4/src/trace/on_request.rs:80
    [2;3min[0m tower_http::trace::make_span::[1mrequest[0m [2;3mwith[0m [1mmethod[0m: GET, [1muri[0m: /v1/contract/command?encodingProtocol=native, [1mversion[0m: HTTP/1.1

  [2m2025-06-01T02:36:34.397063Z[0m [34mDEBUG[0m [1;34mfreenet::client_events::websocket[0m[34m: [34mconnection_info middleware extracting auth token and encoding protocol, [1;34mauth_token_q[0m[34m: None, [1;34mauth_token[0m[34m: None, [1;34mrequest_uri[0m[34m: /v1/contract/command?encodingProtocol=native[0m
    [2;3mat[0m crates/core/src/client_events/websocket.rs:228
    [2;3min[0m tower_http::trace::make_span::[1mrequest[0m [2;3mwith[0m [1mmethod[0m: GET, [1muri[0m: /v1/contract/command?encodingProtocol=native, [1mversion[0m: HTTP/1.1

  [2m2025-06-01T02:36:34.397170Z[0m [34mDEBUG[0m [1;34mtower_http::trace::on_response[0m[34m: [34mfinished processing request, [1;34mlatency[0m[34m: 0 ms, [1;34mstatus[0m[34m: 101[0m
    [2;3mat[0m /home/ian/.cargo/registry/src/index.crates.io-1949cf8c6b5b557f/tower-http-0.6.4/src/trace/on_response.rs:114
    [2;3min[0m tower_http::trace::make_span::[1mrequest[0m [2;3mwith[0m [1mmethod[0m: GET, [1muri[0m: /v1/contract/command?encodingProtocol=native, [1mversion[0m: HTTP/1.1

  [2m2025-06-01T02:36:34.397360Z[0m [34mDEBUG[0m [1;34mfreenet::client_events::websocket[0m[34m: [34msending new client connection request, [1;34massigned_token[0m[34m: None[0m
    [2;3mat[0m crates/core/src/client_events/websocket.rs:399

  [2m2025-06-01T02:36:34.397725Z[0m [34mDEBUG[0m [1;34mtower_http::trace::on_request[0m[34m: [34mstarted processing request[0m
    [2;3mat[0m /home/ian/.cargo/registry/src/index.crates.io-1949cf8c6b5b557f/tower-http-0.6.4/src/trace/on_request.rs:80
    [2;3min[0m tower_http::trace::make_span::[1mrequest[0m [2;3mwith[0m [1mmethod[0m: GET, [1muri[0m: /v1/contract/command?encodingProtocol=native, [1mversion[0m: HTTP/1.1

  [2m2025-06-01T02:36:34.397796Z[0m [34mDEBUG[0m [1;34mfreenet::client_events::websocket[0m[34m: [34mconnection_info middleware extracting auth token and encoding protocol, [1;34mauth_token_q[0m[34m: None, [1;34mauth_token[0m[34m: None, [1;34mrequest_uri[0m[34m: /v1/contract/command?encodingProtocol=native[0m
    [2;3mat[0m crates/core/src/client_events/websocket.rs:228
    [2;3min[0m tower_http::trace::make_span::[1mrequest[0m [2;3mwith[0m [1mmethod[0m: GET, [1muri[0m: /v1/contract/command?encodingProtocol=native, [1mversion[0m: HTTP/1.1

  [2m2025-06-01T02:36:34.397910Z[0m [34mDEBUG[0m [1;34mtower_http::trace::on_response[0m[34m: [34mfinished processing request, [1;34mlatency[0m[34m: 0 ms, [1;34mstatus[0m[34m: 101[0m
    [2;3mat[0m /home/ian/.cargo/registry/src/index.crates.io-1949cf8c6b5b557f/tower-http-0.6.4/src/trace/on_response.rs:114
    [2;3min[0m tower_http::trace::make_span::[1mrequest[0m [2;3mwith[0m [1mmethod[0m: GET, [1muri[0m: /v1/contract/command?encodingProtocol=native, [1mversion[0m: HTTP/1.1

  [2m2025-06-01T02:36:34.398070Z[0m [34mDEBUG[0m [1;34mfreenet::client_events::websocket[0m[34m: [34msending new client connection request, [1;34massigned_token[0m[34m: None[0m
    [2;3mat[0m crates/core/src/client_events/websocket.rs:399

Loading contract code from /home/ian/code/freenet/freenet-core/debug-update-issues/apps/freenet-ping/app/../contracts/ping
module path: "/home/ian/code/freenet/freenet-core/debug-update-issues/apps/freenet-ping/app/../contracts/ping"
trying to compile the test contract, target: /home/ian/cargo_target_dir
Compiling contract with rust
  [2m2025-06-01T02:36:34.763154Z[0m [34mDEBUG[0m [1;34mfreenet::transport::connection_handler[0m[34m: [34msending protocol version and inbound key, [1;34mremote_addr[0m[34m: 127.0.0.1:43237[0m
    [2;3mat[0m crates/core/src/transport/connection_handler.rs:690
    [2;3min[0m freenet::transport::connection_handler::[1mtraverse_nat[0m
    [2;3min[0m freenet::transport::connection_handler::[1mtransport_listener[0m [2;3mwith[0m [1mpeer[0m: v6MWKgqJ277dPytc

  [2m2025-06-01T02:36:34.763258Z[0m [34mDEBUG[0m [1;34mfreenet::transport::connection_handler[0m[34m: [34mreceived packet after sending it, [1;34mremote_addr[0m[34m: 127.0.0.1:43237[0m
    [2;3mat[0m crates/core/src/transport/connection_handler.rs:716
    [2;3min[0m freenet::transport::connection_handler::[1mtraverse_nat[0m
    [2;3min[0m freenet::transport::connection_handler::[1mtransport_listener[0m [2;3mwith[0m [1mpeer[0m: v6MWKgqJ277dPytc

  [2m2025-06-01T02:36:34.763277Z[0m [34mDEBUG[0m [1;34mfreenet::transport::connection_handler[0m[34m: [34mreceived packet from remote: [80, 96, 142, 179, 251, 177, 113, 252, 95, 146, 31, 73, 178, 118, 189, 63, 64, 126, 143, 233, 242, 93, 113, 197, 23, 104, 175, 208, 245, 227, 46, 247, 84, 89, 247, 72, 41, 119, 240, 39, 30, 197, 56, 192, 23, 99, 93, 100, 134, 91, 67, 213, 228, 32, 230, 164, 147, 146, 52, 28, 85, 155, 214, 172, 180, 125, 227, 99, 183, 175, 44, 254, 121, 187, 186, 222, 72, 95, 208, 26, 197, 237, 156, 119, 216, 55, 200, 203, 232, 215, 242, 141, 120, 66, 163, 196, 159, 100, 13, 16, 67, 172, 193, 160, 227, 37, 40, 13, 19, 135, 227, 77, 207, 216, 104, 7, 126, 216, 251, 80, 237, 77, 48, 196, 78, 226, 48, 55, 209, 226, 204, 232, 49, 57, 234, 96, 76, 54, 230, 73, 40, 55, 184, 102, 12, 12, 66, 220, 107, 12, 93, 51, 185, 172, 19, 236, 47, 67, 117, 248, 143, 85, 158, 59, 16, 45, 189, 189, 201, 106, 72, 185, 47, 53, 118, 147, 26, 206, 248, 32, 160, 253, 53, 60, 23, 139, 144, 235, 190, 162, 157, 246, 255, 120, 60, 97, 45, 14, 43, 1, 78, 132, 220, 24, 248, 28, 123, 93, 205, 149, 207, 192, 136, 177, 139, 61, 87, 103, 140, 78, 196, 237, 173, 239, 41, 244, 175, 82, 186, 150, 113, 129, 235, 117, 201, 96, 41, 133, 22, 40, 21, 11, 112, 64, 244, 18, 107, 66, 78, 77, 193, 176, 9, 57, 223, 125], [1;34mremote_addr[0m[34m: 127.0.0.1:43237[0m
    [2;3mat[0m crates/core/src/transport/connection_handler.rs:721
    [2;3min[0m freenet::transport::connection_handler::[1mtraverse_nat[0m
    [2;3min[0m freenet::transport::connection_handler::[1mtransport_listener[0m [2;3mwith[0m [1mpeer[0m: v6MWKgqJ277dPytc

  [2m2025-06-01T02:36:34.767064Z[0m [34mDEBUG[0m [1;34mfreenet::transport::connection_handler[0m[34m: [34mreceived intro packet, [1;34mremote_addr[0m[34m: 127.0.0.1:43237[0m
    [2;3mat[0m crates/core/src/transport/connection_handler.rs:639
    [2;3min[0m freenet::transport::connection_handler::[1mtraverse_nat[0m
    [2;3min[0m freenet::transport::connection_handler::[1mtransport_listener[0m [2;3mwith[0m [1mpeer[0m: v6MWKgqJ277dPytc

  [2m2025-06-01T02:36:34.767098Z[0m [34mDEBUG[0m [1;34mfreenet::transport::connection_handler[0m[34m: [34msending back protocol version and inbound key to remote, [1;34mremote_addr[0m[34m: 127.0.0.1:43237[0m
    [2;3mat[0m crates/core/src/transport/connection_handler.rs:697
    [2;3min[0m freenet::transport::connection_handler::[1mtraverse_nat[0m
    [2;3min[0m freenet::transport::connection_handler::[1mtransport_listener[0m [2;3mwith[0m [1mpeer[0m: v6MWKgqJ277dPytc

  [2m2025-06-01T02:36:34.767444Z[0m [34mDEBUG[0m [1;34mfreenet::transport::connection_handler[0m[34m: [34mreceived packet after sending it, [1;34mremote_addr[0m[34m: 127.0.0.1:43237[0m
    [2;3mat[0m crates/core/src/transport/connection_handler.rs:716
    [2;3min[0m freenet::transport::connection_handler::[1mtraverse_nat[0m
    [2;3min[0m freenet::transport::connection_handler::[1mtransport_listener[0m [2;3mwith[0m [1mpeer[0m: v6MWKgqJ277dPytc

  [2m2025-06-01T02:36:34.767468Z[0m [34mDEBUG[0m [1;34mfreenet::transport::connection_handler[0m[34m: [34mreceived repeated intro packet, re-sending ACK, [1;34mremote_addr[0m[34m: 127.0.0.1:43237[0m
    [2;3mat[0m crates/core/src/transport/connection_handler.rs:826
    [2;3min[0m freenet::transport::connection_handler::[1mtraverse_nat[0m
    [2;3min[0m freenet::transport::connection_handler::[1mtransport_listener[0m [2;3mwith[0m [1mpeer[0m: v6MWKgqJ277dPytc

  [2m2025-06-01T02:36:34.767541Z[0m [34mDEBUG[0m [1;34mfreenet::transport::connection_handler[0m[34m: [34msending back protocol version and inbound key to remote, [1;34mremote_addr[0m[34m: 127.0.0.1:43237[0m
    [2;3mat[0m crates/core/src/transport/connection_handler.rs:697
    [2;3min[0m freenet::transport::connection_handler::[1mtraverse_nat[0m
    [2;3min[0m freenet::transport::connection_handler::[1mtransport_listener[0m [2;3mwith[0m [1mpeer[0m: v6MWKgqJ277dPytc

  [2m2025-06-01T02:36:34.767609Z[0m [34mDEBUG[0m [1;34mfreenet::transport::connection_handler[0m[34m: [34mreceived packet after sending it, [1;34mremote_addr[0m[34m: 127.0.0.1:43237[0m
    [2;3mat[0m crates/core/src/transport/connection_handler.rs:716
    [2;3min[0m freenet::transport::connection_handler::[1mtraverse_nat[0m
    [2;3min[0m freenet::transport::connection_handler::[1mtransport_listener[0m [2;3mwith[0m [1mpeer[0m: v6MWKgqJ277dPytc

  [2m2025-06-01T02:36:34.767626Z[0m [34mDEBUG[0m [1;34mfreenet::transport::connection_handler[0m[34m: [34mreceived repeated intro packet, re-sending ACK, [1;34mremote_addr[0m[34m: 127.0.0.1:43237[0m
    [2;3mat[0m crates/core/src/transport/connection_handler.rs:826
    [2;3min[0m freenet::transport::connection_handler::[1mtraverse_nat[0m
    [2;3min[0m freenet::transport::connection_handler::[1mtransport_listener[0m [2;3mwith[0m [1mpeer[0m: v6MWKgqJ277dPytc

  [2m2025-06-01T02:36:34.767689Z[0m [34mDEBUG[0m [1;34mfreenet::transport::connection_handler[0m[34m: [34msending back protocol version and inbound key to remote, [1;34mremote_addr[0m[34m: 127.0.0.1:43237[0m
    [2;3mat[0m crates/core/src/transport/connection_handler.rs:697
    [2;3min[0m freenet::transport::connection_handler::[1mtraverse_nat[0m
    [2;3min[0m freenet::transport::connection_handler::[1mtransport_listener[0m [2;3mwith[0m [1mpeer[0m: v6MWKgqJ277dPytc

  [2m2025-06-01T02:36:34.767750Z[0m [34mDEBUG[0m [1;34mfreenet::transport::connection_handler[0m[34m: [34mreceived packet after sending it, [1;34mremote_addr[0m[34m: 127.0.0.1:43237[0m
    [2;3mat[0m crates/core/src/transport/connection_handler.rs:716
    [2;3min[0m freenet::transport::connection_handler::[1mtraverse_nat[0m
    [2;3min[0m freenet::transport::connection_handler::[1mtransport_listener[0m [2;3mwith[0m [1mpeer[0m: v6MWKgqJ277dPytc

  [2m2025-06-01T02:36:34.767765Z[0m [34mDEBUG[0m [1;34mfreenet::transport::connection_handler[0m[34m: [34mreceived repeated intro packet, re-sending ACK, [1;34mremote_addr[0m[34m: 127.0.0.1:43237[0m
    [2;3mat[0m crates/core/src/transport/connection_handler.rs:826
    [2;3min[0m freenet::transport::connection_handler::[1mtraverse_nat[0m
    [2;3min[0m freenet::transport::connection_handler::[1mtransport_listener[0m [2;3mwith[0m [1mpeer[0m: v6MWKgqJ277dPytc

  [2m2025-06-01T02:36:34.767831Z[0m [34mDEBUG[0m [1;34mfreenet::transport::connection_handler[0m[34m: [34msending back protocol version and inbound key to remote, [1;34mremote_addr[0m[34m: 127.0.0.1:43237[0m
    [2;3mat[0m crates/core/src/transport/connection_handler.rs:697
    [2;3min[0m freenet::transport::connection_handler::[1mtraverse_nat[0m
    [2;3min[0m freenet::transport::connection_handler::[1mtransport_listener[0m [2;3mwith[0m [1mpeer[0m: v6MWKgqJ277dPytc

  [2m2025-06-01T02:36:34.767895Z[0m [34mDEBUG[0m [1;34mfreenet::transport::connection_handler[0m[34m: [34mreceived packet after sending it, [1;34mremote_addr[0m[34m: 127.0.0.1:43237[0m
    [2;3mat[0m crates/core/src/transport/connection_handler.rs:716
    [2;3min[0m freenet::transport::connection_handler::[1mtraverse_nat[0m
    [2;3min[0m freenet::transport::connection_handler::[1mtransport_listener[0m [2;3mwith[0m [1mpeer[0m: v6MWKgqJ277dPytc

  [2m2025-06-01T02:36:34.767911Z[0m [34mDEBUG[0m [1;34mfreenet::transport::connection_handler[0m[34m: [34mreceived repeated intro packet, re-sending ACK, [1;34mremote_addr[0m[34m: 127.0.0.1:43237[0m
    [2;3mat[0m crates/core/src/transport/connection_handler.rs:826
    [2;3min[0m freenet::transport::connection_handler::[1mtraverse_nat[0m
    [2;3min[0m freenet::transport::connection_handler::[1mtransport_listener[0m [2;3mwith[0m [1mpeer[0m: v6MWKgqJ277dPytc

  [2m2025-06-01T02:36:34.767965Z[0m [34mDEBUG[0m [1;34mfreenet::transport::connection_handler[0m[34m: [34msending back protocol version and inbound key to remote, [1;34mremote_addr[0m[34m: 127.0.0.1:43237[0m
    [2;3mat[0m crates/core/src/transport/connection_handler.rs:697
    [2;3min[0m freenet::transport::connection_handler::[1mtraverse_nat[0m
    [2;3min[0m freenet::transport::connection_handler::[1mtransport_listener[0m [2;3mwith[0m [1mpeer[0m: v6MWKgqJ277dPytc

  [2m2025-06-01T02:36:34.768401Z[0m [34mDEBUG[0m [1;34mfreenet::transport::connection_handler[0m[34m: [34mreceived packet after sending it, [1;34mremote_addr[0m[34m: 127.0.0.1:43237[0m
    [2;3mat[0m crates/core/src/transport/connection_handler.rs:716
    [2;3min[0m freenet::transport::connection_handler::[1mtraverse_nat[0m
    [2;3min[0m freenet::transport::connection_handler::[1mtransport_listener[0m [2;3mwith[0m [1mpeer[0m: v6MWKgqJ277dPytc

  [2m2025-06-01T02:36:34.768422Z[0m [34mDEBUG[0m [1;34mfreenet::transport::connection_handler[0m[34m: [34mreceived repeated intro packet, re-sending ACK, [1;34mremote_addr[0m[34m: 127.0.0.1:43237[0m
    [2;3mat[0m crates/core/src/transport/connection_handler.rs:826
    [2;3min[0m freenet::transport::connection_handler::[1mtraverse_nat[0m
    [2;3min[0m freenet::transport::connection_handler::[1mtransport_listener[0m [2;3mwith[0m [1mpeer[0m: v6MWKgqJ277dPytc

  [2m2025-06-01T02:36:34.768489Z[0m [34mDEBUG[0m [1;34mfreenet::transport::connection_handler[0m[34m: [34msending back protocol version and inbound key to remote, [1;34mremote_addr[0m[34m: 127.0.0.1:43237[0m
    [2;3mat[0m crates/core/src/transport/connection_handler.rs:697
    [2;3min[0m freenet::transport::connection_handler::[1mtraverse_nat[0m
    [2;3min[0m freenet::transport::connection_handler::[1mtransport_listener[0m [2;3mwith[0m [1mpeer[0m: v6MWKgqJ277dPytc

    Finished `dev` profile [unoptimized + debuginfo] target(s) in 0.38s
output file: "/home/ian/cargo_target_dir/wasm32-unknown-unknown/debug/freenet_ping_contract.wasm"
📤 Node1 publishing ping contract...
  [2m2025-06-01T02:36:34.923917Z[0m [34mDEBUG[0m [1;34mfreenet_stdlib::client_api::regular[0m[34m: [34msending request, [1;34mrequest[0m[34m: ContractOp(Put { contract: Wasm(V1(WrappedContract { data: ContractCode { hash: CodeHash("aatgnh5cpc5hpravn7ediuubhsmlykiubfqpl2fm7kmk"), params: Parameters([123, 34, 116, 116, 108, 34, 58, 34, 49, 109, 34, 44, 34, 102, 114, 101, 113, 117, 101, 110, 99, 121, 34, 58, 34, 50, 115, 34, 44, 34, 116, 97, 103, 34, 58, 34, 112, 105, 110, 103, 45, 97, 112, 112, 34, 44, 34, 99, 111, 100, 101, 95, 107, 101, 121, 34, 58, 34, 34, 125]), key: ContractKey { instance: ContractInstanceId("7h99HJYhaMNQchCZtTDThc4pfeNx8BPPhrGqhN84NrPV"), code: Some(CodeHash("aatgnh5cpc5hpravn7ediuubhsmlykiubfqpl2fm7kmk")) } })), state: ContractState(data: [0x7b2266726f6d223a...]), related_contracts: RelatedContracts { map: {} }, subscribe: false })[0m
    [2;3mat[0m stdlib/rust/src/client_api/regular.rs:118
    [2;3min[0m test_small_network_get_issue::[1mtest_small_network_get_failure[0m

Waiting for put response...
  [2m2025-06-01T02:36:34.926231Z[0m [34mDEBUG[0m [1;34mfreenet::node::network_bridge::p2p_protoc[0m[34m: [34mReceived message from peer. Msg: Message {CheckConnectivity(id: 01JWMNJ2BJR6P8E0RJN0A3E300, target: v6MWKgqJ277dPytc (@ 0.8986025731098363), sender: v6MWKgqHy7paw2it (@ 0.3750290212744264), joiner: v6MWKgqHKGmP3ebi (@ 0.679579877024837))}, [1;34mfrom[0m[34m: 127.0.0.1:33977[0m
    [2;3mat[0m crates/core/src/node/network_bridge/p2p_protoc.rs:961
    [2;3min[0m freenet::node::network_bridge::p2p_protoc::[1mnetwork_event_listener[0m [2;3mwith[0m [1mpeer[0m: v6MWKgqJ277dPytc
    [2;3min[0m test_small_network_get_issue::[1mnode2[0m

  [2m2025-06-01T02:36:34.926509Z[0m [34mDEBUG[0m [1;34mfreenet::node[0m[34m: [34mProcessing operation, iteration: 0, [1;34mtx[0m[34m: Some(01JWMNJ2BJR6P8E0RJN0A3E300)[0m
    [2;3mat[0m crates/core/src/node/mod.rs:546
    [2;3min[0m freenet::node::network_bridge::p2p_protoc::[1mprocess_network_message[0m [2;3mwith[0m [1mtransaction[0m: 01JWMNJ2BJR6P8E0RJN0A3E300, [1mtx_type[0m: connect
    [2;3min[0m freenet::node::network_bridge::p2p_protoc::[1mnetwork_event_listener[0m [2;3mwith[0m [1mpeer[0m: v6MWKgqJ277dPytc
    [2;3min[0m test_small_network_get_issue::[1mnode2[0m

  [2m2025-06-01T02:36:34.926625Z[0m [34mDEBUG[0m [1;34mfreenet::operations::connect[0m[34m: [34mChecking connectivity request received, [1;34mtx[0m[34m: 01JWMNJ2BJR6P8E0RJN0A3E300, [1;34mat[0m[34m: v6MWKgqJ277dPytc, [1;34mhops_to_live[0m[34m: 8, [1;34mjoiner[0m[34m: v6MWKgqHKGmP3ebi (@ 0.679579877024837)[0m
    [2;3mat[0m crates/core/src/operations/connect.rs:286
    [2;3min[0m freenet::node::[1mhandle_connect_op_request[0m [2;3mwith[0m [1mtransaction[0m: 01JWMNJ2BJR6P8E0RJN0A3E300, [1mtx_type[0m: connect
    [2;3min[0m freenet::node::network_bridge::p2p_protoc::[1mprocess_network_message[0m [2;3mwith[0m [1mtransaction[0m: 01JWMNJ2BJR6P8E0RJN0A3E300, [1mtx_type[0m: connect
    [2;3min[0m freenet::node::network_bridge::p2p_protoc::[1mnetwork_event_listener[0m [2;3mwith[0m [1mpeer[0m: v6MWKgqJ277dPytc
    [2;3min[0m test_small_network_get_issue::[1mnode2[0m

  [2m2025-06-01T02:36:34.926690Z[0m [34mDEBUG[0m [1;34mfreenet::ring::connection_manager[0m[34m: [34mChecking if should accept connection[0m
    [2;3mat[0m crates/core/src/ring/connection_manager.rs:143
    [2;3min[0m freenet::node::[1mhandle_connect_op_request[0m [2;3mwith[0m [1mtransaction[0m: 01JWMNJ2BJR6P8E0RJN0A3E300, [1mtx_type[0m: connect
    [2;3min[0m freenet::node::network_bridge::p2p_protoc::[1mprocess_network_message[0m [2;3mwith[0m [1mtransaction[0m: 01JWMNJ2BJR6P8E0RJN0A3E300, [1mtx_type[0m: connect
    [2;3min[0m freenet::node::network_bridge::p2p_protoc::[1mnetwork_event_listener[0m [2;3mwith[0m [1mpeer[0m: v6MWKgqJ277dPytc
    [2;3min[0m test_small_network_get_issue::[1mnode2[0m

  [2m2025-06-01T02:36:34.926713Z[0m [34mDEBUG[0m [1;34mfreenet::topology[0m[34m: [34mEvaluating new connection for candidate location: Location(0.679579877024837)[0m
    [2;3mat[0m crates/core/src/topology/mod.rs:114
    [2;3min[0m freenet::node::[1mhandle_connect_op_request[0m [2;3mwith[0m [1mtransaction[0m: 01JWMNJ2BJR6P8E0RJN0A3E300, [1mtx_type[0m: connect
    [2;3min[0m freenet::node::network_bridge::p2p_protoc::[1mprocess_network_message[0m [2;3mwith[0m [1mtransaction[0m: 01JWMNJ2BJR6P8E0RJN0A3E300, [1mtx_type[0m: connect
    [2;3min[0m freenet::node::network_bridge::p2p_protoc::[1mnetwork_event_listener[0m [2;3mwith[0m [1mpeer[0m: v6MWKgqJ277dPytc
    [2;3min[0m test_small_network_get_issue::[1mnode2[0m

  [2m2025-06-01T02:36:34.926732Z[0m [34mDEBUG[0m [1;34mfreenet::ring::connection_manager[0m[34m: [34mAccepted connection, topology manager, [1;34mpeer_id[0m[34m: v6MWKgqHKGmP3ebi[0m
    [2;3mat[0m crates/core/src/ring/connection_manager.rs:179
    [2;3min[0m freenet::node::[1mhandle_connect_op_request[0m [2;3mwith[0m [1mtransaction[0m: 01JWMNJ2BJR6P8E0RJN0A3E300, [1mtx_type[0m: connect
    [2;3min[0m freenet::node::network_bridge::p2p_protoc::[1mprocess_network_message[0m [2;3mwith[0m [1mtransaction[0m: 01JWMNJ2BJR6P8E0RJN0A3E300, [1mtx_type[0m: connect
    [2;3min[0m freenet::node::network_bridge::p2p_protoc::[1mnetwork_event_listener[0m [2;3mwith[0m [1mpeer[0m: v6MWKgqJ277dPytc
    [2;3min[0m test_small_network_get_issue::[1mnode2[0m

  [2m2025-06-01T02:36:34.926759Z[0m [34mDEBUG[0m [1;34mfreenet::ring::connection_manager[0m[34m: [34mAccepted connection, reserving spot, [1;34mpeer_id[0m[34m: v6MWKgqHKGmP3ebi[0m
    [2;3mat[0m crates/core/src/ring/connection_manager.rs:189
    [2;3min[0m freenet::node::[1mhandle_connect_op_request[0m [2;3mwith[0m [1mtransaction[0m: 01JWMNJ2BJR6P8E0RJN0A3E300, [1mtx_type[0m: connect
    [2;3min[0m freenet::node::network_bridge::p2p_protoc::[1mprocess_network_message[0m [2;3mwith[0m [1mtransaction[0m: 01JWMNJ2BJR6P8E0RJN0A3E300, [1mtx_type[0m: connect
    [2;3min[0m freenet::node::network_bridge::p2p_protoc::[1mnetwork_event_listener[0m [2;3mwith[0m [1mpeer[0m: v6MWKgqJ277dPytc
    [2;3min[0m test_small_network_get_issue::[1mnode2[0m

  [2m2025-06-01T02:36:34.926793Z[0m [34mDEBUG[0m [1;34mfreenet::operations::connect[0m[34m: [34mAccepting connection from, [1;34mtx[0m[34m: 01JWMNJ2BJR6P8E0RJN0A3E300, [1;34mjoiner[0m[34m: v6MWKgqHKGmP3ebi (@ 0.679579877024837)[0m
    [2;3mat[0m crates/core/src/operations/connect.rs:299
    [2;3min[0m freenet::node::[1mhandle_connect_op_request[0m [2;3mwith[0m [1mtransaction[0m: 01JWMNJ2BJR6P8E0RJN0A3E300, [1mtx_type[0m: connect
    [2;3min[0m freenet::node::network_bridge::p2p_protoc::[1mprocess_network_message[0m [2;3mwith[0m [1mtransaction[0m: 01JWMNJ2BJR6P8E0RJN0A3E300, [1mtx_type[0m: connect
    [2;3min[0m freenet::node::network_bridge::p2p_protoc::[1mnetwork_event_listener[0m [2;3mwith[0m [1mpeer[0m: v6MWKgqJ277dPytc
    [2;3min[0m test_small_network_get_issue::[1mnode2[0m

  [2m2025-06-01T02:36:34.936247Z[0m [32m INFO[0m [1;32mfreenet::node::network_bridge::p2p_protoc[0m[32m: [32mConnecting to peer, [1;32mtx[0m[32m: 01JWMNJ2BJR6P8E0RJN0A3E300, [1;32mremote[0m[32m: v6MWKgqHKGmP3ebi[0m
    [2;3mat[0m crates/core/src/node/network_bridge/p2p_protoc.rs:477
    [2;3min[0m freenet::node::network_bridge::p2p_protoc::[1mnetwork_event_listener[0m [2;3mwith[0m [1mpeer[0m: v6MWKgqJ277dPytc
    [2;3min[0m test_small_network_get_issue::[1mnode2[0m

  [2m2025-06-01T02:36:34.936388Z[0m [34mDEBUG[0m [1;34mfreenet::node::network_bridge::p2p_protoc[0m[34m: [34mSuccessfully initiated connection process for peer: v6MWKgqHKGmP3ebi, [1;34mtx[0m[34m: 01JWMNJ2BJR6P8E0RJN0A3E300[0m
    [2;3mat[0m crates/core/src/node/network_bridge/p2p_protoc.rs:501
    [2;3min[0m freenet::node::network_bridge::p2p_protoc::[1mnetwork_event_listener[0m [2;3mwith[0m [1mpeer[0m: v6MWKgqJ277dPytc
    [2;3min[0m test_small_network_get_issue::[1mnode2[0m

  [2m2025-06-01T02:36:34.936516Z[0m [34mDEBUG[0m [1;34mfreenet::node::network_bridge::handshake[0m[34m: [34mStarting outbound connection to 127.0.0.1:43237[0m
    [2;3mat[0m crates/core/src/node/network_bridge/handshake.rs:715
    [2;3min[0m freenet::node::network_bridge::handshake::[1mwait_for_events[0m
    [2;3min[0m freenet::node::network_bridge::p2p_protoc::[1mnetwork_event_listener[0m [2;3mwith[0m [1mpeer[0m: v6MWKgqJ277dPytc
    [2;3min[0m test_small_network_get_issue::[1mnode2[0m

  [2m2025-06-01T02:36:34.936546Z[0m [31mERROR[0m [1;31mfreenet::node[0m[31m: [31mFinished transaction with error: failed notifying, channel closed[0m
    [2;3mat[0m crates/core/src/node/mod.rs:442
    [2;3min[0m freenet::node::network_bridge::p2p_protoc::[1mprocess_network_message[0m [2;3mwith[0m [1mtransaction[0m: 01JWMNHQMNSFCA1X1QYFJ1YV80, [1mtx_type[0m: connect
    [2;3min[0m freenet::node::network_bridge::p2p_protoc::[1mnetwork_event_listener[0m [2;3mwith[0m [1mpeer[0m: v6MWKgqJ277dPytc
    [2;3min[0m test_small_network_get_issue::[1mnode2[0m

  [2m2025-06-01T02:36:34.936601Z[0m [34mDEBUG[0m [1;34mfreenet::transport::connection_handler[0m[34m: [34mreceived connection event, [1;34mremote_addr[0m[34m: 127.0.0.1:43237[0m
    [2;3mat[0m crates/core/src/transport/connection_handler.rs:455
    [2;3min[0m freenet::transport::connection_handler::[1mtransport_listener[0m [2;3mwith[0m [1mpeer[0m: v6MWKgqJ277dPytc

  [2m2025-06-01T02:36:34.936631Z[0m [34mDEBUG[0m [1;34mfreenet::transport::connection_handler[0m[34m: [34mattempting to establish connection, [1;34mremote_addr[0m[34m: 127.0.0.1:43237[0m
    [2;3mat[0m crates/core/src/transport/connection_handler.rs:460
    [2;3min[0m freenet::transport::connection_handler::[1mtransport_listener[0m [2;3mwith[0m [1mpeer[0m: v6MWKgqJ277dPytc

  [2m2025-06-01T02:36:34.936649Z[0m [34mDEBUG[0m [1;34mfreenet::transport::connection_handler[0m[34m: [34mStarting NAT traversal, [1;34mremote_addr[0m[34m: 127.0.0.1:43237[0m
    [2;3mat[0m crates/core/src/transport/connection_handler.rs:597
    [2;3min[0m freenet::transport::connection_handler::[1mtransport_listener[0m [2;3mwith[0m [1mpeer[0m: v6MWKgqJ277dPytc

  [2m2025-06-01T02:36:34.936867Z[0m [34mDEBUG[0m [1;34mfreenet::node::network_bridge::handshake[0m[34m: [34mfailed to establish outbound connection: failed while establishing connection, reason: Failed to establish connection, [1;34mremote[0m[34m: v6MWKgqHKGmP3ebi[0m
    [2;3mat[0m crates/core/src/node/network_bridge/handshake.rs:730
    [2;3min[0m freenet::node::network_bridge::handshake::[1mwait_for_events[0m
    [2;3min[0m freenet::node::network_bridge::p2p_protoc::[1mnetwork_event_listener[0m [2;3mwith[0m [1mpeer[0m: v6MWKgqJ277dPytc
    [2;3min[0m test_small_network_get_issue::[1mnode2[0m

  [2m2025-06-01T02:36:34.936925Z[0m [34mDEBUG[0m [1;34mfreenet::node::network_bridge::handshake[0m[34m: [34mOutbound connection failed: failed while establishing connection, reason: Failed to establish connection, [1;34mfrom[0m[34m: 127.0.0.1:43237[0m
    [2;3mat[0m crates/core/src/node/network_bridge/handshake.rs:333
    [2;3min[0m freenet::node::network_bridge::handshake::[1mwait_for_events[0m
    [2;3min[0m freenet::node::network_bridge::p2p_protoc::[1mnetwork_event_listener[0m [2;3mwith[0m [1mpeer[0m: v6MWKgqJ277dPytc
    [2;3min[0m test_small_network_get_issue::[1mnode2[0m

  [2m2025-06-01T02:36:34.936951Z[0m [34mDEBUG[0m [1;34mfreenet::ring::connection_manager[0m[34m: [34mPruning active connection, [1;34mpeer[0m[34m: v6MWKgqHKGmP3ebi[0m
    [2;3mat[0m crates/core/src/ring/connection_manager.rs:287
    [2;3min[0m freenet::node::network_bridge::handshake::[1mwait_for_events[0m
    [2;3min[0m freenet::node::network_bridge::p2p_protoc::[1mnetwork_event_listener[0m [2;3mwith[0m [1mpeer[0m: v6MWKgqJ277dPytc
    [2;3min[0m test_small_network_get_issue::[1mnode2[0m

  [2m2025-06-01T02:36:34.936985Z[0m [34mDEBUG[0m [1;34mfreenet::ring::connection_manager[0m[34m: [34mno location found for peer, skip pruning[0m
    [2;3mat[0m crates/core/src/ring/connection_manager.rs:293
    [2;3min[0m freenet::node::network_bridge::handshake::[1mwait_for_events[0m
    [2;3min[0m freenet::node::network_bridge::p2p_protoc::[1mnetwork_event_listener[0m [2;3mwith[0m [1mpeer[0m: v6MWKgqJ277dPytc
    [2;3min[0m test_small_network_get_issue::[1mnode2[0m

  [2m2025-06-01T02:36:34.937016Z[0m [32m INFO[0m [1;32mfreenet::node::network_bridge::p2p_protoc[0m[32m: [32mConnection failed: TransportError(ConnectionEstablishmentFailure { cause: "Failed to establish connection" }), [1;32mpeer_id[0m[32m: v6MWKgqHKGmP3ebi[0m
    [2;3mat[0m crates/core/src/node/network_bridge/p2p_protoc.rs:604
    [2;3min[0m freenet::node::network_bridge::p2p_protoc::[1mnetwork_event_listener[0m [2;3mwith[0m [1mpeer[0m: v6MWKgqJ277dPytc
    [2;3min[0m test_small_network_get_issue::[1mnode2[0m

  [2m2025-06-01T02:36:34.937138Z[0m [34mDEBUG[0m [1;34mfreenet::ring::connection_manager[0m[34m: [34mPruning in transit connection, [1;34mpeer[0m[34m: v6MWKgqHKGmP3ebi[0m
    [2;3mat[0m crates/core/src/ring/connection_manager.rs:287
    [2;3min[0m freenet::node::[1mhandle_connect_op_request[0m [2;3mwith[0m [1mtransaction[0m: 01JWMNJ2BJR6P8E0RJN0A3E300, [1mtx_type[0m: connect
    [2;3min[0m freenet::node::network_bridge::p2p_protoc::[1mprocess_network_message[0m [2;3mwith[0m [1mtransaction[0m: 01JWMNJ2BJR6P8E0RJN0A3E300, [1mtx_type[0m: connect
    [2;3min[0m freenet::node::network_bridge::p2p_protoc::[1mnetwork_event_listener[0m [2;3mwith[0m [1mpeer[0m: v6MWKgqJ277dPytc
    [2;3min[0m test_small_network_get_issue::[1mnode2[0m

  [2m2025-06-01T02:36:34.937251Z[0m [34mDEBUG[0m [1;34mfreenet::operations::connect[0m[34m: [34mRandomly selecting peer to forward connect request, [1;34mtx[0m[34m: 01JWMNJ2BJR6P8E0RJN0A3E300, [1;34mjoiner[0m[34m: v6MWKgqHKGmP3ebi[0m
    [2;3mat[0m crates/core/src/operations/connect.rs:1021
    [2;3min[0m freenet::node::[1mhandle_connect_op_request[0m [2;3mwith[0m [1mtransaction[0m: 01JWMNJ2BJR6P8E0RJN0A3E300, [1mtx_type[0m: connect
    [2;3min[0m freenet::node::network_bridge::p2p_protoc::[1mprocess_network_message[0m [2;3mwith[0m [1mtransaction[0m: 01JWMNJ2BJR6P8E0RJN0A3E300, [1mtx_type[0m: connect
    [2;3min[0m freenet::node::network_bridge::p2p_protoc::[1mnetwork_event_listener[0m [2;3mwith[0m [1mpeer[0m: v6MWKgqJ277dPytc
    [2;3min[0m test_small_network_get_issue::[1mnode2[0m

  [2m2025-06-01T02:36:34.937317Z[0m [34mDEBUG[0m [1;34mfreenet::transport::connection_handler[0m[34m: [34msending protocol version and inbound key, [1;34mremote_addr[0m[34m: 127.0.0.1:43237[0m
    [2;3mat[0m crates/core/src/transport/connection_handler.rs:690
    [2;3min[0m freenet::transport::connection_handler::[1mtraverse_nat[0m
    [2;3min[0m freenet::transport::connection_handler::[1mtransport_listener[0m [2;3mwith[0m [1mpeer[0m: v6MWKgqJ277dPytc

  [2m2025-06-01T02:36:34.937326Z[0m [33m WARN[0m [1;33mfreenet::operations::connect[0m[33m: [33mUnable to forward or accept any connections, [1;33mtx[0m[33m: 01JWMNJ2BJR6P8E0RJN0A3E300[0m
    [2;3mat[0m crates/core/src/operations/connect.rs:1088
    [2;3min[0m freenet::node::[1mhandle_connect_op_request[0m [2;3mwith[0m [1mtransaction[0m: 01JWMNJ2BJR6P8E0RJN0A3E300, [1mtx_type[0m: connect
    [2;3min[0m freenet::node::network_bridge::p2p_protoc::[1mprocess_network_message[0m [2;3mwith[0m [1mtransaction[0m: 01JWMNJ2BJR6P8E0RJN0A3E300, [1mtx_type[0m: connect
    [2;3min[0m freenet::node::network_bridge::p2p_protoc::[1mnetwork_event_listener[0m [2;3mwith[0m [1mpeer[0m: v6MWKgqJ277dPytc
    [2;3min[0m test_small_network_get_issue::[1mnode2[0m

  [2m2025-06-01T02:36:34.937370Z[0m [34mDEBUG[0m [1;34mfreenet::operations::connect[0m[34m: [34mConnect operation result, [1;34mtx[0m[34m: 01JWMNJ2BJR6P8E0RJN0A3E300, [1;34mmsg[0m[34m: Some(Response { id: 01JWMNJ2BJR6P8E0RJN0A3E300, sender: v6MWKgqJ277dPytc (@ 0.8986025731098363), target: v6MWKgqHy7paw2it (@ 0.3750290212744264), msg: AcceptedBy { accepted: false, acceptor: v6MWKgqJ277dPytc (@ 0.8986025731098363), joiner: v6MWKgqHKGmP3ebi } })[0m
    [2;3mat[0m crates/core/src/operations/connect.rs:577
    [2;3min[0m freenet::node::[1mhandle_connect_op_request[0m [2;3mwith[0m [1mtransaction[0m: 01JWMNJ2BJR6P8E0RJN0A3E300, [1mtx_type[0m: connect
    [2;3min[0m freenet::node::network_bridge::p2p_protoc::[1mprocess_network_message[0m [2;3mwith[0m [1mtransaction[0m: 01JWMNJ2BJR6P8E0RJN0A3E300, [1mtx_type[0m: connect
    [2;3min[0m freenet::node::network_bridge::p2p_protoc::[1mnetwork_event_listener[0m [2;3mwith[0m [1mpeer[0m: v6MWKgqJ277dPytc
    [2;3min[0m test_small_network_get_issue::[1mnode2[0m

  [2m2025-06-01T02:36:34.937566Z[0m [34mDEBUG[0m [1;34mfreenet::operations[0m[34m: [34msending back message to target, [1;34mtx_id[0m[34m: 01JWMNJ2BJR6P8E0RJN0A3E300, [1;34mtarget[0m[34m: v6MWKgqHy7paw2it[0m
    [2;3mat[0m crates/core/src/operations/mod.rs:144
    [2;3min[0m freenet::node::[1mhandle_connect_op_request[0m [2;3mwith[0m [1mtransaction[0m: 01JWMNJ2BJR6P8E0RJN0A3E300, [1mtx_type[0m: connect
    [2;3min[0m freenet::node::network_bridge::p2p_protoc::[1mprocess_network_message[0m [2;3mwith[0m [1mtransaction[0m: 01JWMNJ2BJR6P8E0RJN0A3E300, [1mtx_type[0m: connect
    [2;3min[0m freenet::node::network_bridge::p2p_protoc::[1mnetwork_event_listener[0m [2;3mwith[0m [1mpeer[0m: v6MWKgqJ277dPytc
    [2;3min[0m test_small_network_get_issue::[1mnode2[0m

  [2m2025-06-01T02:36:34.937643Z[0m [34mDEBUG[0m [1;34mfreenet::topology[0m[34m: [34mRecording request sent to peer, [1;34mrequest_type[0m[34m: connect, [1;34mrecipient[0m[34m: v6MWKgqHy7paw2it (@ 0.3750290212744264)[0m
    [2;3mat[0m crates/core/src/topology/mod.rs:100
    [2;3min[0m freenet::node::[1mhandle_connect_op_request[0m [2;3mwith[0m [1mtransaction[0m: 01JWMNJ2BJR6P8E0RJN0A3E300, [1mtx_type[0m: connect
    [2;3min[0m freenet::node::network_bridge::p2p_protoc::[1mprocess_network_message[0m [2;3mwith[0m [1mtransaction[0m: 01JWMNJ2BJR6P8E0RJN0A3E300, [1mtx_type[0m: connect
    [2;3min[0m freenet::node::network_bridge::p2p_protoc::[1mnetwork_event_listener[0m [2;3mwith[0m [1mpeer[0m: v6MWKgqJ277dPytc
    [2;3min[0m test_small_network_get_issue::[1mnode2[0m

  [2m2025-06-01T02:36:34.937737Z[0m [34mDEBUG[0m [1;34mfreenet::node[0m[34m: [34mNo operation result found, [1;34mtx[0m[34m: Some(01JWMNJ2BJR6P8E0RJN0A3E300)[0m
    [2;3mat[0m crates/core/src/node/mod.rs:431
    [2;3min[0m freenet::node::network_bridge::p2p_protoc::[1mprocess_network_message[0m [2;3mwith[0m [1mtransaction[0m: 01JWMNJ2BJR6P8E0RJN0A3E300, [1mtx_type[0m: connect
    [2;3min[0m freenet::node::network_bridge::p2p_protoc::[1mnetwork_event_listener[0m [2;3mwith[0m [1mpeer[0m: v6MWKgqJ277dPytc
    [2;3min[0m test_small_network_get_issue::[1mnode2[0m

  [2m2025-06-01T02:36:34.937810Z[0m [34mDEBUG[0m [1;34mfreenet::node::network_bridge::p2p_protoc[0m[34m: [34mSending message to peer, [1;34mtarget_peer[0m[34m: v6MWKgqHy7paw2it (@ 0.3750290212744264), [1;34mmsg[0m[34m: Message {AcceptedBy(id: 01JWMNJ2BJR6P8E0RJN0A3E300, target: v6MWKgqHy7paw2it (@ 0.3750290212744264), accepted: false, acceptor: v6MWKgqJ277dPytc (@ 0.8986025731098363))}[0m
    [2;3mat[0m crates/core/src/node/network_bridge/p2p_protoc.rs:234
    [2;3min[0m freenet::node::network_bridge::p2p_protoc::[1mnetwork_event_listener[0m [2;3mwith[0m [1mpeer[0m: v6MWKgqJ277dPytc
    [2;3min[0m test_small_network_get_issue::[1mnode2[0m

  [2m2025-06-01T02:36:34.937959Z[0m [34mDEBUG[0m [1;34mfreenet::node::network_bridge::p2p_protoc[0m[34m: [34mSending message to peer. Msg: Message {AcceptedBy(id: 01JWMNJ2BJR6P8E0RJN0A3E300, target: v6MWKgqHy7paw2it (@ 0.3750290212744264), accepted: false, acceptor: v6MWKgqJ277dPytc (@ 0.8986025731098363))}, [1;34mto[0m[34m: 127.0.0.1:33977[0m
    [2;3mat[0m crates/core/src/node/network_bridge/p2p_protoc.rs:934
    [2;3min[0m freenet::node::network_bridge::p2p_protoc::[1mnetwork_event_listener[0m [2;3mwith[0m [1mpeer[0m: v6MWKgqJ277dPytc
    [2;3min[0m test_small_network_get_issue::[1mnode2[0m

  [2m2025-06-01T02:36:34.940144Z[0m [34mDEBUG[0m [1;34mfreenet::node::network_bridge::p2p_protoc[0m[34m: [34mReceived message from peer. Msg: Message {AcceptedBy(id: 01JWMNJ2BJR6P8E0RJN0A3E300, target: v6MWKgqHy7paw2it (@ 0.3750290212744264), accepted: false, acceptor: v6MWKgqJ277dPytc (@ 0.8986025731098363))}, [1;34mfrom[0m[34m: 127.0.0.1:48752[0m
    [2;3mat[0m crates/core/src/node/network_bridge/p2p_protoc.rs:961
    [2;3min[0m freenet::node::network_bridge::p2p_protoc::[1mnetwork_event_listener[0m [2;3mwith[0m [1mpeer[0m: v6MWKgqHy7paw2it
    [2;3min[0m test_small_network_get_issue::[1mgateway[0m

  [2m2025-06-01T02:36:34.940334Z[0m [34mDEBUG[0m [1;34mfreenet::node[0m[34m: [34mProcessing operation, iteration: 0, [1;34mtx[0m[34m: Some(01JWMNJ2BJR6P8E0RJN0A3E300)[0m
    [2;3mat[0m crates/core/src/node/mod.rs:546
    [2;3min[0m freenet::node::network_bridge::p2p_protoc::[1mprocess_network_message[0m [2;3mwith[0m [1mtransaction[0m: 01JWMNJ2BJR6P8E0RJN0A3E300, [1mtx_type[0m: connect
    [2;3min[0m freenet::node::network_bridge::p2p_protoc::[1mnetwork_event_listener[0m [2;3mwith[0m [1mpeer[0m: v6MWKgqHy7paw2it
    [2;3min[0m test_small_network_get_issue::[1mgateway[0m

  [2m2025-06-01T02:36:34.940410Z[0m [34mDEBUG[0m [1;34mfreenet::operations::connect[0m[34m: [34mConnect response received, [1;34mtx[0m[34m: 01JWMNJ2BJR6P8E0RJN0A3E300, [1;34mat[0m[34m: v6MWKgqHy7paw2it, [1;34mfrom[0m[34m: v6MWKgqJ277dPytc[0m
    [2;3mat[0m crates/core/src/operations/connect.rs:389
    [2;3min[0m freenet::node::[1mhandle_connect_op_request[0m [2;3mwith[0m [1mtransaction[0m: 01JWMNJ2BJR6P8E0RJN0A3E300, [1mtx_type[0m: connect
    [2;3min[0m freenet::node::network_bridge::p2p_protoc::[1mprocess_network_message[0m [2;3mwith[0m [1mtransaction[0m: 01JWMNJ2BJR6P8E0RJN0A3E300, [1mtx_type[0m: connect
    [2;3min[0m freenet::node::network_bridge::p2p_protoc::[1mnetwork_event_listener[0m [2;3mwith[0m [1mpeer[0m: v6MWKgqHy7paw2it
    [2;3min[0m test_small_network_get_issue::[1mgateway[0m

  [2m2025-06-01T02:36:34.940462Z[0m [34mDEBUG[0m [1;34mfreenet::operations::connect[0m[34m: [34mFailed to establish any connections, aborting, [1;34mtx[0m[34m: 01JWMNJ2BJR6P8E0RJN0A3E300, [1;34mpeer[0m[34m: v6MWKgqHy7paw2it[0m
    [2;3mat[0m crates/core/src/operations/connect.rs:541
    [2;3min[0m freenet::node::[1mhandle_connect_op_request[0m [2;3mwith[0m [1mtransaction[0m: 01JWMNJ2BJR6P8E0RJN0A3E300, [1mtx_type[0m: connect
    [2;3min[0m freenet::node::network_bridge::p2p_protoc::[1mprocess_network_message[0m [2;3mwith[0m [1mtransaction[0m: 01JWMNJ2BJR6P8E0RJN0A3E300, [1mtx_type[0m: connect
    [2;3min[0m freenet::node::network_bridge::p2p_protoc::[1mnetwork_event_listener[0m [2;3mwith[0m [1mpeer[0m: v6MWKgqHy7paw2it
    [2;3min[0m test_small_network_get_issue::[1mgateway[0m

  [2m2025-06-01T02:36:34.940517Z[0m [34mDEBUG[0m [1;34mfreenet::operations[0m[34m: [34mentered in state pushed to continue with op[0m
    [2;3mat[0m crates/core/src/operations/mod.rs:94
    [2;3min[0m freenet::node::[1mhandle_connect_op_request[0m [2;3mwith[0m [1mtransaction[0m: 01JWMNJ2BJR6P8E0RJN0A3E300, [1mtx_type[0m: connect
    [2;3min[0m freenet::node::network_bridge::p2p_protoc::[1mprocess_network_message[0m [2;3mwith[0m [1mtransaction[0m: 01JWMNJ2BJR6P8E0RJN0A3E300, [1mtx_type[0m: connect
    [2;3min[0m freenet::node::network_bridge::p2p_protoc::[1mnetwork_event_listener[0m [2;3mwith[0m [1mpeer[0m: v6MWKgqHy7paw2it
    [2;3min[0m test_small_network_get_issue::[1mgateway[0m

  [2m2025-06-01T02:36:34.940545Z[0m [34mDEBUG[0m [1;34mfreenet::node[0m[34m: [34mNo operation result found, [1;34mtx[0m[34m: Some(01JWMNJ2BJR6P8E0RJN0A3E300)[0m
    [2;3mat[0m crates/core/src/node/mod.rs:431
    [2;3min[0m freenet::node::network_bridge::p2p_protoc::[1mprocess_network_message[0m [2;3mwith[0m [1mtransaction[0m: 01JWMNJ2BJR6P8E0RJN0A3E300, [1mtx_type[0m: connect
    [2;3min[0m freenet::node::network_bridge::p2p_protoc::[1mnetwork_event_listener[0m [2;3mwith[0m [1mpeer[0m: v6MWKgqHy7paw2it
    [2;3min[0m test_small_network_get_issue::[1mgateway[0m

  [2m2025-06-01T02:36:34.988947Z[0m [34mDEBUG[0m [1;34mfreenet::transport::connection_handler[0m[34m: [34msending protocol version and inbound key, [1;34mremote_addr[0m[34m: 127.0.0.1:43237[0m
    [2;3mat[0m crates/core/src/transport/connection_handler.rs:690
    [2;3min[0m freenet::transport::connection_handler::[1mtraverse_nat[0m
    [2;3min[0m freenet::transport::connection_handler::[1mtransport_listener[0m [2;3mwith[0m [1mpeer[0m: v6MWKgqJ277dPytc

  [2m2025-06-01T02:36:35.008866Z[0m [34mDEBUG[0m [1;34mfreenet::client_events::websocket[0m[34m: [34mreceived client request, [1;34mreq[0m[34m: ContractRequest::Put for contract `WasmContainer([api=0.0.1](7h99HJYhaMNQchCZtTDThc4pfeNx8BPPhrGqhN84NrPV))` with state ContractState(data: [0x7b2266726f6d223a...])[0m
    [2;3mat[0m crates/core/src/client_events/websocket.rs:473

  [2m2025-06-01T02:36:35.009027Z[0m [34mDEBUG[0m [1;34mfreenet::client_events::combinator[0m[34m: [34mreceived msg @ combinator from external id 2, msg: ContractRequest::Put for contract `WasmContainer([api=0.0.1](7h99HJYhaMNQchCZtTDThc4pfeNx8BPPhrGqhN84NrPV))` with state ContractState(data: [0x7b2266726f6d223a...])[0m
    [2;3mat[0m crates/core/src/client_events/combinator.rs:159

  [2m2025-06-01T02:36:35.009113Z[0m [34mDEBUG[0m [1;34mfreenet::client_events::combinator[0m[34m: [34mreceived request for proxy #1; internal_id=4; external_id=2; req=ContractRequest::Put for contract `WasmContainer([api=0.0.1](7h99HJYhaMNQchCZtTDThc4pfeNx8BPPhrGqhN84NrPV))` with state ContractState(data: [0x7b2266726f6d223a...])[0m
    [2;3mat[0m crates/core/src/client_events/combinator.rs:92
    [2;3min[0m freenet::node::p2p_impl::[1mclient_event_handling[0m
    [2;3min[0m test_small_network_get_issue::[1mnode1[0m

  [2m2025-06-01T02:36:35.009154Z[0m [34mDEBUG[0m [1;34mfreenet::client_events[0m[34m: [34mgot client request event, [1;34mrequest[0m[34m: client request { client: 4, req: ContractRequest::Put for contract `WasmContainer([api=0.0.1](7h99HJYhaMNQchCZtTDThc4pfeNx8BPPhrGqhN84NrPV))` with state ContractState(data: [0x7b2266726f6d223a...]) }[0m
    [2;3mat[0m crates/core/src/client_events/mod.rs:188
    [2;3min[0m freenet::node::p2p_impl::[1mclient_event_handling[0m
    [2;3min[0m test_small_network_get_issue::[1mnode1[0m

  [2m2025-06-01T02:36:35.009269Z[0m [34mDEBUG[0m [1;34mfreenet::client_events[0m[34m: [34mReceived put from user event, [1;34mthis_peer[0m[34m: v6MWKgqHKGmP3ebi[0m
    [2;3mat[0m crates/core/src/client_events/mod.rs:327
    [2;3min[0m freenet::client_events::[1mprocess_client_request[0m
    [2;3min[0m freenet::node::p2p_impl::[1mclient_event_handling[0m
    [2;3min[0m test_small_network_get_issue::[1mnode1[0m

  [2m2025-06-01T02:36:35.009308Z[0m [34mDEBUG[0m [1;34mfreenet::operations::put[0m[34m: [34mRequesting put, [1;34mcontract_location[0m[34m: 0.3884057768044621, [1;34mkey[0m[34m: 7h99HJYhaMNQchCZtTDThc4pfeNx8BPPhrGqhN84NrPV[0m
    [2;3mat[0m crates/core/src/operations/put.rs:794
    [2;3min[0m freenet::client_events::[1mprocess_client_request[0m
    [2;3min[0m freenet::node::p2p_impl::[1mclient_event_handling[0m
    [2;3min[0m test_small_network_get_issue::[1mnode1[0m

  [2m2025-06-01T02:36:35.009492Z[0m [34mDEBUG[0m [1;34mfreenet::node::network_bridge::p2p_protoc[0m[34m: [34mSubscribing client to transaction results, [1;34mtx[0m[34m: 01JWMNJ6T123KVJ95ZJMG9E401, [1;34mclient_id[0m[34m: 4[0m
    [2;3mat[0m crates/core/src/node/network_bridge/p2p_protoc.rs:790
    [2;3min[0m freenet::node::network_bridge::p2p_protoc::[1mnetwork_event_listener[0m [2;3mwith[0m [1mpeer[0m: v6MWKgqHKGmP3ebi
    [2;3min[0m test_small_network_get_issue::[1mnode1[0m

  [2m2025-06-01T02:36:35.009796Z[0m [34mDEBUG[0m [1;34mfreenet::node[0m[34m: [34mProcessing operation, iteration: 0, [1;34mtx[0m[34m: Some(01JWMNJ6T123KVJ95ZJMG9E401)[0m
    [2;3mat[0m crates/core/src/node/mod.rs:546
    [2;3min[0m freenet::node::network_bridge::p2p_protoc::[1mprocess_network_message[0m [2;3mwith[0m [1mtransaction[0m: 01JWMNJ6T123KVJ95ZJMG9E401, [1mtx_type[0m: put
    [2;3min[0m freenet::node::network_bridge::p2p_protoc::[1mnetwork_event_listener[0m [2;3mwith[0m [1mpeer[0m: v6MWKgqHKGmP3ebi
    [2;3min[0m test_small_network_get_issue::[1mnode1[0m

  [2m2025-06-01T02:36:35.009952Z[0m [32m INFO[0m [1;32mfreenet::operations::put[0m[32m: [32mRequesting put for contract 7h99HJYhaMNQchCZtTDThc4pfeNx8BPPhrGqhN84NrPV from v6MWKgqHKGmP3ebi to v6MWKgqHy7paw2it[0m
    [2;3mat[0m crates/core/src/operations/put.rs:157
    [2;3min[0m freenet::node::network_bridge::p2p_protoc::[1mprocess_network_message[0m [2;3mwith[0m [1mtransaction[0m: 01JWMNJ6T123KVJ95ZJMG9E401, [1mtx_type[0m: put
    [2;3min[0m freenet::node::network_bridge::p2p_protoc::[1mnetwork_event_listener[0m [2;3mwith[0m [1mpeer[0m: v6MWKgqHKGmP3ebi
    [2;3min[0m test_small_network_get_issue::[1mnode1[0m

  [2m2025-06-01T02:36:35.010023Z[0m [34mDEBUG[0m [1;34mfreenet::operations::put[0m[34m: [34mCaching contract locally in initiating node before propagation, [1;34mtx[0m[34m: 01JWMNJ6T123KVJ95ZJMG9E401, [1;34mkey[0m[34m: 7h99HJYhaMNQchCZtTDThc4pfeNx8BPPhrGqhN84NrPV, [1;34mpeer[0m[34m: v6MWKgqHKGmP3ebi[0m
    [2;3mat[0m crates/core/src/operations/put.rs:171
    [2;3min[0m freenet::node::network_bridge::p2p_protoc::[1mprocess_network_message[0m [2;3mwith[0m [1mtransaction[0m: 01JWMNJ6T123KVJ95ZJMG9E401, [1mtx_type[0m: put
    [2;3min[0m freenet::node::network_bridge::p2p_protoc::[1mnetwork_event_listener[0m [2;3mwith[0m [1mpeer[0m: v6MWKgqHKGmP3ebi
    [2;3min[0m test_small_network_get_issue::[1mnode1[0m

  [2m2025-06-01T02:36:35.010090Z[0m [34mDEBUG[0m [1;34mfreenet::contract[0m[34m: [34mGot contract handling event, [1;34mevent[0m[34m: put query { 7h99HJYhaMNQchCZtTDThc4pfeNx8BPPhrGqhN84NrPV, params: 0x7b2274746c223a22... }[0m
    [2;3mat[0m crates/core/src/contract/mod.rs:34
    [2;3min[0m freenet::node::p2p_impl::[1mcontract_handling[0m
    [2;3min[0m test_small_network_get_issue::[1mnode1[0m

  [2m2025-06-01T02:36:35.010201Z[0m [34mDEBUG[0m [1;34mfreenet::contract::executor::runtime[0m[34m: [34mupserting contract state, [1;34mcontract[0m[34m: 7h99HJYhaMNQchCZtTDThc4pfeNx8BPPhrGqhN84NrPV, [1;34mstate_size[0m[34m: 11, [1;34mstate_hash[0m[34m: 71d66c3c823e2967f3d65dc251854d6ef760e26a483e701d0c89b7f0760c0632[0m
    [2;3mat[0m crates/core/src/contract/executor/runtime.rs:44
    [2;3min[0m freenet::contract::[1mupsert_contract_state[0m [2;3mwith[0m [1mkey[0m: 7h99HJYhaMNQchCZtTDThc4pfeNx8BPPhrGqhN84NrPV
    [2;3min[0m freenet::node::p2p_impl::[1mcontract_handling[0m
    [2;3min[0m test_small_network_get_issue::[1mnode1[0m

  [2m2025-06-01T02:36:35.040964Z[0m [34mDEBUG[0m [1;34mfreenet::transport::connection_handler[0m[34m: [34msending protocol version and inbound key, [1;34mremote_addr[0m[34m: 127.0.0.1:43237[0m
    [2;3mat[0m crates/core/src/transport/connection_handler.rs:690
    [2;3min[0m freenet::transport::connection_handler::[1mtraverse_nat[0m
    [2;3min[0m freenet::transport::connection_handler::[1mtransport_listener[0m [2;3mwith[0m [1mpeer[0m: v6MWKgqJ277dPytc

  [2m2025-06-01T02:36:35.092841Z[0m [34mDEBUG[0m [1;34mfreenet::transport::connection_handler[0m[34m: [34msending protocol version and inbound key, [1;34mremote_addr[0m[34m: 127.0.0.1:43237[0m
    [2;3mat[0m crates/core/src/transport/connection_handler.rs:690
    [2;3min[0m freenet::transport::connection_handler::[1mtraverse_nat[0m
    [2;3min[0m freenet::transport::connection_handler::[1mtransport_listener[0m [2;3mwith[0m [1mpeer[0m: v6MWKgqJ277dPytc

  [2m2025-06-01T02:36:35.145413Z[0m [34mDEBUG[0m [1;34mfreenet::transport::connection_handler[0m[34m: [34msending protocol version and inbound key, [1;34mremote_addr[0m[34m: 127.0.0.1:43237[0m
    [2;3mat[0m crates/core/src/transport/connection_handler.rs:690
    [2;3min[0m freenet::transport::connection_handler::[1mtraverse_nat[0m
    [2;3min[0m freenet::transport::connection_handler::[1mtransport_listener[0m [2;3mwith[0m [1mpeer[0m: v6MWKgqJ277dPytc

  [2m2025-06-01T02:36:35.197756Z[0m [34mDEBUG[0m [1;34mfreenet::transport::connection_handler[0m[34m: [34msending protocol version and inbound key, [1;34mremote_addr[0m[34m: 127.0.0.1:43237[0m
    [2;3mat[0m crates/core/src/transport/connection_handler.rs:690
    [2;3min[0m freenet::transport::connection_handler::[1mtraverse_nat[0m
    [2;3min[0m freenet::transport::connection_handler::[1mtransport_listener[0m [2;3mwith[0m [1mpeer[0m: v6MWKgqJ277dPytc

  [2m2025-06-01T02:36:35.540869Z[0m [34mDEBUG[0m [1;34mfreenet::node::network_bridge::p2p_protoc[0m[34m: [34mReceived message from peer. Msg: Message {AcceptedBy(id: 01JWMNJ2BJR6P8E0RJN0A3E300, target: v6MWKgqHy7paw2it (@ 0.3750290212744264), accepted: false, acceptor: v6MWKgqJ277dPytc (@ 0.8986025731098363))}, [1;34mfrom[0m[34m: 127.0.0.1:48752[0m
    [2;3mat[0m crates/core/src/node/network_bridge/p2p_protoc.rs:961
    [2;3min[0m freenet::node::network_bridge::p2p_protoc::[1mnetwork_event_listener[0m [2;3mwith[0m [1mpeer[0m: v6MWKgqHy7paw2it
    [2;3min[0m test_small_network_get_issue::[1mgateway[0m

  [2m2025-06-01T02:36:35.541206Z[0m [34mDEBUG[0m [1;34mfreenet::node[0m[34m: [34mProcessing operation, iteration: 0, [1;34mtx[0m[34m: Some(01JWMNJ2BJR6P8E0RJN0A3E300)[0m
    [2;3mat[0m crates/core/src/node/mod.rs:546
    [2;3min[0m freenet::node::network_bridge::p2p_protoc::[1mprocess_network_message[0m [2;3mwith[0m [1mtransaction[0m: 01JWMNJ2BJR6P8E0RJN0A3E300, [1mtx_type[0m: connect
    [2;3min[0m freenet::node::network_bridge::p2p_protoc::[1mnetwork_event_listener[0m [2;3mwith[0m [1mpeer[0m: v6MWKgqHy7paw2it
    [2;3min[0m test_small_network_get_issue::[1mgateway[0m

  [2m2025-06-01T02:36:35.541336Z[0m [34mDEBUG[0m [1;34mfreenet::node[0m[34m: [34mOperation still running[0m
    [2;3mat[0m crates/core/src/node/mod.rs:561
    [2;3min[0m freenet::node::network_bridge::p2p_protoc::[1mprocess_network_message[0m [2;3mwith[0m [1mtransaction[0m: 01JWMNJ2BJR6P8E0RJN0A3E300, [1mtx_type[0m: connect
    [2;3min[0m freenet::node::network_bridge::p2p_protoc::[1mnetwork_event_listener[0m [2;3mwith[0m [1mpeer[0m: v6MWKgqHy7paw2it
    [2;3min[0m test_small_network_get_issue::[1mgateway[0m

  [2m2025-06-01T02:36:35.543536Z[0m [34mDEBUG[0m [1;34mfreenet::node[0m[34m: [34mProcessing operation, iteration: 1, [1;34mtx[0m[34m: Some(01JWMNJ2BJR6P8E0RJN0A3E300)[0m
    [2;3mat[0m crates/core/src/node/mod.rs:546
    [2;3min[0m freenet::node::network_bridge::p2p_protoc::[1mprocess_network_message[0m [2;3mwith[0m [1mtransaction[0m: 01JWMNJ2BJR6P8E0RJN0A3E300, [1mtx_type[0m: connect
    [2;3min[0m freenet::node::network_bridge::p2p_protoc::[1mnetwork_event_listener[0m [2;3mwith[0m [1mpeer[0m: v6MWKgqHy7paw2it
    [2;3min[0m test_small_network_get_issue::[1mgateway[0m

  [2m2025-06-01T02:36:35.543623Z[0m [34mDEBUG[0m [1;34mfreenet::node[0m[34m: [34mOperation still running[0m
    [2;3mat[0m crates/core/src/node/mod.rs:561
    [2;3min[0m freenet::node::network_bridge::p2p_protoc::[1mprocess_network_message[0m [2;3mwith[0m [1mtransaction[0m: 01JWMNJ2BJR6P8E0RJN0A3E300, [1mtx_type[0m: connect
    [2;3min[0m freenet::node::network_bridge::p2p_protoc::[1mnetwork_event_listener[0m [2;3mwith[0m [1mpeer[0m: v6MWKgqHy7paw2it
    [2;3min[0m test_small_network_get_issue::[1mgateway[0m

  [2m2025-06-01T02:36:35.545752Z[0m [34mDEBUG[0m [1;34mfreenet::node[0m[34m: [34mProcessing operation, iteration: 2, [1;34mtx[0m[34m: Some(01JWMNJ2BJR6P8E0RJN0A3E300)[0m
    [2;3mat[0m crates/core/src/node/mod.rs:546
    [2;3min[0m freenet::node::network_bridge::p2p_protoc::[1mprocess_network_message[0m [2;3mwith[0m [1mtransaction[0m: 01JWMNJ2BJR6P8E0RJN0A3E300, [1mtx_type[0m: connect
    [2;3min[0m freenet::node::network_bridge::p2p_protoc::[1mnetwork_event_listener[0m [2;3mwith[0m [1mpeer[0m: v6MWKgqHy7paw2it
    [2;3min[0m test_small_network_get_issue::[1mgateway[0m

  [2m2025-06-01T02:36:35.545827Z[0m [34mDEBUG[0m [1;34mfreenet::node[0m[34m: [34mOperation still running[0m
    [2;3mat[0m crates/core/src/node/mod.rs:561
    [2;3min[0m freenet::node::network_bridge::p2p_protoc::[1mprocess_network_message[0m [2;3mwith[0m [1mtransaction[0m: 01JWMNJ2BJR6P8E0RJN0A3E300, [1mtx_type[0m: connect
    [2;3min[0m freenet::node::network_bridge::p2p_protoc::[1mnetwork_event_listener[0m [2;3mwith[0m [1mpeer[0m: v6MWKgqHy7paw2it
    [2;3min[0m test_small_network_get_issue::[1mgateway[0m

  [2m2025-06-01T02:36:35.548007Z[0m [34mDEBUG[0m [1;34mfreenet::node[0m[34m: [34mProcessing operation, iteration: 3, [1;34mtx[0m[34m: Some(01JWMNJ2BJR6P8E0RJN0A3E300)[0m
    [2;3mat[0m crates/core/src/node/mod.rs:546
    [2;3min[0m freenet::node::network_bridge::p2p_protoc::[1mprocess_network_message[0m [2;3mwith[0m [1mtransaction[0m: 01JWMNJ2BJR6P8E0RJN0A3E300, [1mtx_type[0m: connect
    [2;3min[0m freenet::node::network_bridge::p2p_protoc::[1mnetwork_event_listener[0m [2;3mwith[0m [1mpeer[0m: v6MWKgqHy7paw2it
    [2;3min[0m test_small_network_get_issue::[1mgateway[0m

  [2m2025-06-01T02:36:35.548054Z[0m [34mDEBUG[0m [1;34mfreenet::node[0m[34m: [34mOperation still running[0m
    [2;3mat[0m crates/core/src/node/mod.rs:561
    [2;3min[0m freenet::node::network_bridge::p2p_protoc::[1mprocess_network_message[0m [2;3mwith[0m [1mtransaction[0m: 01JWMNJ2BJR6P8E0RJN0A3E300, [1mtx_type[0m: connect
    [2;3min[0m freenet::node::network_bridge::p2p_protoc::[1mnetwork_event_listener[0m [2;3mwith[0m [1mpeer[0m: v6MWKgqHy7paw2it
    [2;3min[0m test_small_network_get_issue::[1mgateway[0m

  [2m2025-06-01T02:36:35.550186Z[0m [34mDEBUG[0m [1;34mfreenet::node[0m[34m: [34mProcessing operation, iteration: 4, [1;34mtx[0m[34m: Some(01JWMNJ2BJR6P8E0RJN0A3E300)[0m
    [2;3mat[0m crates/core/src/node/mod.rs:546
    [2;3min[0m freenet::node::network_bridge::p2p_protoc::[1mprocess_network_message[0m [2;3mwith[0m [1mtransaction[0m: 01JWMNJ2BJR6P8E0RJN0A3E300, [1mtx_type[0m: connect
    [2;3min[0m freenet::node::network_bridge::p2p_protoc::[1mnetwork_event_listener[0m [2;3mwith[0m [1mpeer[0m: v6MWKgqHy7paw2it
    [2;3min[0m test_small_network_get_issue::[1mgateway[0m

  [2m2025-06-01T02:36:35.550259Z[0m [34mDEBUG[0m [1;34mfreenet::node[0m[34m: [34mOperation still running[0m
    [2;3mat[0m crates/core/src/node/mod.rs:561
    [2;3min[0m freenet::node::network_bridge::p2p_protoc::[1mprocess_network_message[0m [2;3mwith[0m [1mtransaction[0m: 01JWMNJ2BJR6P8E0RJN0A3E300, [1mtx_type[0m: connect
    [2;3min[0m freenet::node::network_bridge::p2p_protoc::[1mnetwork_event_listener[0m [2;3mwith[0m [1mpeer[0m: v6MWKgqHy7paw2it
    [2;3min[0m test_small_network_get_issue::[1mgateway[0m

  [2m2025-06-01T02:36:35.552430Z[0m [34mDEBUG[0m [1;34mfreenet::node[0m[34m: [34mProcessing operation, iteration: 5, [1;34mtx[0m[34m: Some(01JWMNJ2BJR6P8E0RJN0A3E300)[0m
    [2;3mat[0m crates/core/src/node/mod.rs:546
    [2;3min[0m freenet::node::network_bridge::p2p_protoc::[1mprocess_network_message[0m [2;3mwith[0m [1mtransaction[0m: 01JWMNJ2BJR6P8E0RJN0A3E300, [1mtx_type[0m: connect
    [2;3min[0m freenet::node::network_bridge::p2p_protoc::[1mnetwork_event_listener[0m [2;3mwith[0m [1mpeer[0m: v6MWKgqHy7paw2it
    [2;3min[0m test_small_network_get_issue::[1mgateway[0m

  [2m2025-06-01T02:36:35.552502Z[0m [34mDEBUG[0m [1;34mfreenet::node[0m[34m: [34mOperation still running[0m
    [2;3mat[0m crates/core/src/node/mod.rs:561
    [2;3min[0m freenet::node::network_bridge::p2p_protoc::[1mprocess_network_message[0m [2;3mwith[0m [1mtransaction[0m: 01JWMNJ2BJR6P8E0RJN0A3E300, [1mtx_type[0m: connect
    [2;3min[0m freenet::node::network_bridge::p2p_protoc::[1mnetwork_event_listener[0m [2;3mwith[0m [1mpeer[0m: v6MWKgqHy7paw2it
    [2;3min[0m test_small_network_get_issue::[1mgateway[0m

  [2m2025-06-01T02:36:35.554652Z[0m [34mDEBUG[0m [1;34mfreenet::node[0m[34m: [34mProcessing operation, iteration: 6, [1;34mtx[0m[34m: Some(01JWMNJ2BJR6P8E0RJN0A3E300)[0m
    [2;3mat[0m crates/core/src/node/mod.rs:546
    [2;3min[0m freenet::node::network_bridge::p2p_protoc::[1mprocess_network_message[0m [2;3mwith[0m [1mtransaction[0m: 01JWMNJ2BJR6P8E0RJN0A3E300, [1mtx_type[0m: connect
    [2;3min[0m freenet::node::network_bridge::p2p_protoc::[1mnetwork_event_listener[0m [2;3mwith[0m [1mpeer[0m: v6MWKgqHy7paw2it
    [2;3min[0m test_small_network_get_issue::[1mgateway[0m

  [2m2025-06-01T02:36:35.554721Z[0m [34mDEBUG[0m [1;34mfreenet::node[0m[34m: [34mOperation still running[0m
    [2;3mat[0m crates/core/src/node/mod.rs:561
    [2;3min[0m freenet::node::network_bridge::p2p_protoc::[1mprocess_network_message[0m [2;3mwith[0m [1mtransaction[0m: 01JWMNJ2BJR6P8E0RJN0A3E300, [1mtx_type[0m: connect
    [2;3min[0m freenet::node::network_bridge::p2p_protoc::[1mnetwork_event_listener[0m [2;3mwith[0m [1mpeer[0m: v6MWKgqHy7paw2it
    [2;3min[0m test_small_network_get_issue::[1mgateway[0m

  [2m2025-06-01T02:36:35.556853Z[0m [34mDEBUG[0m [1;34mfreenet::node[0m[34m: [34mProcessing operation, iteration: 7, [1;34mtx[0m[34m: Some(01JWMNJ2BJR6P8E0RJN0A3E300)[0m
    [2;3mat[0m crates/core/src/node/mod.rs:546
    [2;3min[0m freenet::node::network_bridge::p2p_protoc::[1mprocess_network_message[0m [2;3mwith[0m [1mtransaction[0m: 01JWMNJ2BJR6P8E0RJN0A3E300, [1mtx_type[0m: connect
    [2;3min[0m freenet::node::network_bridge::p2p_protoc::[1mnetwork_event_listener[0m [2;3mwith[0m [1mpeer[0m: v6MWKgqHy7paw2it
    [2;3min[0m test_small_network_get_issue::[1mgateway[0m

  [2m2025-06-01T02:36:35.556918Z[0m [34mDEBUG[0m [1;34mfreenet::node[0m[34m: [34mOperation still running[0m
    [2;3mat[0m crates/core/src/node/mod.rs:561
    [2;3min[0m freenet::node::network_bridge::p2p_protoc::[1mprocess_network_message[0m [2;3mwith[0m [1mtransaction[0m: 01JWMNJ2BJR6P8E0RJN0A3E300, [1mtx_type[0m: connect
    [2;3min[0m freenet::node::network_bridge::p2p_protoc::[1mnetwork_event_listener[0m [2;3mwith[0m [1mpeer[0m: v6MWKgqHy7paw2it
    [2;3min[0m test_small_network_get_issue::[1mgateway[0m

  [2m2025-06-01T02:36:35.559097Z[0m [34mDEBUG[0m [1;34mfreenet::node[0m[34m: [34mProcessing operation, iteration: 8, [1;34mtx[0m[34m: Some(01JWMNJ2BJR6P8E0RJN0A3E300)[0m
    [2;3mat[0m crates/core/src/node/mod.rs:546
    [2;3min[0m freenet::node::network_bridge::p2p_protoc::[1mprocess_network_message[0m [2;3mwith[0m [1mtransaction[0m: 01JWMNJ2BJR6P8E0RJN0A3E300, [1mtx_type[0m: connect
    [2;3min[0m freenet::node::network_bridge::p2p_protoc::[1mnetwork_event_listener[0m [2;3mwith[0m [1mpeer[0m: v6MWKgqHy7paw2it
    [2;3min[0m test_small_network_get_issue::[1mgateway[0m

  [2m2025-06-01T02:36:35.559145Z[0m [34mDEBUG[0m [1;34mfreenet::node[0m[34m: [34mOperation still running[0m
    [2;3mat[0m crates/core/src/node/mod.rs:561
    [2;3min[0m freenet::node::network_bridge::p2p_protoc::[1mprocess_network_message[0m [2;3mwith[0m [1mtransaction[0m: 01JWMNJ2BJR6P8E0RJN0A3E300, [1mtx_type[0m: connect
    [2;3min[0m freenet::node::network_bridge::p2p_protoc::[1mnetwork_event_listener[0m [2;3mwith[0m [1mpeer[0m: v6MWKgqHy7paw2it
    [2;3min[0m test_small_network_get_issue::[1mgateway[0m

  [2m2025-06-01T02:36:35.561290Z[0m [34mDEBUG[0m [1;34mfreenet::node[0m[34m: [34mProcessing operation, iteration: 9, [1;34mtx[0m[34m: Some(01JWMNJ2BJR6P8E0RJN0A3E300)[0m
    [2;3mat[0m crates/core/src/node/mod.rs:546
    [2;3min[0m freenet::node::network_bridge::p2p_protoc::[1mprocess_network_message[0m [2;3mwith[0m [1mtransaction[0m: 01JWMNJ2BJR6P8E0RJN0A3E300, [1mtx_type[0m: connect
    [2;3min[0m freenet::node::network_bridge::p2p_protoc::[1mnetwork_event_listener[0m [2;3mwith[0m [1mpeer[0m: v6MWKgqHy7paw2it
    [2;3min[0m test_small_network_get_issue::[1mgateway[0m

  [2m2025-06-01T02:36:35.561363Z[0m [34mDEBUG[0m [1;34mfreenet::node[0m[34m: [34mOperation still running[0m
    [2;3mat[0m crates/core/src/node/mod.rs:561
    [2;3min[0m freenet::node::network_bridge::p2p_protoc::[1mprocess_network_message[0m [2;3mwith[0m [1mtransaction[0m: 01JWMNJ2BJR6P8E0RJN0A3E300, [1mtx_type[0m: connect
    [2;3min[0m freenet::node::network_bridge::p2p_protoc::[1mnetwork_event_listener[0m [2;3mwith[0m [1mpeer[0m: v6MWKgqHy7paw2it
    [2;3min[0m test_small_network_get_issue::[1mgateway[0m

  [2m2025-06-01T02:36:35.629554Z[0m [34mDEBUG[0m [1;34mfreenet::transport::connection_handler[0m[34m: [34msending protocol version and inbound key, [1;34mremote_addr[0m[34m: 127.0.0.1:48752[0m
    [2;3mat[0m crates/core/src/transport/connection_handler.rs:690
    [2;3min[0m freenet::transport::connection_handler::[1mtraverse_nat[0m
    [2;3min[0m freenet::transport::connection_handler::[1mtransport_listener[0m [2;3mwith[0m [1mpeer[0m: v6MWKgqHKGmP3ebi

  [2m2025-06-01T02:36:35.629655Z[0m [34mDEBUG[0m [1;34mfreenet::transport::connection_handler[0m[34m: [34mreceived packet after sending it, [1;34mremote_addr[0m[34m: 127.0.0.1:48752[0m
    [2;3mat[0m crates/core/src/transport/connection_handler.rs:716
    [2;3min[0m freenet::transport::connection_handler::[1mtraverse_nat[0m
    [2;3min[0m freenet::transport::connection_handler::[1mtransport_listener[0m [2;3mwith[0m [1mpeer[0m: v6MWKgqHKGmP3ebi

  [2m2025-06-01T02:36:35.629672Z[0m [34mDEBUG[0m [1;34mfreenet::transport::connection_handler[0m[34m: [34mreceived packet from remote: [102, 14, 36, 233, 229, 185, 243, 103, 78, 173, 88, 17, 41, 15, 168, 3, 225, 110, 117, 49, 73, 130, 126, 161, 135, 182, 149, 4, 133, 184, 56, 173, 38, 133, 135, 255, 218, 237, 53, 63, 147, 53, 158, 239, 173, 196, 77, 40, 51, 98, 88, 153, 118, 201, 212, 35, 16, 127, 138, 32, 162, 32, 157, 118, 229, 204, 80, 26, 213, 45, 56, 46, 69, 130, 190, 105, 29, 196, 251, 1, 237, 40, 91, 38, 82, 73, 81, 172, 116, 41, 0, 200, 175, 148, 37, 231, 9, 195, 39, 110, 182, 244, 174, 34, 178, 219, 99, 222, 179, 76, 74, 199, 79, 144, 144, 32, 55, 176, 214, 4, 142, 205, 84, 55, 104, 228, 191, 105, 192, 244, 22, 51, 207, 131, 60, 107, 93, 66, 57, 57, 60, 29, 113, 4, 227, 100, 140, 237, 228, 202, 39, 2, 215, 213, 237, 43, 192, 175, 83, 62, 21, 64, 168, 12, 137, 194, 209, 28, 192, 147, 62, 112, 18, 157, 181, 103, 78, 175, 190, 27, 110, 55, 174, 40, 117, 129, 208, 136, 225, 147, 22, 59, 181, 12, 55, 4, 239, 108, 135, 154, 97, 194, 119, 183, 152, 208, 169, 122, 144, 205, 204, 161, 87, 202, 225, 22, 217, 37, 231, 67, 82, 110, 19, 87, 135, 192, 87, 78, 208, 29, 41, 75, 9, 139, 113, 30, 195, 179, 46, 4, 228, 86, 6, 196, 141, 33, 118, 129, 203, 149, 87, 113, 209, 141, 33, 186], [1;34mremote_addr[0m[34m: 127.0.0.1:48752[0m
    [2;3mat[0m crates/core/src/transport/connection_handler.rs:721
    [2;3min[0m freenet::transport::connection_handler::[1mtraverse_nat[0m
    [2;3min[0m freenet::transport::connection_handler::[1mtransport_listener[0m [2;3mwith[0m [1mpeer[0m: v6MWKgqHKGmP3ebi

  [2m2025-06-01T02:36:35.633375Z[0m [34mDEBUG[0m [1;34mfreenet::transport::connection_handler[0m[34m: [34mreceived intro packet, [1;34mremote_addr[0m[34m: 127.0.0.1:48752[0m
    [2;3mat[0m crates/core/src/transport/connection_handler.rs:639
    [2;3min[0m freenet::transport::connection_handler::[1mtraverse_nat[0m
    [2;3min[0m freenet::transport::connection_handler::[1mtransport_listener[0m [2;3mwith[0m [1mpeer[0m: v6MWKgqHKGmP3ebi

  [2m2025-06-01T02:36:35.633411Z[0m [34mDEBUG[0m [1;34mfreenet::transport::connection_handler[0m[34m: [34msending back protocol version and inbound key to remote, [1;34mremote_addr[0m[34m: 127.0.0.1:48752[0m
    [2;3mat[0m crates/core/src/transport/connection_handler.rs:697
    [2;3min[0m freenet::transport::connection_handler::[1mtraverse_nat[0m
    [2;3min[0m freenet::transport::connection_handler::[1mtransport_listener[0m [2;3mwith[0m [1mpeer[0m: v6MWKgqHKGmP3ebi

  [2m2025-06-01T02:36:35.633651Z[0m [34mDEBUG[0m [1;34mfreenet::transport::connection_handler[0m[34m: [34mreceived packet after sending it, [1;34mremote_addr[0m[34m: 127.0.0.1:48752[0m
    [2;3mat[0m crates/core/src/transport/connection_handler.rs:716
    [2;3min[0m freenet::transport::connection_handler::[1mtraverse_nat[0m
    [2;3min[0m freenet::transport::connection_handler::[1mtransport_listener[0m [2;3mwith[0m [1mpeer[0m: v6MWKgqHKGmP3ebi

  [2m2025-06-01T02:36:35.633805Z[0m [33m WARN[0m [1;33mfreenet::transport::connection_handler[0m[33m: [33mfailed to send packet to remote, [1;33mremote_addr[0m[33m: 127.0.0.1:48752, [1;33merr[0m[33m: channel closed[0m
    [2;3mat[0m crates/core/src/transport/connection_handler.rs:347
    [2;3min[0m freenet::transport::connection_handler::[1mtransport_listener[0m [2;3mwith[0m [1mpeer[0m: v6MWKgqHKGmP3ebi

  [2m2025-06-01T02:36:35.633867Z[0m [31mERROR[0m [1;31mfreenet::transport::connection_handler[0m[31m: [31mconnection established but no ongoing connection found, [1;31mremote_addr[0m[31m: 127.0.0.1:48752[0m
    [2;3mat[0m crates/core/src/transport/connection_handler.rs:438
    [2;3min[0m freenet::transport::connection_handler::[1mtransport_listener[0m [2;3mwith[0m [1mpeer[0m: v6MWKgqHKGmP3ebi

  [2m2025-06-01T02:36:35.633910Z[0m [34mDEBUG[0m [1;34mfreenet::transport::connection_handler[0m[34m: [34munexpected packet from non-gateway node, [1;34mremote_addr[0m[34m: 127.0.0.1:48752, [1;34msize[0m[34m: 74[0m
    [2;3mat[0m crates/core/src/transport/connection_handler.rs:359
    [2;3min[0m freenet::transport::connection_handler::[1mtransport_listener[0m [2;3mwith[0m [1mpeer[0m: v6MWKgqHKGmP3ebi

  [2m2025-06-01T02:36:35.633933Z[0m [34mDEBUG[0m [1;34mfreenet::transport::connection_handler[0m[34m: [34munexpected packet from non-gateway node, [1;34mremote_addr[0m[34m: 127.0.0.1:48752, [1;34msize[0m[34m: 74[0m
    [2;3mat[0m crates/core/src/transport/connection_handler.rs:359
    [2;3min[0m freenet::transport::connection_handler::[1mtransport_listener[0m [2;3mwith[0m [1mpeer[0m: v6MWKgqHKGmP3ebi

  [2m2025-06-01T02:36:35.633952Z[0m [34mDEBUG[0m [1;34mfreenet::transport::connection_handler[0m[34m: [34munexpected packet from non-gateway node, [1;34mremote_addr[0m[34m: 127.0.0.1:48752, [1;34msize[0m[34m: 74[0m
    [2;3mat[0m crates/core/src/transport/connection_handler.rs:359
    [2;3min[0m freenet::transport::connection_handler::[1mtransport_listener[0m [2;3mwith[0m [1mpeer[0m: v6MWKgqHKGmP3ebi

  [2m2025-06-01T02:36:35.633971Z[0m [34mDEBUG[0m [1;34mfreenet::transport::connection_handler[0m[34m: [34munexpected packet from non-gateway node, [1;34mremote_addr[0m[34m: 127.0.0.1:48752, [1;34msize[0m[34m: 74[0m
    [2;3mat[0m crates/core/src/transport/connection_handler.rs:359
    [2;3min[0m freenet::transport::connection_handler::[1mtransport_listener[0m [2;3mwith[0m [1mpeer[0m: v6MWKgqHKGmP3ebi

  [2m2025-06-01T02:36:35.633989Z[0m [34mDEBUG[0m [1;34mfreenet::transport::connection_handler[0m[34m: [34munexpected packet from non-gateway node, [1;34mremote_addr[0m[34m: 127.0.0.1:48752, [1;34msize[0m[34m: 74[0m
    [2;3mat[0m crates/core/src/transport/connection_handler.rs:359
    [2;3min[0m freenet::transport::connection_handler::[1mtransport_listener[0m [2;3mwith[0m [1mpeer[0m: v6MWKgqHKGmP3ebi

  [2m2025-06-01T02:36:35.634007Z[0m [34mDEBUG[0m [1;34mfreenet::transport::connection_handler[0m[34m: [34munexpected packet from non-gateway node, [1;34mremote_addr[0m[34m: 127.0.0.1:48752, [1;34msize[0m[34m: 74[0m
    [2;3mat[0m crates/core/src/transport/connection_handler.rs:359
    [2;3min[0m freenet::transport::connection_handler::[1mtransport_listener[0m [2;3mwith[0m [1mpeer[0m: v6MWKgqHKGmP3ebi

  [2m2025-06-01T02:36:35.634026Z[0m [34mDEBUG[0m [1;34mfreenet::transport::connection_handler[0m[34m: [34munexpected packet from non-gateway node, [1;34mremote_addr[0m[34m: 127.0.0.1:48752, [1;34msize[0m[34m: 74[0m
    [2;3mat[0m crates/core/src/transport/connection_handler.rs:359
    [2;3min[0m freenet::transport::connection_handler::[1mtransport_listener[0m [2;3mwith[0m [1mpeer[0m: v6MWKgqHKGmP3ebi

  [2m2025-06-01T02:36:35.634050Z[0m [34mDEBUG[0m [1;34mfreenet::transport::connection_handler[0m[34m: [34munexpected packet from non-gateway node, [1;34mremote_addr[0m[34m: 127.0.0.1:48752, [1;34msize[0m[34m: 74[0m
    [2;3mat[0m crates/core/src/transport/connection_handler.rs:359
    [2;3min[0m freenet::transport::connection_handler::[1mtransport_listener[0m [2;3mwith[0m [1mpeer[0m: v6MWKgqHKGmP3ebi

  [2m2025-06-01T02:36:35.634021Z[0m [34mDEBUG[0m [1;34mfreenet::node::network_bridge::handshake[0m[34m: [34mfailed to establish outbound connection: failed while establishing connection, reason: Failed to establish connection, [1;34mremote[0m[34m: v6MWKgqJ277dPytc[0m
    [2;3mat[0m crates/core/src/node/network_bridge/handshake.rs:730
    [2;3min[0m freenet::node::network_bridge::handshake::[1mwait_for_events[0m
    [2;3min[0m freenet::node::network_bridge::p2p_protoc::[1mnetwork_event_listener[0m [2;3mwith[0m [1mpeer[0m: v6MWKgqHKGmP3ebi
    [2;3min[0m test_small_network_get_issue::[1mnode1[0m

  [2m2025-06-01T02:36:35.634069Z[0m [34mDEBUG[0m [1;34mfreenet::transport::connection_handler[0m[34m: [34munexpected packet from non-gateway node, [1;34mremote_addr[0m[34m: 127.0.0.1:48752, [1;34msize[0m[34m: 74[0m
    [2;3mat[0m crates/core/src/transport/connection_handler.rs:359
    [2;3min[0m freenet::transport::connection_handler::[1mtransport_listener[0m [2;3mwith[0m [1mpeer[0m: v6MWKgqHKGmP3ebi

  [2m2025-06-01T02:36:35.634104Z[0m [34mDEBUG[0m [1;34mfreenet::node::network_bridge::handshake[0m[34m: [34mOutbound connection failed: failed while establishing connection, reason: Failed to establish connection, [1;34mfrom[0m[34m: 127.0.0.1:48752[0m
    [2;3mat[0m crates/core/src/node/network_bridge/handshake.rs:333
    [2;3min[0m freenet::node::network_bridge::handshake::[1mwait_for_events[0m
    [2;3min[0m freenet::node::network_bridge::p2p_protoc::[1mnetwork_event_listener[0m [2;3mwith[0m [1mpeer[0m: v6MWKgqHKGmP3ebi
    [2;3min[0m test_small_network_get_issue::[1mnode1[0m

  [2m2025-06-01T02:36:35.634137Z[0m [34mDEBUG[0m [1;34mfreenet::ring::connection_manager[0m[34m: [34mPruning active connection, [1;34mpeer[0m[34m: v6MWKgqJ277dPytc[0m
    [2;3mat[0m crates/core/src/ring/connection_manager.rs:287
    [2;3min[0m freenet::node::network_bridge::handshake::[1mwait_for_events[0m
    [2;3min[0m freenet::node::network_bridge::p2p_protoc::[1mnetwork_event_listener[0m [2;3mwith[0m [1mpeer[0m: v6MWKgqHKGmP3ebi
    [2;3min[0m test_small_network_get_issue::[1mnode1[0m

  [2m2025-06-01T02:36:35.634164Z[0m [34mDEBUG[0m [1;34mfreenet::transport::connection_handler[0m[34m: [34munexpected packet from non-gateway node, [1;34mremote_addr[0m[34m: 127.0.0.1:48752, [1;34msize[0m[34m: 256[0m
    [2;3mat[0m crates/core/src/transport/connection_handler.rs:359
    [2;3min[0m freenet::transport::connection_handler::[1mtransport_listener[0m [2;3mwith[0m [1mpeer[0m: v6MWKgqHKGmP3ebi

  [2m2025-06-01T02:36:35.634171Z[0m [34mDEBUG[0m [1;34mfreenet::ring::connection_manager[0m[34m: [34mno location found for peer, skip pruning[0m
    [2;3mat[0m crates/core/src/ring/connection_manager.rs:293
    [2;3min[0m freenet::node::network_bridge::handshake::[1mwait_for_events[0m
    [2;3min[0m freenet::node::network_bridge::p2p_protoc::[1mnetwork_event_listener[0m [2;3mwith[0m [1mpeer[0m: v6MWKgqHKGmP3ebi
    [2;3min[0m test_small_network_get_issue::[1mnode1[0m

  [2m2025-06-01T02:36:35.634199Z[0m [34mDEBUG[0m [1;34mfreenet::transport::connection_handler[0m[34m: [34munexpected packet from non-gateway node, [1;34mremote_addr[0m[34m: 127.0.0.1:48752, [1;34msize[0m[34m: 256[0m
    [2;3mat[0m crates/core/src/transport/connection_handler.rs:359
    [2;3min[0m freenet::transport::connection_handler::[1mtransport_listener[0m [2;3mwith[0m [1mpeer[0m: v6MWKgqHKGmP3ebi

  [2m2025-06-01T02:36:35.634221Z[0m [34mDEBUG[0m [1;34mfreenet::transport::connection_handler[0m[34m: [34munexpected packet from non-gateway node, [1;34mremote_addr[0m[34m: 127.0.0.1:48752, [1;34msize[0m[34m: 256[0m
    [2;3mat[0m crates/core/src/transport/connection_handler.rs:359
    [2;3min[0m freenet::transport::connection_handler::[1mtransport_listener[0m [2;3mwith[0m [1mpeer[0m: v6MWKgqHKGmP3ebi

  [2m2025-06-01T02:36:35.634207Z[0m [32m INFO[0m [1;32mfreenet::node::network_bridge::p2p_protoc[0m[32m: [32mConnection failed: TransportError(ConnectionEstablishmentFailure { cause: "Failed to establish connection" }), [1;32mpeer_id[0m[32m: v6MWKgqJ277dPytc[0m
    [2;3mat[0m crates/core/src/node/network_bridge/p2p_protoc.rs:604
    [2;3min[0m freenet::node::network_bridge::p2p_protoc::[1mnetwork_event_listener[0m [2;3mwith[0m [1mpeer[0m: v6MWKgqHKGmP3ebi
    [2;3min[0m test_small_network_get_issue::[1mnode1[0m

  [2m2025-06-01T02:36:35.634240Z[0m [34mDEBUG[0m [1;34mfreenet::transport::connection_handler[0m[34m: [34munexpected packet from non-gateway node, [1;34mremote_addr[0m[34m: 127.0.0.1:48752, [1;34msize[0m[34m: 256[0m
    [2;3mat[0m crates/core/src/transport/connection_handler.rs:359
    [2;3min[0m freenet::transport::connection_handler::[1mtransport_listener[0m [2;3mwith[0m [1mpeer[0m: v6MWKgqHKGmP3ebi

  [2m2025-06-01T02:36:35.634260Z[0m [34mDEBUG[0m [1;34mfreenet::transport::connection_handler[0m[34m: [34munexpected packet from non-gateway node, [1;34mremote_addr[0m[34m: 127.0.0.1:48752, [1;34msize[0m[34m: 256[0m
    [2;3mat[0m crates/core/src/transport/connection_handler.rs:359
    [2;3min[0m freenet::transport::connection_handler::[1mtransport_listener[0m [2;3mwith[0m [1mpeer[0m: v6MWKgqHKGmP3ebi

  [2m2025-06-01T02:36:35.634279Z[0m [34mDEBUG[0m [1;34mfreenet::transport::connection_handler[0m[34m: [34munexpected packet from non-gateway node, [1;34mremote_addr[0m[34m: 127.0.0.1:48752, [1;34msize[0m[34m: 256[0m
    [2;3mat[0m crates/core/src/transport/connection_handler.rs:359
    [2;3min[0m freenet::transport::connection_handler::[1mtransport_listener[0m [2;3mwith[0m [1mpeer[0m: v6MWKgqHKGmP3ebi

  [2m2025-06-01T02:36:35.634303Z[0m [34mDEBUG[0m [1;34mfreenet::ring::connection_manager[0m[34m: [34mPruning in transit connection, [1;34mpeer[0m[34m: v6MWKgqJ277dPytc[0m
    [2;3mat[0m crates/core/src/ring/connection_manager.rs:287
    [2;3min[0m freenet::node::[1mhandle_connect_op_request[0m [2;3mwith[0m [1mtransaction[0m: 01JWMNJ28N4Q8WT0ZJBJV9W600, [1mtx_type[0m: connect
    [2;3min[0m freenet::node::network_bridge::p2p_protoc::[1mprocess_network_message[0m [2;3mwith[0m [1mtransaction[0m: 01JWMNJ28N4Q8WT0ZJBJV9W600, [1mtx_type[0m: connect
    [2;3min[0m freenet::node::network_bridge::p2p_protoc::[1mnetwork_event_listener[0m [2;3mwith[0m [1mpeer[0m: v6MWKgqHKGmP3ebi
    [2;3min[0m test_small_network_get_issue::[1mnode1[0m

  [2m2025-06-01T02:36:35.634456Z[0m [34mDEBUG[0m [1;34mfreenet::operations::connect[0m[34m: [34mRandomly selecting peer to forward connect request, [1;34mtx[0m[34m: 01JWMNJ28N4Q8WT0ZJBJV9W600, [1;34mjoiner[0m[34m: v6MWKgqJ277dPytc[0m
    [2;3mat[0m crates/core/src/operations/connect.rs:1021
    [2;3min[0m freenet::node::[1mhandle_connect_op_request[0m [2;3mwith[0m [1mtransaction[0m: 01JWMNJ28N4Q8WT0ZJBJV9W600, [1mtx_type[0m: connect
    [2;3min[0m freenet::node::network_bridge::p2p_protoc::[1mprocess_network_message[0m [2;3mwith[0m [1mtransaction[0m: 01JWMNJ28N4Q8WT0ZJBJV9W600, [1mtx_type[0m: connect
    [2;3min[0m freenet::node::network_bridge::p2p_protoc::[1mnetwork_event_listener[0m [2;3mwith[0m [1mpeer[0m: v6MWKgqHKGmP3ebi
    [2;3min[0m test_small_network_get_issue::[1mnode1[0m

  [2m2025-06-01T02:36:35.634522Z[0m [33m WARN[0m [1;33mfreenet::operations::connect[0m[33m: [33mUnable to forward or accept any connections, [1;33mtx[0m[33m: 01JWMNJ28N4Q8WT0ZJBJV9W600[0m
    [2;3mat[0m crates/core/src/operations/connect.rs:1088
    [2;3min[0m freenet::node::[1mhandle_connect_op_request[0m [2;3mwith[0m [1mtransaction[0m: 01JWMNJ28N4Q8WT0ZJBJV9W600, [1mtx_type[0m: connect
    [2;3min[0m freenet::node::network_bridge::p2p_protoc::[1mprocess_network_message[0m [2;3mwith[0m [1mtransaction[0m: 01JWMNJ28N4Q8WT0ZJBJV9W600, [1mtx_type[0m: connect
    [2;3min[0m freenet::node::network_bridge::p2p_protoc::[1mnetwork_event_listener[0m [2;3mwith[0m [1mpeer[0m: v6MWKgqHKGmP3ebi
    [2;3min[0m test_small_network_get_issue::[1mnode1[0m

  [2m2025-06-01T02:36:35.634557Z[0m [34mDEBUG[0m [1;34mfreenet::operations::connect[0m[34m: [34mConnect operation result, [1;34mtx[0m[34m: 01JWMNJ28N4Q8WT0ZJBJV9W600, [1;34mmsg[0m[34m: Some(Response { id: 01JWMNJ28N4Q8WT0ZJBJV9W600, sender: v6MWKgqHKGmP3ebi (@ 0.679579877024837), target: v6MWKgqHy7paw2it (@ 0.3750290212744264), msg: AcceptedBy { accepted: false, acceptor: v6MWKgqHKGmP3ebi (@ 0.679579877024837), joiner: v6MWKgqJ277dPytc } })[0m
    [2;3mat[0m crates/core/src/operations/connect.rs:577
    [2;3min[0m freenet::node::[1mhandle_connect_op_request[0m [2;3mwith[0m [1mtransaction[0m: 01JWMNJ28N4Q8WT0ZJBJV9W600, [1mtx_type[0m: connect
    [2;3min[0m freenet::node::network_bridge::p2p_protoc::[1mprocess_network_message[0m [2;3mwith[0m [1mtransaction[0m: 01JWMNJ28N4Q8WT0ZJBJV9W600, [1mtx_type[0m: connect
    [2;3min[0m freenet::node::network_bridge::p2p_protoc::[1mnetwork_event_listener[0m [2;3mwith[0m [1mpeer[0m: v6MWKgqHKGmP3ebi
    [2;3min[0m test_small_network_get_issue::[1mnode1[0m

  [2m2025-06-01T02:36:35.634737Z[0m [34mDEBUG[0m [1;34mfreenet::operations[0m[34m: [34msending back message to target, [1;34mtx_id[0m[34m: 01JWMNJ28N4Q8WT0ZJBJV9W600, [1;34mtarget[0m[34m: v6MWKgqHy7paw2it[0m
    [2;3mat[0m crates/core/src/operations/mod.rs:144
    [2;3min[0m freenet::node::[1mhandle_connect_op_request[0m [2;3mwith[0m [1mtransaction[0m: 01JWMNJ28N4Q8WT0ZJBJV9W600, [1mtx_type[0m: connect
    [2;3min[0m freenet::node::network_bridge::p2p_protoc::[1mprocess_network_message[0m [2;3mwith[0m [1mtransaction[0m: 01JWMNJ28N4Q8WT0ZJBJV9W600, [1mtx_type[0m: connect
    [2;3min[0m freenet::node::network_bridge::p2p_protoc::[1mnetwork_event_listener[0m [2;3mwith[0m [1mpeer[0m: v6MWKgqHKGmP3ebi
    [2;3min[0m test_small_network_get_issue::[1mnode1[0m

  [2m2025-06-01T02:36:35.634827Z[0m [34mDEBUG[0m [1;34mfreenet::topology[0m[34m: [34mRecording request sent to peer, [1;34mrequest_type[0m[34m: connect, [1;34mrecipient[0m[34m: v6MWKgqHy7paw2it (@ 0.3750290212744264)[0m
    [2;3mat[0m crates/core/src/topology/mod.rs:100
    [2;3min[0m freenet::node::[1mhandle_connect_op_request[0m [2;3mwith[0m [1mtransaction[0m: 01JWMNJ28N4Q8WT0ZJBJV9W600, [1mtx_type[0m: connect
    [2;3min[0m freenet::node::network_bridge::p2p_protoc::[1mprocess_network_message[0m [2;3mwith[0m [1mtransaction[0m: 01JWMNJ28N4Q8WT0ZJBJV9W600, [1mtx_type[0m: connect
    [2;3min[0m freenet::node::network_bridge::p2p_protoc::[1mnetwork_event_listener[0m [2;3mwith[0m [1mpeer[0m: v6MWKgqHKGmP3ebi
    [2;3min[0m test_small_network_get_issue::[1mnode1[0m

  [2m2025-06-01T02:36:35.634920Z[0m [34mDEBUG[0m [1;34mfreenet::node[0m[34m: [34mNo operation result found, [1;34mtx[0m[34m: Some(01JWMNJ28N4Q8WT0ZJBJV9W600)[0m
    [2;3mat[0m crates/core/src/node/mod.rs:431
    [2;3min[0m freenet::node::network_bridge::p2p_protoc::[1mprocess_network_message[0m [2;3mwith[0m [1mtransaction[0m: 01JWMNJ28N4Q8WT0ZJBJV9W600, [1mtx_type[0m: connect
    [2;3min[0m freenet::node::network_bridge::p2p_protoc::[1mnetwork_event_listener[0m [2;3mwith[0m [1mpeer[0m: v6MWKgqHKGmP3ebi
    [2;3min[0m test_small_network_get_issue::[1mnode1[0m

  [2m2025-06-01T02:36:35.634991Z[0m [34mDEBUG[0m [1;34mfreenet::node::network_bridge::p2p_protoc[0m[34m: [34mSending message to peer, [1;34mtarget_peer[0m[34m: v6MWKgqHy7paw2it (@ 0.3750290212744264), [1;34mmsg[0m[34m: Message {AcceptedBy(id: 01JWMNJ28N4Q8WT0ZJBJV9W600, target: v6MWKgqHy7paw2it (@ 0.3750290212744264), accepted: false, acceptor: v6MWKgqHKGmP3ebi (@ 0.679579877024837))}[0m
    [2;3mat[0m crates/core/src/node/network_bridge/p2p_protoc.rs:234
    [2;3min[0m freenet::node::network_bridge::p2p_protoc::[1mnetwork_event_listener[0m [2;3mwith[0m [1mpeer[0m: v6MWKgqHKGmP3ebi
    [2;3min[0m test_small_network_get_issue::[1mnode1[0m

  [2m2025-06-01T02:36:35.635129Z[0m [34mDEBUG[0m [1;34mfreenet::node::network_bridge::p2p_protoc[0m[34m: [34mSending message to peer. Msg: Message {AcceptedBy(id: 01JWMNJ28N4Q8WT0ZJBJV9W600, target: v6MWKgqHy7paw2it (@ 0.3750290212744264), accepted: false, acceptor: v6MWKgqHKGmP3ebi (@ 0.679579877024837))}, [1;34mto[0m[34m: 127.0.0.1:33977[0m
    [2;3mat[0m crates/core/src/node/network_bridge/p2p_protoc.rs:934
    [2;3min[0m freenet::node::network_bridge::p2p_protoc::[1mnetwork_event_listener[0m [2;3mwith[0m [1mpeer[0m: v6MWKgqHKGmP3ebi
    [2;3min[0m test_small_network_get_issue::[1mnode1[0m

  [2m2025-06-01T02:36:35.637371Z[0m [34mDEBUG[0m [1;34mfreenet::node::network_bridge::p2p_protoc[0m[34m: [34mReceived message from peer. Msg: Message {AcceptedBy(id: 01JWMNJ28N4Q8WT0ZJBJV9W600, target: v6MWKgqHy7paw2it (@ 0.3750290212744264), accepted: false, acceptor: v6MWKgqHKGmP3ebi (@ 0.679579877024837))}, [1;34mfrom[0m[34m: 127.0.0.1:43237[0m
    [2;3mat[0m crates/core/src/node/network_bridge/p2p_protoc.rs:961
    [2;3min[0m freenet::node::network_bridge::p2p_protoc::[1mnetwork_event_listener[0m [2;3mwith[0m [1mpeer[0m: v6MWKgqHy7paw2it
    [2;3min[0m test_small_network_get_issue::[1mgateway[0m

  [2m2025-06-01T02:36:35.637547Z[0m [34mDEBUG[0m [1;34mfreenet::node[0m[34m: [34mProcessing operation, iteration: 0, [1;34mtx[0m[34m: Some(01JWMNJ28N4Q8WT0ZJBJV9W600)[0m
    [2;3mat[0m crates/core/src/node/mod.rs:546
    [2;3min[0m freenet::node::network_bridge::p2p_protoc::[1mprocess_network_message[0m [2;3mwith[0m [1mtransaction[0m: 01JWMNJ28N4Q8WT0ZJBJV9W600, [1mtx_type[0m: connect
    [2;3min[0m freenet::node::network_bridge::p2p_protoc::[1mnetwork_event_listener[0m [2;3mwith[0m [1mpeer[0m: v6MWKgqHy7paw2it
    [2;3min[0m test_small_network_get_issue::[1mgateway[0m

  [2m2025-06-01T02:36:35.637644Z[0m [34mDEBUG[0m [1;34mfreenet::operations::connect[0m[34m: [34mConnect response received, [1;34mtx[0m[34m: 01JWMNJ28N4Q8WT0ZJBJV9W600, [1;34mat[0m[34m: v6MWKgqHy7paw2it, [1;34mfrom[0m[34m: v6MWKgqHKGmP3ebi[0m
    [2;3mat[0m crates/core/src/operations/connect.rs:389
    [2;3min[0m freenet::node::[1mhandle_connect_op_request[0m [2;3mwith[0m [1mtransaction[0m: 01JWMNJ28N4Q8WT0ZJBJV9W600, [1mtx_type[0m: connect
    [2;3min[0m freenet::node::network_bridge::p2p_protoc::[1mprocess_network_message[0m [2;3mwith[0m [1mtransaction[0m: 01JWMNJ28N4Q8WT0ZJBJV9W600, [1mtx_type[0m: connect
    [2;3min[0m freenet::node::network_bridge::p2p_protoc::[1mnetwork_event_listener[0m [2;3mwith[0m [1mpeer[0m: v6MWKgqHy7paw2it
    [2;3min[0m test_small_network_get_issue::[1mgateway[0m

  [2m2025-06-01T02:36:35.637699Z[0m [34mDEBUG[0m [1;34mfreenet::operations::connect[0m[34m: [34mFailed to establish any connections, aborting, [1;34mtx[0m[34m: 01JWMNJ28N4Q8WT0ZJBJV9W600, [1;34mpeer[0m[34m: v6MWKgqHy7paw2it[0m
    [2;3mat[0m crates/core/src/operations/connect.rs:541
    [2;3min[0m freenet::node::[1mhandle_connect_op_request[0m [2;3mwith[0m [1mtransaction[0m: 01JWMNJ28N4Q8WT0ZJBJV9W600, [1mtx_type[0m: connect
    [2;3min[0m freenet::node::network_bridge::p2p_protoc::[1mprocess_network_message[0m [2;3mwith[0m [1mtransaction[0m: 01JWMNJ28N4Q8WT0ZJBJV9W600, [1mtx_type[0m: connect
    [2;3min[0m freenet::node::network_bridge::p2p_protoc::[1mnetwork_event_listener[0m [2;3mwith[0m [1mpeer[0m: v6MWKgqHy7paw2it
    [2;3min[0m test_small_network_get_issue::[1mgateway[0m

  [2m2025-06-01T02:36:35.637775Z[0m [34mDEBUG[0m [1;34mfreenet::operations[0m[34m: [34mentered in state pushed to continue with op[0m
    [2;3mat[0m crates/core/src/operations/mod.rs:94
    [2;3min[0m freenet::node::[1mhandle_connect_op_request[0m [2;3mwith[0m [1mtransaction[0m: 01JWMNJ28N4Q8WT0ZJBJV9W600, [1mtx_type[0m: connect
    [2;3min[0m freenet::node::network_bridge::p2p_protoc::[1mprocess_network_message[0m [2;3mwith[0m [1mtransaction[0m: 01JWMNJ28N4Q8WT0ZJBJV9W600, [1mtx_type[0m: connect
    [2;3min[0m freenet::node::network_bridge::p2p_protoc::[1mnetwork_event_listener[0m [2;3mwith[0m [1mpeer[0m: v6MWKgqHy7paw2it
    [2;3min[0m test_small_network_get_issue::[1mgateway[0m

  [2m2025-06-01T02:36:35.637817Z[0m [34mDEBUG[0m [1;34mfreenet::node[0m[34m: [34mNo operation result found, [1;34mtx[0m[34m: Some(01JWMNJ28N4Q8WT0ZJBJV9W600)[0m
    [2;3mat[0m crates/core/src/node/mod.rs:431
    [2;3min[0m freenet::node::network_bridge::p2p_protoc::[1mprocess_network_message[0m [2;3mwith[0m [1mtransaction[0m: 01JWMNJ28N4Q8WT0ZJBJV9W600, [1mtx_type[0m: connect
    [2;3min[0m freenet::node::network_bridge::p2p_protoc::[1mnetwork_event_listener[0m [2;3mwith[0m [1mpeer[0m: v6MWKgqHy7paw2it
    [2;3min[0m test_small_network_get_issue::[1mgateway[0m

  [2m2025-06-01T02:36:36.117740Z[0m [34mDEBUG[0m [1;34mfreenet::contract::executor::runtime[0m[34m: [34mThe incoming state is valid[0m
    [2;3mat[0m crates/core/src/contract/executor/runtime.rs:99
    [2;3min[0m freenet::contract::[1mupsert_contract_state[0m [2;3mwith[0m [1mkey[0m: 7h99HJYhaMNQchCZtTDThc4pfeNx8BPPhrGqhN84NrPV
    [2;3min[0m freenet::node::p2p_impl::[1mcontract_handling[0m
    [2;3min[0m test_small_network_get_issue::[1mnode1[0m

  [2m2025-06-01T02:36:36.117824Z[0m [34mDEBUG[0m [1;34mfreenet::contract::executor::runtime[0m[34m: [34mContract is new, storing initial state[0m
    [2;3mat[0m crates/core/src/contract/executor/runtime.rs:103
    [2;3min[0m freenet::contract::[1mupsert_contract_state[0m [2;3mwith[0m [1mkey[0m: 7h99HJYhaMNQchCZtTDThc4pfeNx8BPPhrGqhN84NrPV
    [2;3min[0m freenet::node::p2p_impl::[1mcontract_handling[0m
    [2;3min[0m test_small_network_get_issue::[1mnode1[0m

  [2m2025-06-01T02:36:36.131060Z[0m [34mDEBUG[0m [1;34mfreenet::operations::put[0m[34m: [34mSuccessfully cached contract locally before propagation, [1;34mtx[0m[34m: 01JWMNJ6T123KVJ95ZJMG9E401, [1;34mkey[0m[34m: 7h99HJYhaMNQchCZtTDThc4pfeNx8BPPhrGqhN84NrPV, [1;34mpeer[0m[34m: v6MWKgqHKGmP3ebi[0m
    [2;3mat[0m crates/core/src/operations/put.rs:191
    [2;3min[0m freenet::node::network_bridge::p2p_protoc::[1mprocess_network_message[0m [2;3mwith[0m [1mtransaction[0m: 01JWMNJ6T123KVJ95ZJMG9E401, [1mtx_type[0m: put
    [2;3min[0m freenet::node::network_bridge::p2p_protoc::[1mnetwork_event_listener[0m [2;3mwith[0m [1mpeer[0m: v6MWKgqHKGmP3ebi
    [2;3min[0m test_small_network_get_issue::[1mnode1[0m

  [2m2025-06-01T02:36:36.131176Z[0m [34mDEBUG[0m [1;34mfreenet::operations[0m[34m: [34mupdated op state, [1;34mid[0m[34m: 01JWMNJ6T123KVJ95ZJMG9E401[0m
    [2;3mat[0m crates/core/src/operations/mod.rs:120
    [2;3min[0m freenet::node::network_bridge::p2p_protoc::[1mprocess_network_message[0m [2;3mwith[0m [1mtransaction[0m: 01JWMNJ6T123KVJ95ZJMG9E401, [1mtx_type[0m: put
    [2;3min[0m freenet::node::network_bridge::p2p_protoc::[1mnetwork_event_listener[0m [2;3mwith[0m [1mpeer[0m: v6MWKgqHKGmP3ebi
    [2;3min[0m test_small_network_get_issue::[1mnode1[0m

  [2m2025-06-01T02:36:36.131202Z[0m [34mDEBUG[0m [1;34mfreenet::operations[0m[34m: [34msending updated op state, [1;34mid[0m[34m: 01JWMNJ6T123KVJ95ZJMG9E401, [1;34mtarget[0m[34m: v6MWKgqHy7paw2it (@ 0.04549383835533005)[0m
    [2;3mat[0m crates/core/src/operations/mod.rs:122
    [2;3min[0m freenet::node::network_bridge::p2p_protoc::[1mprocess_network_message[0m [2;3mwith[0m [1mtransaction[0m: 01JWMNJ6T123KVJ95ZJMG9E401, [1mtx_type[0m: put
    [2;3min[0m freenet::node::network_bridge::p2p_protoc::[1mnetwork_event_listener[0m [2;3mwith[0m [1mpeer[0m: v6MWKgqHKGmP3ebi
    [2;3min[0m test_small_network_get_issue::[1mnode1[0m

  [2m2025-06-01T02:36:36.131277Z[0m [34mDEBUG[0m [1;34mfreenet::topology[0m[34m: [34mRecording request sent to peer, [1;34mrequest_type[0m[34m: put, [1;34mrecipient[0m[34m: v6MWKgqHy7paw2it (@ 0.04549383835533005)[0m
    [2;3mat[0m crates/core/src/topology/mod.rs:100
    [2;3min[0m freenet::node::network_bridge::p2p_protoc::[1mprocess_network_message[0m [2;3mwith[0m [1mtransaction[0m: 01JWMNJ6T123KVJ95ZJMG9E401, [1mtx_type[0m: put
    [2;3min[0m freenet::node::network_bridge::p2p_protoc::[1mnetwork_event_listener[0m [2;3mwith[0m [1mpeer[0m: v6MWKgqHKGmP3ebi
    [2;3min[0m test_small_network_get_issue::[1mnode1[0m

  [2m2025-06-01T02:36:36.131391Z[0m [34mDEBUG[0m [1;34mfreenet::node[0m[34m: [34mNo operation result found, [1;34mtx[0m[34m: Some(01JWMNJ6T123KVJ95ZJMG9E401)[0m
    [2;3mat[0m crates/core/src/node/mod.rs:431
    [2;3min[0m freenet::node::network_bridge::p2p_protoc::[1mprocess_network_message[0m [2;3mwith[0m [1mtransaction[0m: 01JWMNJ6T123KVJ95ZJMG9E401, [1mtx_type[0m: put
    [2;3min[0m freenet::node::network_bridge::p2p_protoc::[1mnetwork_event_listener[0m [2;3mwith[0m [1mpeer[0m: v6MWKgqHKGmP3ebi
    [2;3min[0m test_small_network_get_issue::[1mnode1[0m

  [2m2025-06-01T02:36:36.131529Z[0m [34mDEBUG[0m [1;34mfreenet::node::network_bridge::p2p_protoc[0m[34m: [34mSending message to peer, [1;34mtarget_peer[0m[34m: v6MWKgqHy7paw2it (@ 0.04549383835533005), [1;34mmsg[0m[34m: Message {SeekNode(id: 01JWMNJ6T123KVJ95ZJMG9E401)}[0m
    [2;3mat[0m crates/core/src/node/network_bridge/p2p_protoc.rs:234
    [2;3min[0m freenet::node::network_bridge::p2p_protoc::[1mnetwork_event_listener[0m [2;3mwith[0m [1mpeer[0m: v6MWKgqHKGmP3ebi
    [2;3min[0m test_small_network_get_issue::[1mnode1[0m

  [2m2025-06-01T02:36:36.131697Z[0m [34mDEBUG[0m [1;34mfreenet::node::network_bridge::p2p_protoc[0m[34m: [34mSending message to peer. Msg: Message {SeekNode(id: 01JWMNJ6T123KVJ95ZJMG9E401)}, [1;34mto[0m[34m: 127.0.0.1:33977[0m
    [2;3mat[0m crates/core/src/node/network_bridge/p2p_protoc.rs:934
    [2;3min[0m freenet::node::network_bridge::p2p_protoc::[1mnetwork_event_listener[0m [2;3mwith[0m [1mpeer[0m: v6MWKgqHKGmP3ebi
    [2;3min[0m test_small_network_get_issue::[1mnode1[0m

  [2m2025-06-01T02:36:36.147664Z[0m [34mDEBUG[0m [1;34mfreenet::transport::peer_connection::outbound_stream[0m[34m: [34msending stream, [1;34mstream_id[0m[34m: 7, [1;34mlength[0m[34m: 12925334[0m
    [2;3mat[0m crates/core/src/transport/peer_connection/outbound_stream.rs:41
    [2;3min[0m freenet::transport::peer_connection::[1moutbound_stream[0m
    [2;3min[0m freenet::transport::peer_connection::[1mpeer_connection[0m
    [2;3min[0m freenet::node::network_bridge::p2p_protoc::[1mnetwork_event_listener[0m [2;3mwith[0m [1mpeer[0m: v6MWKgqHKGmP3ebi
    [2;3min[0m test_small_network_get_issue::[1mnode1[0m

  [2m2025-06-01T02:36:40.198108Z[0m [34mDEBUG[0m [1;34mfreenet::transport::connection_handler[0m[34m: [34msending protocol version and inbound key, [1;34mremote_addr[0m[34m: 127.0.0.1:43237[0m
    [2;3mat[0m crates/core/src/transport/connection_handler.rs:690
    [2;3min[0m freenet::transport::connection_handler::[1mtraverse_nat[0m
    [2;3min[0m freenet::transport::connection_handler::[1mtransport_listener[0m [2;3mwith[0m [1mpeer[0m: v6MWKgqJ277dPytc

  [2m2025-06-01T02:36:40.198185Z[0m [34mDEBUG[0m [1;34mfreenet::transport::connection_handler[0m[34m: [34mreceived packet after sending it, [1;34mremote_addr[0m[34m: 127.0.0.1:43237[0m
    [2;3mat[0m crates/core/src/transport/connection_handler.rs:716
    [2;3min[0m freenet::transport::connection_handler::[1mtraverse_nat[0m
    [2;3min[0m freenet::transport::connection_handler::[1mtransport_listener[0m [2;3mwith[0m [1mpeer[0m: v6MWKgqJ277dPytc

  [2m2025-06-01T02:36:40.198201Z[0m [34mDEBUG[0m [1;34mfreenet::transport::connection_handler[0m[34m: [34mreceived packet from remote: [80, 96, 142, 179, 251, 177, 113, 252, 95, 146, 31, 73, 178, 118, 189, 63, 64, 126, 143, 233, 242, 93, 113, 197, 23, 104, 175, 208, 245, 227, 46, 247, 84, 89, 247, 72, 41, 119, 240, 39, 30, 197, 56, 192, 23, 99, 93, 100, 134, 91, 67, 213, 228, 32, 230, 164, 147, 146, 52, 28, 85, 155, 214, 172, 180, 125, 227, 99, 183, 175, 44, 254, 121, 187, 186, 222, 72, 95, 208, 26, 197, 237, 156, 119, 216, 55, 200, 203, 232, 215, 242, 141, 120, 66, 163, 196, 159, 100, 13, 16, 67, 172, 193, 160, 227, 37, 40, 13, 19, 135, 227, 77, 207, 216, 104, 7, 126, 216, 251, 80, 237, 77, 48, 196, 78, 226, 48, 55, 209, 226, 204, 232, 49, 57, 234, 96, 76, 54, 230, 73, 40, 55, 184, 102, 12, 12, 66, 220, 107, 12, 93, 51, 185, 172, 19, 236, 47, 67, 117, 248, 143, 85, 158, 59, 16, 45, 189, 189, 201, 106, 72, 185, 47, 53, 118, 147, 26, 206, 248, 32, 160, 253, 53, 60, 23, 139, 144, 235, 190, 162, 157, 246, 255, 120, 60, 97, 45, 14, 43, 1, 78, 132, 220, 24, 248, 28, 123, 93, 205, 149, 207, 192, 136, 177, 139, 61, 87, 103, 140, 78, 196, 237, 173, 239, 41, 244, 175, 82, 186, 150, 113, 129, 235, 117, 201, 96, 41, 133, 22, 40, 21, 11, 112, 64, 244, 18, 107, 66, 78, 77, 193, 176, 9, 57, 223, 125], [1;34mremote_addr[0m[34m: 127.0.0.1:43237[0m
    [2;3mat[0m crates/core/src/transport/connection_handler.rs:721
    [2;3min[0m freenet::transport::connection_handler::[1mtraverse_nat[0m
    [2;3min[0m freenet::transport::connection_handler::[1mtransport_listener[0m [2;3mwith[0m [1mpeer[0m: v6MWKgqJ277dPytc

  [2m2025-06-01T02:36:40.198454Z[0m [34mDEBUG[0m [1;34mfreenet::transport::connection_handler[0m[34m: [34munexpected packet from non-gateway node, [1;34mremote_addr[0m[34m: 127.0.0.1:48752, [1;34msize[0m[34m: 256[0m
    [2;3mat[0m crates/core/src/transport/connection_handler.rs:359
    [2;3min[0m freenet::transport::connection_handler::[1mtransport_listener[0m [2;3mwith[0m [1mpeer[0m: v6MWKgqHKGmP3ebi

  [2m2025-06-01T02:36:40.201930Z[0m [34mDEBUG[0m [1;34mfreenet::transport::connection_handler[0m[34m: [34mreceived intro packet, [1;34mremote_addr[0m[34m: 127.0.0.1:43237[0m
    [2;3mat[0m crates/core/src/transport/connection_handler.rs:639
    [2;3min[0m freenet::transport::connection_handler::[1mtraverse_nat[0m
    [2;3min[0m freenet::transport::connection_handler::[1mtransport_listener[0m [2;3mwith[0m [1mpeer[0m: v6MWKgqJ277dPytc

  [2m2025-06-01T02:36:40.201971Z[0m [34mDEBUG[0m [1;34mfreenet::transport::connection_handler[0m[34m: [34msending back protocol version and inbound key to remote, [1;34mremote_addr[0m[34m: 127.0.0.1:43237[0m
    [2;3mat[0m crates/core/src/transport/connection_handler.rs:697
    [2;3min[0m freenet::transport::connection_handler::[1mtraverse_nat[0m
    [2;3min[0m freenet::transport::connection_handler::[1mtransport_listener[0m [2;3mwith[0m [1mpeer[0m: v6MWKgqJ277dPytc

  [2m2025-06-01T02:36:40.202220Z[0m [34mDEBUG[0m [1;34mfreenet::transport::connection_handler[0m[34m: [34munexpected packet from non-gateway node, [1;34mremote_addr[0m[34m: 127.0.0.1:48752, [1;34msize[0m[34m: 74[0m
    [2;3mat[0m crates/core/src/transport/connection_handler.rs:359
    [2;3min[0m freenet::transport::connection_handler::[1mtransport_listener[0m [2;3mwith[0m [1mpeer[0m: v6MWKgqHKGmP3ebi

  [2m2025-06-01T02:36:40.202297Z[0m [31mERROR[0m [1;31mfreenet::transport::connection_handler[0m[31m: [31mFailed to establish connection, [1;31merror[0m[31m: failed while establishing connection, reason: max connection attempts reached, [1;31mremote_addr[0m[31m: 127.0.0.1:43237[0m
    [2;3mat[0m crates/core/src/transport/connection_handler.rs:442
    [2;3min[0m freenet::transport::connection_handler::[1mtransport_listener[0m [2;3mwith[0m [1mpeer[0m: v6MWKgqJ277dPytc

  [2m2025-06-01T02:36:40.202837Z[0m [34mDEBUG[0m [1;34mfreenet::transport::connection_handler[0m[34m: [34mreceived packet after sending it, [1;34mremote_addr[0m[34m: 127.0.0.1:43237[0m
    [2;3mat[0m crates/core/src/transport/connection_handler.rs:716
    [2;3min[0m freenet::transport::connection_handler::[1mtraverse_nat[0m
    [2;3min[0m freenet::transport::connection_handler::[1mtransport_listener[0m [2;3mwith[0m [1mpeer[0m: v6MWKgqJ277dPytc

  [2m2025-06-01T02:36:40.202949Z[0m [31mERROR[0m [1;31mfreenet::transport::connection_handler[0m[31m: [31mconnection established but no ongoing connection found, [1;31mremote_addr[0m[31m: 127.0.0.1:43237[0m
    [2;3mat[0m crates/core/src/transport/connection_handler.rs:438
    [2;3min[0m freenet::transport::connection_handler::[1mtransport_listener[0m [2;3mwith[0m [1mpeer[0m: v6MWKgqJ277dPytc

  [2m2025-06-01T02:36:40.239410Z[0m [34mDEBUG[0m [1;34mfreenet::node::network_bridge::handshake[0m[34m: [34mfailed to establish outbound connection: failed while establishing connection, reason: max connection attempts reached, [1;34mremote[0m[34m: v6MWKgqHKGmP3ebi[0m
    [2;3mat[0m crates/core/src/node/network_bridge/handshake.rs:730
    [2;3min[0m freenet::node::network_bridge::handshake::[1mwait_for_events[0m
    [2;3min[0m freenet::node::network_bridge::p2p_protoc::[1mnetwork_event_listener[0m [2;3mwith[0m [1mpeer[0m: v6MWKgqJ277dPytc
    [2;3min[0m test_small_network_get_issue::[1mnode2[0m

  [2m2025-06-01T02:36:40.239487Z[0m [34mDEBUG[0m [1;34mfreenet::node::network_bridge::handshake[0m[34m: [34mOutbound connection failed: failed while establishing connection, reason: max connection attempts reached, [1;34mfrom[0m[34m: 127.0.0.1:43237[0m
    [2;3mat[0m crates/core/src/node/network_bridge/handshake.rs:333
    [2;3min[0m freenet::node::network_bridge::handshake::[1mwait_for_events[0m
    [2;3min[0m freenet::node::network_bridge::p2p_protoc::[1mnetwork_event_listener[0m [2;3mwith[0m [1mpeer[0m: v6MWKgqJ277dPytc
    [2;3min[0m test_small_network_get_issue::[1mnode2[0m

  [2m2025-06-01T02:36:40.239515Z[0m [34mDEBUG[0m [1;34mfreenet::ring::connection_manager[0m[34m: [34mPruning active connection, [1;34mpeer[0m[34m: v6MWKgqHKGmP3ebi[0m
    [2;3mat[0m crates/core/src/ring/connection_manager.rs:287
    [2;3min[0m freenet::node::network_bridge::handshake::[1mwait_for_events[0m
    [2;3min[0m freenet::node::network_bridge::p2p_protoc::[1mnetwork_event_listener[0m [2;3mwith[0m [1mpeer[0m: v6MWKgqJ277dPytc
    [2;3min[0m test_small_network_get_issue::[1mnode2[0m

  [2m2025-06-01T02:36:40.239552Z[0m [34mDEBUG[0m [1;34mfreenet::ring::connection_manager[0m[34m: [34mno location found for peer, skip pruning[0m
    [2;3mat[0m crates/core/src/ring/connection_manager.rs:293
    [2;3min[0m freenet::node::network_bridge::handshake::[1mwait_for_events[0m
    [2;3min[0m freenet::node::network_bridge::p2p_protoc::[1mnetwork_event_listener[0m [2;3mwith[0m [1mpeer[0m: v6MWKgqJ277dPytc
    [2;3min[0m test_small_network_get_issue::[1mnode2[0m

  [2m2025-06-01T02:36:40.239609Z[0m [32m INFO[0m [1;32mfreenet::node::network_bridge::p2p_protoc[0m[32m: [32mConnection failed: TransportError(ConnectionEstablishmentFailure { cause: "max connection attempts reached" }), [1;32mpeer_id[0m[32m: v6MWKgqHKGmP3ebi[0m
    [2;3mat[0m crates/core/src/node/network_bridge/p2p_protoc.rs:604
    [2;3min[0m freenet::node::network_bridge::p2p_protoc::[1mnetwork_event_listener[0m [2;3mwith[0m [1mpeer[0m: v6MWKgqJ277dPytc
    [2;3min[0m test_small_network_get_issue::[1mnode2[0m

  [2m2025-06-01T02:36:45.470502Z[0m [34mDEBUG[0m [1;34mfreenet::operations::connect[0m[34m: [34mConnection status: open_connections = 1, unconnected_gateways = 0[0m
    [2;3mat[0m crates/core/src/operations/connect.rs:711

  [2m2025-06-01T02:36:45.499823Z[0m [34mDEBUG[0m [1;34mfreenet::operations::connect[0m[34m: [34mConnection status: open_connections = 1, unconnected_gateways = 0[0m
    [2;3mat[0m crates/core/src/operations/connect.rs:711

  [2m2025-06-01T02:36:47.654805Z[0m [34mDEBUG[0m [1;34mfreenet::node::network_bridge::p2p_protoc[0m[34m: [34mReceived message from peer. Msg: Message {SeekNode(id: 01JWMNJ6T123KVJ95ZJMG9E401)}, [1;34mfrom[0m[34m: 127.0.0.1:43237[0m
    [2;3mat[0m crates/core/src/node/network_bridge/p2p_protoc.rs:961
    [2;3min[0m freenet::node::network_bridge::p2p_protoc::[1mnetwork_event_listener[0m [2;3mwith[0m [1mpeer[0m: v6MWKgqHy7paw2it
    [2;3min[0m test_small_network_get_issue::[1mgateway[0m

  [2m2025-06-01T02:36:47.657154Z[0m [34mDEBUG[0m [1;34mfreenet::node[0m[34m: [34mProcessing operation, iteration: 0, [1;34mtx[0m[34m: Some(01JWMNJ6T123KVJ95ZJMG9E401)[0m
    [2;3mat[0m crates/core/src/node/mod.rs:546
    [2;3min[0m freenet::node::network_bridge::p2p_protoc::[1mprocess_network_message[0m [2;3mwith[0m [1mtransaction[0m: 01JWMNJ6T123KVJ95ZJMG9E401, [1mtx_type[0m: put
    [2;3min[0m freenet::node::network_bridge::p2p_protoc::[1mnetwork_event_listener[0m [2;3mwith[0m [1mpeer[0m: v6MWKgqHy7paw2it
    [2;3min[0m test_small_network_get_issue::[1mgateway[0m

  [2m2025-06-01T02:36:47.657525Z[0m [34mDEBUG[0m [1;34mfreenet::operations::put[0m[34m: [34mPutting contract at target peer, [1;34mtx[0m[34m: 01JWMNJ6T123KVJ95ZJMG9E401, [1;34mkey[0m[34m: 7h99HJYhaMNQchCZtTDThc4pfeNx8BPPhrGqhN84NrPV, [1;34mtarget[0m[34m: v6MWKgqHy7paw2it, [1;34msender[0m[34m: v6MWKgqHKGmP3ebi[0m
    [2;3mat[0m crates/core/src/operations/put.rs:229
    [2;3min[0m freenet::node::network_bridge::p2p_protoc::[1mprocess_network_message[0m [2;3mwith[0m [1mtransaction[0m: 01JWMNJ6T123KVJ95ZJMG9E401, [1mtx_type[0m: put
    [2;3min[0m freenet::node::network_bridge::p2p_protoc::[1mnetwork_event_listener[0m [2;3mwith[0m [1mpeer[0m: v6MWKgqHy7paw2it
    [2;3min[0m test_small_network_get_issue::[1mgateway[0m

  [2m2025-06-01T02:36:47.657715Z[0m [34mDEBUG[0m [1;34mfreenet::operations::put[0m[34m: [34mCaching contract locally as it's not already seeded, [1;34mtx[0m[34m: 01JWMNJ6T123KVJ95ZJMG9E401, [1;34mkey[0m[34m: 7h99HJYhaMNQchCZtTDThc4pfeNx8BPPhrGqhN84NrPV, [1;34mpeer[0m[34m: v6MWKgqHy7paw2it[0m
    [2;3mat[0m crates/core/src/operations/put.rs:258
    [2;3min[0m freenet::node::network_bridge::p2p_protoc::[1mprocess_network_message[0m [2;3mwith[0m [1mtransaction[0m: 01JWMNJ6T123KVJ95ZJMG9E401, [1mtx_type[0m: put
    [2;3min[0m freenet::node::network_bridge::p2p_protoc::[1mnetwork_event_listener[0m [2;3mwith[0m [1mpeer[0m: v6MWKgqHy7paw2it
    [2;3min[0m test_small_network_get_issue::[1mgateway[0m

  [2m2025-06-01T02:36:47.657769Z[0m [34mDEBUG[0m [1;34mfreenet::operations::put[0m[34m: [34mAttempting contract value put, [1;34mtx[0m[34m: 01JWMNJ6T123KVJ95ZJMG9E401[0m
    [2;3mat[0m crates/core/src/operations/put.rs:265
    [2;3min[0m freenet::node::network_bridge::p2p_protoc::[1mprocess_network_message[0m [2;3mwith[0m [1mtransaction[0m: 01JWMNJ6T123KVJ95ZJMG9E401, [1mtx_type[0m: put
    [2;3min[0m freenet::node::network_bridge::p2p_protoc::[1mnetwork_event_listener[0m [2;3mwith[0m [1mpeer[0m: v6MWKgqHy7paw2it
    [2;3min[0m test_small_network_get_issue::[1mgateway[0m

  [2m2025-06-01T02:36:47.657857Z[0m [34mDEBUG[0m [1;34mfreenet::contract[0m[34m: [34mGot contract handling event, [1;34mevent[0m[34m: put query { 7h99HJYhaMNQchCZtTDThc4pfeNx8BPPhrGqhN84NrPV, params: 0x7b2274746c223a22... }[0m
    [2;3mat[0m crates/core/src/contract/mod.rs:34
    [2;3min[0m freenet::node::p2p_impl::[1mcontract_handling[0m
    [2;3min[0m test_small_network_get_issue::[1mgateway[0m

  [2m2025-06-01T02:36:47.657988Z[0m [34mDEBUG[0m [1;34mfreenet::contract::executor::runtime[0m[34m: [34mupserting contract state, [1;34mcontract[0m[34m: 7h99HJYhaMNQchCZtTDThc4pfeNx8BPPhrGqhN84NrPV, [1;34mstate_size[0m[34m: 11, [1;34mstate_hash[0m[34m: 71d66c3c823e2967f3d65dc251854d6ef760e26a483e701d0c89b7f0760c0632[0m
    [2;3mat[0m crates/core/src/contract/executor/runtime.rs:44
    [2;3min[0m freenet::contract::[1mupsert_contract_state[0m [2;3mwith[0m [1mkey[0m: 7h99HJYhaMNQchCZtTDThc4pfeNx8BPPhrGqhN84NrPV
    [2;3min[0m freenet::node::p2p_impl::[1mcontract_handling[0m
    [2;3min[0m test_small_network_get_issue::[1mgateway[0m

  [2m2025-06-01T02:36:48.772602Z[0m [34mDEBUG[0m [1;34mfreenet::contract::executor::runtime[0m[34m: [34mThe incoming state is valid[0m
    [2;3mat[0m crates/core/src/contract/executor/runtime.rs:99
    [2;3min[0m freenet::contract::[1mupsert_contract_state[0m [2;3mwith[0m [1mkey[0m: 7h99HJYhaMNQchCZtTDThc4pfeNx8BPPhrGqhN84NrPV
    [2;3min[0m freenet::node::p2p_impl::[1mcontract_handling[0m
    [2;3min[0m test_small_network_get_issue::[1mgateway[0m

  [2m2025-06-01T02:36:48.772669Z[0m [34mDEBUG[0m [1;34mfreenet::contract::executor::runtime[0m[34m: [34mContract is new, storing initial state[0m
    [2;3mat[0m crates/core/src/contract/executor/runtime.rs:103
    [2;3min[0m freenet::contract::[1mupsert_contract_state[0m [2;3mwith[0m [1mkey[0m: 7h99HJYhaMNQchCZtTDThc4pfeNx8BPPhrGqhN84NrPV
    [2;3min[0m freenet::node::p2p_impl::[1mcontract_handling[0m
    [2;3min[0m test_small_network_get_issue::[1mgateway[0m

  [2m2025-06-01T02:36:48.993004Z[0m [34mDEBUG[0m [1;34mfreenet::operations::put[0m[34m: [34mSuccessfully put value for contract 7h99HJYhaMNQchCZtTDThc4pfeNx8BPPhrGqhN84NrPV @ Some(Location(0.04549383835533005)), [1;34mtx[0m[34m: 01JWMNJ6T123KVJ95ZJMG9E401[0m
    [2;3mat[0m crates/core/src/operations/put.rs:275
    [2;3min[0m freenet::node::network_bridge::p2p_protoc::[1mprocess_network_message[0m [2;3mwith[0m [1mtransaction[0m: 01JWMNJ6T123KVJ95ZJMG9E401, [1mtx_type[0m: put
    [2;3min[0m freenet::node::network_bridge::p2p_protoc::[1mnetwork_event_listener[0m [2;3mwith[0m [1mpeer[0m: v6MWKgqHy7paw2it
    [2;3min[0m test_small_network_get_issue::[1mgateway[0m

  [2m2025-06-01T02:36:48.993224Z[0m [34mDEBUG[0m [1;34mfreenet::contract[0m[34m: [34mGot contract handling event, [1;34mevent[0m[34m: get query { 7h99HJYhaMNQchCZtTDThc4pfeNx8BPPhrGqhN84NrPV, return contract code: false }[0m
    [2;3mat[0m crates/core/src/contract/mod.rs:34
    [2;3min[0m freenet::node::p2p_impl::[1mcontract_handling[0m
    [2;3min[0m test_small_network_get_issue::[1mgateway[0m

  [2m2025-06-01T02:36:48.993334Z[0m [34mDEBUG[0m [1;34mfreenet::contract::executor::runtime[0m[34m: [34mfetching contract, [1;34mcontract[0m[34m: 7h99HJYhaMNQchCZtTDThc4pfeNx8BPPhrGqhN84NrPV, [1;34mreturn_code[0m[34m: false[0m
    [2;3mat[0m crates/core/src/contract/executor/runtime.rs:13
    [2;3min[0m freenet::contract::[1mfetch_contract[0m [2;3mwith[0m [1mkey[0m: 7h99HJYhaMNQchCZtTDThc4pfeNx8BPPhrGqhN84NrPV, [1mreturn_contract_code[0m: false
    [2;3min[0m freenet::node::p2p_impl::[1mcontract_handling[0m
    [2;3min[0m test_small_network_get_issue::[1mgateway[0m

  [2m2025-06-01T02:36:48.993382Z[0m [34mDEBUG[0m [1;34mfreenet::contract::executor::runtime[0m[34m: [34mGetting contract, [1;34mcontract[0m[34m: 7h99HJYhaMNQchCZtTDThc4pfeNx8BPPhrGqhN84NrPV, [1;34mreturn_code[0m[34m: false[0m
    [2;3mat[0m crates/core/src/contract/executor/runtime.rs:853
    [2;3min[0m freenet::contract::[1mfetch_contract[0m [2;3mwith[0m [1mkey[0m: 7h99HJYhaMNQchCZtTDThc4pfeNx8BPPhrGqhN84NrPV, [1mreturn_contract_code[0m: false
    [2;3min[0m freenet::node::p2p_impl::[1mcontract_handling[0m
    [2;3min[0m test_small_network_get_issue::[1mgateway[0m

  [2m2025-06-01T02:36:48.993443Z[0m [34mDEBUG[0m [1;34mfreenet::contract::executor::runtime[0m[34m: [34mContract get result, [1;34mcontract[0m[34m: 7h99HJYhaMNQchCZtTDThc4pfeNx8BPPhrGqhN84NrPV, [1;34mstate_found[0m[34m: true, [1;34mhas_contract[0m[34m: false[0m
    [2;3mat[0m crates/core/src/contract/executor/runtime.rs:867
    [2;3min[0m freenet::contract::[1mfetch_contract[0m [2;3mwith[0m [1mkey[0m: 7h99HJYhaMNQchCZtTDThc4pfeNx8BPPhrGqhN84NrPV, [1mreturn_contract_code[0m: false
    [2;3min[0m freenet::node::p2p_impl::[1mcontract_handling[0m
    [2;3min[0m test_small_network_get_issue::[1mgateway[0m

  [2m2025-06-01T02:36:48.993484Z[0m [34mDEBUG[0m [1;34mfreenet::contract::executor::runtime[0m[34m: [34mfetched contract state, [1;34mcontract[0m[34m: 7h99HJYhaMNQchCZtTDThc4pfeNx8BPPhrGqhN84NrPV, [1;34mstate_size[0m[34m: 11, [1;34mstate_hash[0m[34m: 71d66c3c823e2967f3d65dc251854d6ef760e26a483e701d0c89b7f0760c0632, [1;34mhas_code[0m[34m: false[0m
    [2;3mat[0m crates/core/src/contract/executor/runtime.rs:21
    [2;3min[0m freenet::contract::[1mfetch_contract[0m [2;3mwith[0m [1mkey[0m: 7h99HJYhaMNQchCZtTDThc4pfeNx8BPPhrGqhN84NrPV, [1mreturn_contract_code[0m: false
    [2;3min[0m freenet::node::p2p_impl::[1mcontract_handling[0m
    [2;3min[0m test_small_network_get_issue::[1mgateway[0m

  [2m2025-06-01T02:36:48.993531Z[0m [34mDEBUG[0m [1;34mfreenet::contract[0m[34m: [34mFetched contract 7h99HJYhaMNQchCZtTDThc4pfeNx8BPPhrGqhN84NrPV, [1;34mwith_contract_code[0m[34m: false, [1;34mhas_contract[0m[34m: false[0m
    [2;3mat[0m crates/core/src/contract/mod.rs:47
    [2;3min[0m freenet::node::p2p_impl::[1mcontract_handling[0m
    [2;3min[0m test_small_network_get_issue::[1mgateway[0m

  [2m2025-06-01T02:36:48.993910Z[0m [34mDEBUG[0m [1;34mfreenet::operations[0m[34m: [34msending back message to target, [1;34mtx_id[0m[34m: 01JWMNJ6T123KVJ95ZJMG9E401, [1;34mtarget[0m[34m: v6MWKgqHKGmP3ebi[0m
    [2;3mat[0m crates/core/src/operations/mod.rs:144
    [2;3min[0m freenet::node::network_bridge::p2p_protoc::[1mprocess_network_message[0m [2;3mwith[0m [1mtransaction[0m: 01JWMNJ6T123KVJ95ZJMG9E401, [1mtx_type[0m: put
    [2;3min[0m freenet::node::network_bridge::p2p_protoc::[1mnetwork_event_listener[0m [2;3mwith[0m [1mpeer[0m: v6MWKgqHy7paw2it
    [2;3min[0m test_small_network_get_issue::[1mgateway[0m

  [2m2025-06-01T02:36:48.994026Z[0m [34mDEBUG[0m [1;34mfreenet::node[0m[34m: [34mNo operation result found, [1;34mtx[0m[34m: Some(01JWMNJ6T123KVJ95ZJMG9E401)[0m
    [2;3mat[0m crates/core/src/node/mod.rs:431
    [2;3min[0m freenet::node::network_bridge::p2p_protoc::[1mprocess_network_message[0m [2;3mwith[0m [1mtransaction[0m: 01JWMNJ6T123KVJ95ZJMG9E401, [1mtx_type[0m: put
    [2;3min[0m freenet::node::network_bridge::p2p_protoc::[1mnetwork_event_listener[0m [2;3mwith[0m [1mpeer[0m: v6MWKgqHy7paw2it
    [2;3min[0m test_small_network_get_issue::[1mgateway[0m

  [2m2025-06-01T02:36:48.994034Z[0m [34mDEBUG[0m [1;34mfreenet::node[0m[34m: [34mProcessing operation, iteration: 0, [1;34mtx[0m[34m: Some(01JWMNJMF10W635ZMQAXTB5583)[0m
    [2;3mat[0m crates/core/src/node/mod.rs:546
    [2;3min[0m freenet::node::network_bridge::p2p_protoc::[1mprocess_network_message[0m [2;3mwith[0m [1mtransaction[0m: 01JWMNJMF10W635ZMQAXTB5583, [1mtx_type[0m: subscribe
    [2;3min[0m freenet::node::network_bridge::p2p_protoc::[1mnetwork_event_listener[0m [2;3mwith[0m [1mpeer[0m: v6MWKgqHy7paw2it
    [2;3min[0m test_small_network_get_issue::[1mgateway[0m

  [2m2025-06-01T02:36:48.994139Z[0m [34mDEBUG[0m [1;34mfreenet::node::network_bridge::p2p_protoc[0m[34m: [34mSending message to peer, [1;34mtarget_peer[0m[34m: v6MWKgqHKGmP3ebi (@ 0.679579877024837), [1;34mmsg[0m[34m: Message {SuccessfulPut(id: 01JWMNJ6T123KVJ95ZJMG9E401)}[0m
    [2;3mat[0m crates/core/src/node/network_bridge/p2p_protoc.rs:234
    [2;3min[0m freenet::node::network_bridge::p2p_protoc::[1mnetwork_event_listener[0m [2;3mwith[0m [1mpeer[0m: v6MWKgqHy7paw2it
    [2;3min[0m test_small_network_get_issue::[1mgateway[0m

  [2m2025-06-01T02:36:48.994219Z[0m [34mDEBUG[0m [1;34mfreenet::operations[0m[34m: [34mupdated op state, [1;34mid[0m[34m: 01JWMNJMF10W635ZMQAXTB5583[0m
    [2;3mat[0m crates/core/src/operations/mod.rs:120
    [2;3min[0m freenet::node::network_bridge::p2p_protoc::[1mprocess_network_message[0m [2;3mwith[0m [1mtransaction[0m: 01JWMNJMF10W635ZMQAXTB5583, [1mtx_type[0m: subscribe
    [2;3min[0m freenet::node::network_bridge::p2p_protoc::[1mnetwork_event_listener[0m [2;3mwith[0m [1mpeer[0m: v6MWKgqHy7paw2it
    [2;3min[0m test_small_network_get_issue::[1mgateway[0m

  [2m2025-06-01T02:36:48.994256Z[0m [34mDEBUG[0m [1;34mfreenet::operations[0m[34m: [34msending updated op state, [1;34mid[0m[34m: 01JWMNJMF10W635ZMQAXTB5583, [1;34mtarget[0m[34m: v6MWKgqHKGmP3ebi (@ 0.679579877024837)[0m
    [2;3mat[0m crates/core/src/operations/mod.rs:122
    [2;3min[0m freenet::node::network_bridge::p2p_protoc::[1mprocess_network_message[0m [2;3mwith[0m [1mtransaction[0m: 01JWMNJMF10W635ZMQAXTB5583, [1mtx_type[0m: subscribe
    [2;3min[0m freenet::node::network_bridge::p2p_protoc::[1mnetwork_event_listener[0m [2;3mwith[0m [1mpeer[0m: v6MWKgqHy7paw2it
    [2;3min[0m test_small_network_get_issue::[1mgateway[0m

  [2m2025-06-01T02:36:48.994293Z[0m [34mDEBUG[0m [1;34mfreenet::node::network_bridge::p2p_protoc[0m[34m: [34mSending message to peer. Msg: Message {SuccessfulPut(id: 01JWMNJ6T123KVJ95ZJMG9E401)}, [1;34mto[0m[34m: 127.0.0.1:43237[0m
    [2;3mat[0m crates/core/src/node/network_bridge/p2p_protoc.rs:934
    [2;3min[0m freenet::node::network_bridge::p2p_protoc::[1mnetwork_event_listener[0m [2;3mwith[0m [1mpeer[0m: v6MWKgqHy7paw2it
    [2;3min[0m test_small_network_get_issue::[1mgateway[0m

  [2m2025-06-01T02:36:48.994336Z[0m [34mDEBUG[0m [1;34mfreenet::topology[0m[34m: [34mRecording request sent to peer, [1;34mrequest_type[0m[34m: subscribe, [1;34mrecipient[0m[34m: v6MWKgqHKGmP3ebi (@ 0.679579877024837)[0m
    [2;3mat[0m crates/core/src/topology/mod.rs:100
    [2;3min[0m freenet::node::network_bridge::p2p_protoc::[1mprocess_network_message[0m [2;3mwith[0m [1mtransaction[0m: 01JWMNJMF10W635ZMQAXTB5583, [1mtx_type[0m: subscribe
    [2;3min[0m freenet::node::network_bridge::p2p_protoc::[1mnetwork_event_listener[0m [2;3mwith[0m [1mpeer[0m: v6MWKgqHy7paw2it
    [2;3min[0m test_small_network_get_issue::[1mgateway[0m

  [2m2025-06-01T02:36:48.994450Z[0m [34mDEBUG[0m [1;34mfreenet::node[0m[34m: [34mNo operation result found, [1;34mtx[0m[34m: Some(01JWMNJMF10W635ZMQAXTB5583)[0m
    [2;3mat[0m crates/core/src/node/mod.rs:431
    [2;3min[0m freenet::node::network_bridge::p2p_protoc::[1mprocess_network_message[0m [2;3mwith[0m [1mtransaction[0m: 01JWMNJMF10W635ZMQAXTB5583, [1mtx_type[0m: subscribe
    [2;3min[0m freenet::node::network_bridge::p2p_protoc::[1mnetwork_event_listener[0m [2;3mwith[0m [1mpeer[0m: v6MWKgqHy7paw2it
    [2;3min[0m test_small_network_get_issue::[1mgateway[0m

  [2m2025-06-01T02:36:48.994483Z[0m [34mDEBUG[0m [1;34mfreenet::node::network_bridge::p2p_protoc[0m[34m: [34mSending message to peer, [1;34mtarget_peer[0m[34m: v6MWKgqHKGmP3ebi (@ 0.679579877024837), [1;34mmsg[0m[34m: Message {SeekNode(id: 01JWMNJMF10W635ZMQAXTB5583)}[0m
    [2;3mat[0m crates/core/src/node/network_bridge/p2p_protoc.rs:234
    [2;3min[0m freenet::node::network_bridge::p2p_protoc::[1mnetwork_event_listener[0m [2;3mwith[0m [1mpeer[0m: v6MWKgqHy7paw2it
    [2;3min[0m test_small_network_get_issue::[1mgateway[0m

  [2m2025-06-01T02:36:48.995430Z[0m [34mDEBUG[0m [1;34mfreenet::node::network_bridge::p2p_protoc[0m[34m: [34mSending message to peer. Msg: Message {SeekNode(id: 01JWMNJMF10W635ZMQAXTB5583)}, [1;34mto[0m[34m: 127.0.0.1:43237[0m
    [2;3mat[0m crates/core/src/node/network_bridge/p2p_protoc.rs:934
    [2;3min[0m freenet::node::network_bridge::p2p_protoc::[1mnetwork_event_listener[0m [2;3mwith[0m [1mpeer[0m: v6MWKgqHy7paw2it
    [2;3min[0m test_small_network_get_issue::[1mgateway[0m

  [2m2025-06-01T02:36:48.996171Z[0m [34mDEBUG[0m [1;34mfreenet::node::network_bridge::p2p_protoc[0m[34m: [34mReceived message from peer. Msg: Message {SuccessfulPut(id: 01JWMNJ6T123KVJ95ZJMG9E401)}, [1;34mfrom[0m[34m: 127.0.0.1:33977[0m
    [2;3mat[0m crates/core/src/node/network_bridge/p2p_protoc.rs:961
    [2;3min[0m freenet::node::network_bridge::p2p_protoc::[1mnetwork_event_listener[0m [2;3mwith[0m [1mpeer[0m: v6MWKgqHKGmP3ebi
    [2;3min[0m test_small_network_get_issue::[1mnode1[0m

  [2m2025-06-01T02:36:48.996348Z[0m [34mDEBUG[0m [1;34mfreenet::node[0m[34m: [34mProcessing operation, iteration: 0, [1;34mtx[0m[34m: Some(01JWMNJ6T123KVJ95ZJMG9E401)[0m
    [2;3mat[0m crates/core/src/node/mod.rs:546
    [2;3min[0m freenet::node::network_bridge::p2p_protoc::[1mprocess_network_message[0m [2;3mwith[0m [1mtransaction[0m: 01JWMNJ6T123KVJ95ZJMG9E401, [1mtx_type[0m: put
    [2;3min[0m freenet::node::network_bridge::p2p_protoc::[1mnetwork_event_listener[0m [2;3mwith[0m [1mpeer[0m: v6MWKgqHKGmP3ebi
    [2;3min[0m test_small_network_get_issue::[1mnode1[0m

  [2m2025-06-01T02:36:48.996523Z[0m [34mDEBUG[0m [1;34mfreenet::operations::put[0m[34m: [34mContract already seeded locally, skipping duplicate caching, [1;34mtx[0m[34m: 01JWMNJ6T123KVJ95ZJMG9E401, [1;34mkey[0m[34m: 7h99HJYhaMNQchCZtTDThc4pfeNx8BPPhrGqhN84NrPV, [1;34mpeer[0m[34m: v6MWKgqHKGmP3ebi[0m
    [2;3mat[0m crates/core/src/operations/put.rs:482
    [2;3min[0m freenet::node::network_bridge::p2p_protoc::[1mprocess_network_message[0m [2;3mwith[0m [1mtransaction[0m: 01JWMNJ6T123KVJ95ZJMG9E401, [1mtx_type[0m: put
    [2;3min[0m freenet::node::network_bridge::p2p_protoc::[1mnetwork_event_listener[0m [2;3mwith[0m [1mpeer[0m: v6MWKgqHKGmP3ebi
    [2;3min[0m test_small_network_get_issue::[1mnode1[0m

  [2m2025-06-01T02:36:48.996594Z[0m [32m INFO[0m [1;32mfreenet::operations::put[0m[32m: [32mPeer completed contract value put, [1;32mtx[0m[32m: 01JWMNJ6T123KVJ95ZJMG9E401, [1;32mkey[0m[32m: 7h99HJYhaMNQchCZtTDThc4pfeNx8BPPhrGqhN84NrPV, [1;32mthis_peer[0m[32m: v6MWKgqHKGmP3ebi[0m
    [2;3mat[0m crates/core/src/operations/put.rs:510
    [2;3min[0m freenet::node::network_bridge::p2p_protoc::[1mprocess_network_message[0m [2;3mwith[0m [1mtransaction[0m: 01JWMNJ6T123KVJ95ZJMG9E401, [1mtx_type[0m: put
    [2;3min[0m freenet::node::network_bridge::p2p_protoc::[1mnetwork_event_listener[0m [2;3mwith[0m [1mpeer[0m: v6MWKgqHKGmP3ebi
    [2;3min[0m test_small_network_get_issue::[1mnode1[0m

  [2m2025-06-01T02:36:48.996655Z[0m [34mDEBUG[0m [1;34mfreenet::operations[0m[34m: [34moperation finished_completely with result, [1;34mtx_id[0m[34m: 01JWMNJ6T123KVJ95ZJMG9E401[0m
    [2;3mat[0m crates/core/src/operations/mod.rs:110
    [2;3min[0m freenet::node::network_bridge::p2p_protoc::[1mprocess_network_message[0m [2;3mwith[0m [1mtransaction[0m: 01JWMNJ6T123KVJ95ZJMG9E401, [1mtx_type[0m: put
    [2;3min[0m freenet::node::network_bridge::p2p_protoc::[1mnetwork_event_listener[0m [2;3mwith[0m [1mpeer[0m: v6MWKgqHKGmP3ebi
    [2;3min[0m test_small_network_get_issue::[1mnode1[0m

  [2m2025-06-01T02:36:48.996770Z[0m [34mDEBUG[0m [1;34mfreenet::node[0m[34m: [34mSending response to client, [1;34mtx[0m[34m: Some(01JWMNJ6T123KVJ95ZJMG9E401), [1;34mclient_id[0m[34m: 4[0m
    [2;3mat[0m crates/core/src/node/mod.rs:380
    [2;3min[0m freenet::node::network_bridge::p2p_protoc::[1mprocess_network_message[0m [2;3mwith[0m [1mtransaction[0m: 01JWMNJ6T123KVJ95ZJMG9E401, [1mtx_type[0m: put
    [2;3min[0m freenet::node::network_bridge::p2p_protoc::[1mnetwork_event_listener[0m [2;3mwith[0m [1mpeer[0m: v6MWKgqHKGmP3ebi
    [2;3min[0m test_small_network_get_issue::[1mnode1[0m

  [2m2025-06-01T02:36:48.996852Z[0m [34mDEBUG[0m [1;34mfreenet::client_events[0m[34m: [34msending client response, [1;34mresult[0m[34m: put response for `7h99HJYhaMNQchCZtTDThc4pfeNx8BPPhrGqhN84NrPV`[0m
    [2;3mat[0m crates/core/src/client_events/mod.rs:226
    [2;3min[0m freenet::node::p2p_impl::[1mclient_event_handling[0m
    [2;3min[0m test_small_network_get_issue::[1mnode1[0m

  [2m2025-06-01T02:36:48.996974Z[0m [34mDEBUG[0m [1;34mfreenet::client_events::websocket[0m[34m: [34msending response, [1;34mresponse[0m[34m: put response for `7h99HJYhaMNQchCZtTDThc4pfeNx8BPPhrGqhN84NrPV`, [1;34mresponse_type[0m[34m: "ContractResponse", [1;34mcli_id[0m[34m: 2[0m
    [2;3mat[0m crates/core/src/client_events/websocket.rs:504

  [2m2025-06-01T02:36:48.997851Z[0m [34mDEBUG[0m [1;34mfreenet::node::network_bridge::p2p_protoc[0m[34m: [34mReceived message from peer. Msg: Message {SeekNode(id: 01JWMNJMF10W635ZMQAXTB5583)}, [1;34mfrom[0m[34m: 127.0.0.1:33977[0m
    [2;3mat[0m crates/core/src/node/network_bridge/p2p_protoc.rs:961
    [2;3min[0m freenet::node::network_bridge::p2p_protoc::[1mnetwork_event_listener[0m [2;3mwith[0m [1mpeer[0m: v6MWKgqHKGmP3ebi
    [2;3min[0m test_small_network_get_issue::[1mnode1[0m

✅ Node1 successfully published contract
  [2m2025-06-01T02:36:48.998017Z[0m [34mDEBUG[0m [1;34mfreenet::node[0m[34m: [34mProcessing operation, iteration: 0, [1;34mtx[0m[34m: Some(01JWMNJMF10W635ZMQAXTB5583)[0m
    [2;3mat[0m crates/core/src/node/mod.rs:546
    [2;3min[0m freenet::node::network_bridge::p2p_protoc::[1mprocess_network_message[0m [2;3mwith[0m [1mtransaction[0m: 01JWMNJMF10W635ZMQAXTB5583, [1mtx_type[0m: subscribe
    [2;3min[0m freenet::node::network_bridge::p2p_protoc::[1mnetwork_event_listener[0m [2;3mwith[0m [1mpeer[0m: v6MWKgqHKGmP3ebi
    [2;3min[0m test_small_network_get_issue::[1mnode1[0m

  [2m2025-06-01T02:36:48.998109Z[0m [34mDEBUG[0m [1;34mfreenet::contract[0m[34m: [34mGot contract handling event, [1;34mevent[0m[34m: get query { 7h99HJYhaMNQchCZtTDThc4pfeNx8BPPhrGqhN84NrPV, return contract code: false }[0m
    [2;3mat[0m crates/core/src/contract/mod.rs:34
    [2;3min[0m freenet::node::p2p_impl::[1mcontract_handling[0m
    [2;3min[0m test_small_network_get_issue::[1mnode1[0m

  [2m2025-06-01T02:36:48.998204Z[0m [34mDEBUG[0m [1;34mfreenet::contract::executor::runtime[0m[34m: [34mfetching contract, [1;34mcontract[0m[34m: 7h99HJYhaMNQchCZtTDThc4pfeNx8BPPhrGqhN84NrPV, [1;34mreturn_code[0m[34m: false[0m
    [2;3mat[0m crates/core/src/contract/executor/runtime.rs:13
    [2;3min[0m freenet::contract::[1mfetch_contract[0m [2;3mwith[0m [1mkey[0m: 7h99HJYhaMNQchCZtTDThc4pfeNx8BPPhrGqhN84NrPV, [1mreturn_contract_code[0m: false
    [2;3min[0m freenet::node::p2p_impl::[1mcontract_handling[0m
    [2;3min[0m test_small_network_get_issue::[1mnode1[0m

  [2m2025-06-01T02:36:48.998250Z[0m [34mDEBUG[0m [1;34mfreenet::contract::executor::runtime[0m[34m: [34mGetting contract, [1;34mcontract[0m[34m: 7h99HJYhaMNQchCZtTDThc4pfeNx8BPPhrGqhN84NrPV, [1;34mreturn_code[0m[34m: false[0m
    [2;3mat[0m crates/core/src/contract/executor/runtime.rs:853
    [2;3min[0m freenet::contract::[1mfetch_contract[0m [2;3mwith[0m [1mkey[0m: 7h99HJYhaMNQchCZtTDThc4pfeNx8BPPhrGqhN84NrPV, [1mreturn_contract_code[0m: false
    [2;3min[0m freenet::node::p2p_impl::[1mcontract_handling[0m
    [2;3min[0m test_small_network_get_issue::[1mnode1[0m

  [2m2025-06-01T02:36:48.998306Z[0m [34mDEBUG[0m [1;34mfreenet::contract::executor::runtime[0m[34m: [34mContract get result, [1;34mcontract[0m[34m: 7h99HJYhaMNQchCZtTDThc4pfeNx8BPPhrGqhN84NrPV, [1;34mstate_found[0m[34m: true, [1;34mhas_contract[0m[34m: false[0m
    [2;3mat[0m crates/core/src/contract/executor/runtime.rs:867
    [2;3min[0m freenet::contract::[1mfetch_contract[0m [2;3mwith[0m [1mkey[0m: 7h99HJYhaMNQchCZtTDThc4pfeNx8BPPhrGqhN84NrPV, [1mreturn_contract_code[0m: false
    [2;3min[0m freenet::node::p2p_impl::[1mcontract_handling[0m
    [2;3min[0m test_small_network_get_issue::[1mnode1[0m

  [2m2025-06-01T02:36:48.998351Z[0m [34mDEBUG[0m [1;34mfreenet::contract::executor::runtime[0m[34m: [34mfetched contract state, [1;34mcontract[0m[34m: 7h99HJYhaMNQchCZtTDThc4pfeNx8BPPhrGqhN84NrPV, [1;34mstate_size[0m[34m: 11, [1;34mstate_hash[0m[34m: 71d66c3c823e2967f3d65dc251854d6ef760e26a483e701d0c89b7f0760c0632, [1;34mhas_code[0m[34m: false[0m
    [2;3mat[0m crates/core/src/contract/executor/runtime.rs:21
    [2;3min[0m freenet::contract::[1mfetch_contract[0m [2;3mwith[0m [1mkey[0m: 7h99HJYhaMNQchCZtTDThc4pfeNx8BPPhrGqhN84NrPV, [1mreturn_contract_code[0m: false
    [2;3min[0m freenet::node::p2p_impl::[1mcontract_handling[0m
    [2;3min[0m test_small_network_get_issue::[1mnode1[0m

  [2m2025-06-01T02:36:48.998399Z[0m [34mDEBUG[0m [1;34mfreenet::contract[0m[34m: [34mFetched contract 7h99HJYhaMNQchCZtTDThc4pfeNx8BPPhrGqhN84NrPV, [1;34mwith_contract_code[0m[34m: false, [1;34mhas_contract[0m[34m: false[0m
    [2;3mat[0m crates/core/src/contract/mod.rs:47
    [2;3min[0m freenet::node::p2p_impl::[1mcontract_handling[0m
    [2;3min[0m test_small_network_get_issue::[1mnode1[0m

  [2m2025-06-01T02:36:48.998473Z[0m [32m INFO[0m [1;32mfreenet::operations::subscribe[0m[32m: [32mPeer successfully subscribed to contract, [1;32mtx[0m[32m: 01JWMNJMF10W635ZMQAXTB5583, [1;32mkey[0m[32m: 7h99HJYhaMNQchCZtTDThc4pfeNx8BPPhrGqhN84NrPV, [1;32msubscriber[0m[32m: v6MWKgqHy7paw2it[0m
    [2;3mat[0m crates/core/src/operations/subscribe.rs:294
    [2;3min[0m freenet::node::network_bridge::p2p_protoc::[1mprocess_network_message[0m [2;3mwith[0m [1mtransaction[0m: 01JWMNJMF10W635ZMQAXTB5583, [1mtx_type[0m: subscribe
    [2;3min[0m freenet::node::network_bridge::p2p_protoc::[1mnetwork_event_listener[0m [2;3mwith[0m [1mpeer[0m: v6MWKgqHKGmP3ebi
    [2;3min[0m test_small_network_get_issue::[1mnode1[0m

  [2m2025-06-01T02:36:48.998628Z[0m [34mDEBUG[0m [1;34mfreenet::operations[0m[34m: [34msending back message to target, [1;34mtx_id[0m[34m: 01JWMNJMF10W635ZMQAXTB5583, [1;34mtarget[0m[34m: v6MWKgqHy7paw2it[0m
    [2;3mat[0m crates/core/src/operations/mod.rs:144
    [2;3min[0m freenet::node::network_bridge::p2p_protoc::[1mprocess_network_message[0m [2;3mwith[0m [1mtransaction[0m: 01JWMNJMF10W635ZMQAXTB5583, [1mtx_type[0m: subscribe
    [2;3min[0m freenet::node::network_bridge::p2p_protoc::[1mnetwork_event_listener[0m [2;3mwith[0m [1mpeer[0m: v6MWKgqHKGmP3ebi
    [2;3min[0m test_small_network_get_issue::[1mnode1[0m

  [2m2025-06-01T02:36:48.998679Z[0m [34mDEBUG[0m [1;34mfreenet::topology[0m[34m: [34mRecording request sent to peer, [1;34mrequest_type[0m[34m: subscribe, [1;34mrecipient[0m[34m: v6MWKgqHy7paw2it (@ 0.3750290212744264)[0m
    [2;3mat[0m crates/core/src/topology/mod.rs:100
    [2;3min[0m freenet::node::network_bridge::p2p_protoc::[1mprocess_network_message[0m [2;3mwith[0m [1mtransaction[0m: 01JWMNJMF10W635ZMQAXTB5583, [1mtx_type[0m: subscribe
    [2;3min[0m freenet::node::network_bridge::p2p_protoc::[1mnetwork_event_listener[0m [2;3mwith[0m [1mpeer[0m: v6MWKgqHKGmP3ebi
    [2;3min[0m test_small_network_get_issue::[1mnode1[0m

  [2m2025-06-01T02:36:48.998768Z[0m [34mDEBUG[0m [1;34mfreenet::node[0m[34m: [34mNo operation result found, [1;34mtx[0m[34m: Some(01JWMNJMF10W635ZMQAXTB5583)[0m
    [2;3mat[0m crates/core/src/node/mod.rs:431
    [2;3min[0m freenet::node::network_bridge::p2p_protoc::[1mprocess_network_message[0m [2;3mwith[0m [1mtransaction[0m: 01JWMNJMF10W635ZMQAXTB5583, [1mtx_type[0m: subscribe
    [2;3min[0m freenet::node::network_bridge::p2p_protoc::[1mnetwork_event_listener[0m [2;3mwith[0m [1mpeer[0m: v6MWKgqHKGmP3ebi
    [2;3min[0m test_small_network_get_issue::[1mnode1[0m

  [2m2025-06-01T02:36:48.998831Z[0m [34mDEBUG[0m [1;34mfreenet::node::network_bridge::p2p_protoc[0m[34m: [34mSending message to peer, [1;34mtarget_peer[0m[34m: v6MWKgqHy7paw2it (@ 0.3750290212744264), [1;34mmsg[0m[34m: Message {ReturnSub(id: 01JWMNJMF10W635ZMQAXTB5583)}[0m
    [2;3mat[0m crates/core/src/node/network_bridge/p2p_protoc.rs:234
    [2;3min[0m freenet::node::network_bridge::p2p_protoc::[1mnetwork_event_listener[0m [2;3mwith[0m [1mpeer[0m: v6MWKgqHKGmP3ebi
    [2;3min[0m test_small_network_get_issue::[1mnode1[0m

  [2m2025-06-01T02:36:48.998917Z[0m [34mDEBUG[0m [1;34mfreenet::node::network_bridge::p2p_protoc[0m[34m: [34mSending message to peer. Msg: Message {ReturnSub(id: 01JWMNJMF10W635ZMQAXTB5583)}, [1;34mto[0m[34m: 127.0.0.1:33977[0m
    [2;3mat[0m crates/core/src/node/network_bridge/p2p_protoc.rs:934
    [2;3min[0m freenet::node::network_bridge::p2p_protoc::[1mnetwork_event_listener[0m [2;3mwith[0m [1mpeer[0m: v6MWKgqHKGmP3ebi
    [2;3min[0m test_small_network_get_issue::[1mnode1[0m

  [2m2025-06-01T02:36:49.000216Z[0m [34mDEBUG[0m [1;34mfreenet::node::network_bridge::p2p_protoc[0m[34m: [34mReceived message from peer. Msg: Message {ReturnSub(id: 01JWMNJMF10W635ZMQAXTB5583)}, [1;34mfrom[0m[34m: 127.0.0.1:43237[0m
    [2;3mat[0m crates/core/src/node/network_bridge/p2p_protoc.rs:961
    [2;3min[0m freenet::node::network_bridge::p2p_protoc::[1mnetwork_event_listener[0m [2;3mwith[0m [1mpeer[0m: v6MWKgqHy7paw2it
    [2;3min[0m test_small_network_get_issue::[1mgateway[0m

  [2m2025-06-01T02:36:49.000437Z[0m [34mDEBUG[0m [1;34mfreenet::node[0m[34m: [34mProcessing operation, iteration: 0, [1;34mtx[0m[34m: Some(01JWMNJMF10W635ZMQAXTB5583)[0m
    [2;3mat[0m crates/core/src/node/mod.rs:546
    [2;3min[0m freenet::node::network_bridge::p2p_protoc::[1mprocess_network_message[0m [2;3mwith[0m [1mtransaction[0m: 01JWMNJMF10W635ZMQAXTB5583, [1mtx_type[0m: subscribe
    [2;3min[0m freenet::node::network_bridge::p2p_protoc::[1mnetwork_event_listener[0m [2;3mwith[0m [1mpeer[0m: v6MWKgqHy7paw2it
    [2;3min[0m test_small_network_get_issue::[1mgateway[0m

  [2m2025-06-01T02:36:49.000529Z[0m [32m INFO[0m [1;32mfreenet::operations::subscribe[0m[32m: [32mSubscribed to contract, [1;32mtx[0m[32m: 01JWMNJMF10W635ZMQAXTB5583, [1;32mkey[0m[32m: 7h99HJYhaMNQchCZtTDThc4pfeNx8BPPhrGqhN84NrPV, [1;32mthis_peer[0m[32m: v6MWKgqHy7paw2it, [1;32mprovider[0m[32m: v6MWKgqHKGmP3ebi[0m
    [2;3mat[0m crates/core/src/operations/subscribe.rs:383
    [2;3min[0m freenet::node::network_bridge::p2p_protoc::[1mprocess_network_message[0m [2;3mwith[0m [1mtransaction[0m: 01JWMNJMF10W635ZMQAXTB5583, [1mtx_type[0m: subscribe
    [2;3min[0m freenet::node::network_bridge::p2p_protoc::[1mnetwork_event_listener[0m [2;3mwith[0m [1mpeer[0m: v6MWKgqHy7paw2it
    [2;3min[0m test_small_network_get_issue::[1mgateway[0m

  [2m2025-06-01T02:36:49.000657Z[0m [34mDEBUG[0m [1;34mfreenet::operations::subscribe[0m[34m: [34mNo upstream subscriber, subscription completed, [1;34mtx[0m[34m: 01JWMNJMF10W635ZMQAXTB5583, [1;34mkey[0m[34m: 7h99HJYhaMNQchCZtTDThc4pfeNx8BPPhrGqhN84NrPV[0m
    [2;3mat[0m crates/core/src/operations/subscribe.rs:416
    [2;3min[0m freenet::node::network_bridge::p2p_protoc::[1mprocess_network_message[0m [2;3mwith[0m [1mtransaction[0m: 01JWMNJMF10W635ZMQAXTB5583, [1mtx_type[0m: subscribe
    [2;3min[0m freenet::node::network_bridge::p2p_protoc::[1mnetwork_event_listener[0m [2;3mwith[0m [1mpeer[0m: v6MWKgqHy7paw2it
    [2;3min[0m test_small_network_get_issue::[1mgateway[0m

  [2m2025-06-01T02:36:49.000703Z[0m [34mDEBUG[0m [1;34mfreenet::operations[0m[34m: [34moperation finished_completely with result, [1;34mtx_id[0m[34m: 01JWMNJMF10W635ZMQAXTB5583[0m
    [2;3mat[0m crates/core/src/operations/mod.rs:110
    [2;3min[0m freenet::node::network_bridge::p2p_protoc::[1mprocess_network_message[0m [2;3mwith[0m [1mtransaction[0m: 01JWMNJMF10W635ZMQAXTB5583, [1mtx_type[0m: subscribe
    [2;3min[0m freenet::node::network_bridge::p2p_protoc::[1mnetwork_event_listener[0m [2;3mwith[0m [1mpeer[0m: v6MWKgqHy7paw2it
    [2;3min[0m test_small_network_get_issue::[1mgateway[0m

  [2m2025-06-01T02:36:49.602530Z[0m [34mDEBUG[0m [1;34mfreenet::node::network_bridge::p2p_protoc[0m[34m: [34mReceived message from peer. Msg: Message {ReturnSub(id: 01JWMNJMF10W635ZMQAXTB5583)}, [1;34mfrom[0m[34m: 127.0.0.1:43237[0m
    [2;3mat[0m crates/core/src/node/network_bridge/p2p_protoc.rs:961
    [2;3min[0m freenet::node::network_bridge::p2p_protoc::[1mnetwork_event_listener[0m [2;3mwith[0m [1mpeer[0m: v6MWKgqHy7paw2it
    [2;3min[0m test_small_network_get_issue::[1mgateway[0m

  [2m2025-06-01T02:36:49.602803Z[0m [34mDEBUG[0m [1;34mfreenet::node[0m[34m: [34mProcessing operation, iteration: 0, [1;34mtx[0m[34m: Some(01JWMNJMF10W635ZMQAXTB5583)[0m
    [2;3mat[0m crates/core/src/node/mod.rs:546
    [2;3min[0m freenet::node::network_bridge::p2p_protoc::[1mprocess_network_message[0m [2;3mwith[0m [1mtransaction[0m: 01JWMNJMF10W635ZMQAXTB5583, [1mtx_type[0m: subscribe
    [2;3min[0m freenet::node::network_bridge::p2p_protoc::[1mnetwork_event_listener[0m [2;3mwith[0m [1mpeer[0m: v6MWKgqHy7paw2it
    [2;3min[0m test_small_network_get_issue::[1mgateway[0m

  [2m2025-06-01T02:36:49.602890Z[0m [34mDEBUG[0m [1;34mfreenet::node[0m[34m: [34mOperation already completed[0m
    [2;3mat[0m crates/core/src/node/mod.rs:638
    [2;3min[0m freenet::node::network_bridge::p2p_protoc::[1mprocess_network_message[0m [2;3mwith[0m [1mtransaction[0m: 01JWMNJMF10W635ZMQAXTB5583, [1mtx_type[0m: subscribe
    [2;3min[0m freenet::node::network_bridge::p2p_protoc::[1mnetwork_event_listener[0m [2;3mwith[0m [1mpeer[0m: v6MWKgqHy7paw2it
    [2;3min[0m test_small_network_get_issue::[1mgateway[0m

🔍 Checking which nodes have the contract cached...
  [2m2025-06-01T02:36:53.999056Z[0m [34mDEBUG[0m [1;34mfreenet_stdlib::client_api::regular[0m[34m: [34msending request, [1;34mrequest[0m[34m: ContractOp(Get { key: ContractKey { instance: ContractInstanceId("7h99HJYhaMNQchCZtTDThc4pfeNx8BPPhrGqhN84NrPV"), code: Some(CodeHash("aatgnh5cpc5hpravn7ediuubhsmlykiubfqpl2fm7kmk")) }, return_contract_code: false, subscribe: false })[0m
    [2;3mat[0m stdlib/rust/src/client_api/regular.rs:118
    [2;3min[0m test_small_network_get_issue::[1mtest_small_network_get_failure[0m

  [2m2025-06-01T02:36:53.999455Z[0m [34mDEBUG[0m [1;34mfreenet::client_events::websocket[0m[34m: [34mreceived client request, [1;34mreq[0m[34m: ContractRequest::Get for key `7h99HJYhaMNQchCZtTDThc4pfeNx8BPPhrGqhN84NrPV` (fetch full contract: false)[0m
    [2;3mat[0m crates/core/src/client_events/websocket.rs:473

  [2m2025-06-01T02:36:53.999551Z[0m [34mDEBUG[0m [1;34mfreenet::client_events::combinator[0m[34m: [34mreceived msg @ combinator from external id 1, msg: ContractRequest::Get for key `7h99HJYhaMNQchCZtTDThc4pfeNx8BPPhrGqhN84NrPV` (fetch full contract: false)[0m
    [2;3mat[0m crates/core/src/client_events/combinator.rs:159

  [2m2025-06-01T02:36:53.999645Z[0m [34mDEBUG[0m [1;34mfreenet::client_events::combinator[0m[34m: [34mreceived request for proxy #1; internal_id=5; external_id=1; req=ContractRequest::Get for key `7h99HJYhaMNQchCZtTDThc4pfeNx8BPPhrGqhN84NrPV` (fetch full contract: false)[0m
    [2;3mat[0m crates/core/src/client_events/combinator.rs:92
    [2;3min[0m freenet::node::p2p_impl::[1mclient_event_handling[0m
    [2;3min[0m test_small_network_get_issue::[1mgateway[0m

  [2m2025-06-01T02:36:53.999693Z[0m [34mDEBUG[0m [1;34mfreenet::client_events[0m[34m: [34mgot client request event, [1;34mrequest[0m[34m: client request { client: 5, req: ContractRequest::Get for key `7h99HJYhaMNQchCZtTDThc4pfeNx8BPPhrGqhN84NrPV` (fetch full contract: false) }[0m
    [2;3mat[0m crates/core/src/client_events/mod.rs:188
    [2;3min[0m freenet::node::p2p_impl::[1mclient_event_handling[0m
    [2;3min[0m test_small_network_get_issue::[1mgateway[0m

  [2m2025-06-01T02:36:53.999937Z[0m [34mDEBUG[0m [1;34mfreenet::contract[0m[34m: [34mGot contract handling event, [1;34mevent[0m[34m: get query { 7h99HJYhaMNQchCZtTDThc4pfeNx8BPPhrGqhN84NrPV, return contract code: false }[0m
    [2;3mat[0m crates/core/src/contract/mod.rs:34
    [2;3min[0m freenet::node::p2p_impl::[1mcontract_handling[0m
    [2;3min[0m test_small_network_get_issue::[1mgateway[0m

  [2m2025-06-01T02:36:54.000081Z[0m [34mDEBUG[0m [1;34mfreenet::contract::executor::runtime[0m[34m: [34mfetching contract, [1;34mcontract[0m[34m: 7h99HJYhaMNQchCZtTDThc4pfeNx8BPPhrGqhN84NrPV, [1;34mreturn_code[0m[34m: false[0m
    [2;3mat[0m crates/core/src/contract/executor/runtime.rs:13
    [2;3min[0m freenet::contract::[1mfetch_contract[0m [2;3mwith[0m [1mkey[0m: 7h99HJYhaMNQchCZtTDThc4pfeNx8BPPhrGqhN84NrPV, [1mreturn_contract_code[0m: false
    [2;3min[0m freenet::node::p2p_impl::[1mcontract_handling[0m
    [2;3min[0m test_small_network_get_issue::[1mgateway[0m

  [2m2025-06-01T02:36:54.000130Z[0m [34mDEBUG[0m [1;34mfreenet::contract::executor::runtime[0m[34m: [34mGetting contract, [1;34mcontract[0m[34m: 7h99HJYhaMNQchCZtTDThc4pfeNx8BPPhrGqhN84NrPV, [1;34mreturn_code[0m[34m: false[0m
    [2;3mat[0m crates/core/src/contract/executor/runtime.rs:853
    [2;3min[0m freenet::contract::[1mfetch_contract[0m [2;3mwith[0m [1mkey[0m: 7h99HJYhaMNQchCZtTDThc4pfeNx8BPPhrGqhN84NrPV, [1mreturn_contract_code[0m: false
    [2;3min[0m freenet::node::p2p_impl::[1mcontract_handling[0m
    [2;3min[0m test_small_network_get_issue::[1mgateway[0m

  [2m2025-06-01T02:36:54.000205Z[0m [34mDEBUG[0m [1;34mfreenet::contract::executor::runtime[0m[34m: [34mContract get result, [1;34mcontract[0m[34m: 7h99HJYhaMNQchCZtTDThc4pfeNx8BPPhrGqhN84NrPV, [1;34mstate_found[0m[34m: true, [1;34mhas_contract[0m[34m: false[0m
    [2;3mat[0m crates/core/src/contract/executor/runtime.rs:867
    [2;3min[0m freenet::contract::[1mfetch_contract[0m [2;3mwith[0m [1mkey[0m: 7h99HJYhaMNQchCZtTDThc4pfeNx8BPPhrGqhN84NrPV, [1mreturn_contract_code[0m: false
    [2;3min[0m freenet::node::p2p_impl::[1mcontract_handling[0m
    [2;3min[0m test_small_network_get_issue::[1mgateway[0m

  [2m2025-06-01T02:36:54.000262Z[0m [34mDEBUG[0m [1;34mfreenet::contract::executor::runtime[0m[34m: [34mfetched contract state, [1;34mcontract[0m[34m: 7h99HJYhaMNQchCZtTDThc4pfeNx8BPPhrGqhN84NrPV, [1;34mstate_size[0m[34m: 11, [1;34mstate_hash[0m[34m: 71d66c3c823e2967f3d65dc251854d6ef760e26a483e701d0c89b7f0760c0632, [1;34mhas_code[0m[34m: false[0m
    [2;3mat[0m crates/core/src/contract/executor/runtime.rs:21
    [2;3min[0m freenet::contract::[1mfetch_contract[0m [2;3mwith[0m [1mkey[0m: 7h99HJYhaMNQchCZtTDThc4pfeNx8BPPhrGqhN84NrPV, [1mreturn_contract_code[0m: false
    [2;3min[0m freenet::node::p2p_impl::[1mcontract_handling[0m
    [2;3min[0m test_small_network_get_issue::[1mgateway[0m

  [2m2025-06-01T02:36:54.000325Z[0m [34mDEBUG[0m [1;34mfreenet::contract[0m[34m: [34mFetched contract 7h99HJYhaMNQchCZtTDThc4pfeNx8BPPhrGqhN84NrPV, [1;34mwith_contract_code[0m[34m: false, [1;34mhas_contract[0m[34m: false[0m
    [2;3mat[0m crates/core/src/contract/mod.rs:47
    [2;3min[0m freenet::node::p2p_impl::[1mcontract_handling[0m
    [2;3min[0m test_small_network_get_issue::[1mgateway[0m

  [2m2025-06-01T02:36:54.000407Z[0m [34mDEBUG[0m [1;34mfreenet::client_events[0m[34m: [34mContract found, returning get result, [1;34mthis_peer[0m[34m: v6MWKgqHy7paw2it[0m
    [2;3mat[0m crates/core/src/client_events/mod.rs:456
    [2;3min[0m freenet::client_events::[1mprocess_client_request[0m
    [2;3min[0m freenet::node::p2p_impl::[1mclient_event_handling[0m
    [2;3min[0m test_small_network_get_issue::[1mgateway[0m

  [2m2025-06-01T02:36:54.000510Z[0m [34mDEBUG[0m [1;34mfreenet::client_events[0m[34m: [34msending client operation response, [1;34mresult[0m[34m: get response for `7h99HJYhaMNQchCZtTDThc4pfeNx8BPPhrGqhN84NrPV`[0m
    [2;3mat[0m crates/core/src/client_events/mod.rs:258
    [2;3min[0m freenet::node::p2p_impl::[1mclient_event_handling[0m
    [2;3min[0m test_small_network_get_issue::[1mgateway[0m

  [2m2025-06-01T02:36:54.000646Z[0m [34mDEBUG[0m [1;34mfreenet::client_events::websocket[0m[34m: [34msending response, [1;34mresponse[0m[34m: get response for `7h99HJYhaMNQchCZtTDThc4pfeNx8BPPhrGqhN84NrPV`, [1;34mresponse_type[0m[34m: "ContractResponse", [1;34mcli_id[0m[34m: 1[0m
    [2;3mat[0m crates/core/src/client_events/websocket.rs:504

   ✓ Gateway has the contract cached
🔍 Testing second GET from Gateway (should be fast if WASM is the issue)...
  [2m2025-06-01T02:36:54.001113Z[0m [34mDEBUG[0m [1;34mfreenet_stdlib::client_api::regular[0m[34m: [34msending request, [1;34mrequest[0m[34m: ContractOp(Get { key: ContractKey { instance: ContractInstanceId("7h99HJYhaMNQchCZtTDThc4pfeNx8BPPhrGqhN84NrPV"), code: Some(CodeHash("aatgnh5cpc5hpravn7ediuubhsmlykiubfqpl2fm7kmk")) }, return_contract_code: true, subscribe: false })[0m
    [2;3mat[0m stdlib/rust/src/client_api/regular.rs:118
    [2;3min[0m test_small_network_get_issue::[1mtest_small_network_get_failure[0m

  [2m2025-06-01T02:36:54.001310Z[0m [34mDEBUG[0m [1;34mfreenet::client_events::websocket[0m[34m: [34mreceived client request, [1;34mreq[0m[34m: ContractRequest::Get for key `7h99HJYhaMNQchCZtTDThc4pfeNx8BPPhrGqhN84NrPV` (fetch full contract: true)[0m
    [2;3mat[0m crates/core/src/client_events/websocket.rs:473

  [2m2025-06-01T02:36:54.001380Z[0m [34mDEBUG[0m [1;34mfreenet::client_events::combinator[0m[34m: [34mreceived msg @ combinator from external id 1, msg: ContractRequest::Get for key `7h99HJYhaMNQchCZtTDThc4pfeNx8BPPhrGqhN84NrPV` (fetch full contract: true)[0m
    [2;3mat[0m crates/core/src/client_events/combinator.rs:159

  [2m2025-06-01T02:36:54.001448Z[0m [34mDEBUG[0m [1;34mfreenet::client_events::combinator[0m[34m: [34mreceived request for proxy #1; internal_id=5; external_id=1; req=ContractRequest::Get for key `7h99HJYhaMNQchCZtTDThc4pfeNx8BPPhrGqhN84NrPV` (fetch full contract: true)[0m
    [2;3mat[0m crates/core/src/client_events/combinator.rs:92
    [2;3min[0m freenet::node::p2p_impl::[1mclient_event_handling[0m
    [2;3min[0m test_small_network_get_issue::[1mgateway[0m

  [2m2025-06-01T02:36:54.001498Z[0m [34mDEBUG[0m [1;34mfreenet::client_events[0m[34m: [34mgot client request event, [1;34mrequest[0m[34m: client request { client: 5, req: ContractRequest::Get for key `7h99HJYhaMNQchCZtTDThc4pfeNx8BPPhrGqhN84NrPV` (fetch full contract: true) }[0m
    [2;3mat[0m crates/core/src/client_events/mod.rs:188
    [2;3min[0m freenet::node::p2p_impl::[1mclient_event_handling[0m
    [2;3min[0m test_small_network_get_issue::[1mgateway[0m

  [2m2025-06-01T02:36:54.001680Z[0m [34mDEBUG[0m [1;34mfreenet::contract[0m[34m: [34mGot contract handling event, [1;34mevent[0m[34m: get query { 7h99HJYhaMNQchCZtTDThc4pfeNx8BPPhrGqhN84NrPV, return contract code: true }[0m
    [2;3mat[0m crates/core/src/contract/mod.rs:34
    [2;3min[0m freenet::node::p2p_impl::[1mcontract_handling[0m
    [2;3min[0m test_small_network_get_issue::[1mgateway[0m

  [2m2025-06-01T02:36:54.001768Z[0m [34mDEBUG[0m [1;34mfreenet::contract::executor::runtime[0m[34m: [34mfetching contract, [1;34mcontract[0m[34m: 7h99HJYhaMNQchCZtTDThc4pfeNx8BPPhrGqhN84NrPV, [1;34mreturn_code[0m[34m: true[0m
    [2;3mat[0m crates/core/src/contract/executor/runtime.rs:13
    [2;3min[0m freenet::contract::[1mfetch_contract[0m [2;3mwith[0m [1mkey[0m: 7h99HJYhaMNQchCZtTDThc4pfeNx8BPPhrGqhN84NrPV, [1mreturn_contract_code[0m: true
    [2;3min[0m freenet::node::p2p_impl::[1mcontract_handling[0m
    [2;3min[0m test_small_network_get_issue::[1mgateway[0m

  [2m2025-06-01T02:36:54.001828Z[0m [34mDEBUG[0m [1;34mfreenet::contract::executor::runtime[0m[34m: [34mGetting contract, [1;34mcontract[0m[34m: 7h99HJYhaMNQchCZtTDThc4pfeNx8BPPhrGqhN84NrPV, [1;34mreturn_code[0m[34m: true[0m
    [2;3mat[0m crates/core/src/contract/executor/runtime.rs:853
    [2;3min[0m freenet::contract::[1mfetch_contract[0m [2;3mwith[0m [1mkey[0m: 7h99HJYhaMNQchCZtTDThc4pfeNx8BPPhrGqhN84NrPV, [1mreturn_contract_code[0m: true
    [2;3min[0m freenet::node::p2p_impl::[1mcontract_handling[0m
    [2;3min[0m test_small_network_get_issue::[1mgateway[0m

  [2m2025-06-01T02:36:54.051450Z[0m [34mDEBUG[0m [1;34mfreenet::contract::executor::runtime[0m[34m: [34mContract get result, [1;34mcontract[0m[34m: 7h99HJYhaMNQchCZtTDThc4pfeNx8BPPhrGqhN84NrPV, [1;34mstate_found[0m[34m: true, [1;34mhas_contract[0m[34m: true[0m
    [2;3mat[0m crates/core/src/contract/executor/runtime.rs:867
    [2;3min[0m freenet::contract::[1mfetch_contract[0m [2;3mwith[0m [1mkey[0m: 7h99HJYhaMNQchCZtTDThc4pfeNx8BPPhrGqhN84NrPV, [1mreturn_contract_code[0m: true
    [2;3min[0m freenet::node::p2p_impl::[1mcontract_handling[0m
    [2;3min[0m test_small_network_get_issue::[1mgateway[0m

  [2m2025-06-01T02:36:54.051532Z[0m [34mDEBUG[0m [1;34mfreenet::contract::executor::runtime[0m[34m: [34mfetched contract state, [1;34mcontract[0m[34m: 7h99HJYhaMNQchCZtTDThc4pfeNx8BPPhrGqhN84NrPV, [1;34mstate_size[0m[34m: 11, [1;34mstate_hash[0m[34m: 71d66c3c823e2967f3d65dc251854d6ef760e26a483e701d0c89b7f0760c0632, [1;34mhas_code[0m[34m: true[0m
    [2;3mat[0m crates/core/src/contract/executor/runtime.rs:21
    [2;3min[0m freenet::contract::[1mfetch_contract[0m [2;3mwith[0m [1mkey[0m: 7h99HJYhaMNQchCZtTDThc4pfeNx8BPPhrGqhN84NrPV, [1mreturn_contract_code[0m: true
    [2;3min[0m freenet::node::p2p_impl::[1mcontract_handling[0m
    [2;3min[0m test_small_network_get_issue::[1mgateway[0m

  [2m2025-06-01T02:36:54.051606Z[0m [34mDEBUG[0m [1;34mfreenet::contract[0m[34m: [34mFetched contract 7h99HJYhaMNQchCZtTDThc4pfeNx8BPPhrGqhN84NrPV, [1;34mwith_contract_code[0m[34m: true, [1;34mhas_contract[0m[34m: true[0m
    [2;3mat[0m crates/core/src/contract/mod.rs:47
    [2;3min[0m freenet::node::p2p_impl::[1mcontract_handling[0m
    [2;3min[0m test_small_network_get_issue::[1mgateway[0m

  [2m2025-06-01T02:36:54.051700Z[0m [34mDEBUG[0m [1;34mfreenet::client_events[0m[34m: [34mContract found, returning get result, [1;34mthis_peer[0m[34m: v6MWKgqHy7paw2it[0m
    [2;3mat[0m crates/core/src/client_events/mod.rs:456
    [2;3min[0m freenet::client_events::[1mprocess_client_request[0m
    [2;3min[0m freenet::node::p2p_impl::[1mclient_event_handling[0m
    [2;3min[0m test_small_network_get_issue::[1mgateway[0m

  [2m2025-06-01T02:36:54.051823Z[0m [34mDEBUG[0m [1;34mfreenet::client_events[0m[34m: [34msending client operation response, [1;34mresult[0m[34m: get response for `7h99HJYhaMNQchCZtTDThc4pfeNx8BPPhrGqhN84NrPV`[0m
    [2;3mat[0m crates/core/src/client_events/mod.rs:258
    [2;3min[0m freenet::node::p2p_impl::[1mclient_event_handling[0m
    [2;3min[0m test_small_network_get_issue::[1mgateway[0m

  [2m2025-06-01T02:36:54.051935Z[0m [34mDEBUG[0m [1;34mfreenet::client_events::websocket[0m[34m: [34msending response, [1;34mresponse[0m[34m: get response for `7h99HJYhaMNQchCZtTDThc4pfeNx8BPPhrGqhN84NrPV`, [1;34mresponse_type[0m[34m: "ContractResponse", [1;34mcli_id[0m[34m: 1[0m
    [2;3mat[0m crates/core/src/client_events/websocket.rs:504

   ✓ Gateway second GET took 107ms
📥 Node2 attempting to GET the contract...
   Contract key: 7h99HJYhaMNQchCZtTDThc4pfeNx8BPPhrGqhN84NrPV
  [2m2025-06-01T02:36:54.108545Z[0m [34mDEBUG[0m [1;34mfreenet_stdlib::client_api::regular[0m[34m: [34msending request, [1;34mrequest[0m[34m: ContractOp(Get { key: ContractKey { instance: ContractInstanceId("7h99HJYhaMNQchCZtTDThc4pfeNx8BPPhrGqhN84NrPV"), code: Some(CodeHash("aatgnh5cpc5hpravn7ediuubhsmlykiubfqpl2fm7kmk")) }, return_contract_code: true, subscribe: false })[0m
    [2;3mat[0m stdlib/rust/src/client_api/regular.rs:118
    [2;3min[0m test_small_network_get_issue::[1mtest_small_network_get_failure[0m

   GET request sent (0ms after start)
  [2m2025-06-01T02:36:54.109039Z[0m [34mDEBUG[0m [1;34mfreenet::client_events::websocket[0m[34m: [34mreceived client request, [1;34mreq[0m[34m: ContractRequest::Get for key `7h99HJYhaMNQchCZtTDThc4pfeNx8BPPhrGqhN84NrPV` (fetch full contract: true)[0m
    [2;3mat[0m crates/core/src/client_events/websocket.rs:473

  [2m2025-06-01T02:36:54.109139Z[0m [34mDEBUG[0m [1;34mfreenet::client_events::combinator[0m[34m: [34mreceived msg @ combinator from external id 3, msg: ContractRequest::Get for key `7h99HJYhaMNQchCZtTDThc4pfeNx8BPPhrGqhN84NrPV` (fetch full contract: true)[0m
    [2;3mat[0m crates/core/src/client_events/combinator.rs:159

  [2m2025-06-01T02:36:54.109236Z[0m [34mDEBUG[0m [1;34mfreenet::client_events::combinator[0m[34m: [34mreceived request for proxy #1; internal_id=6; external_id=3; req=ContractRequest::Get for key `7h99HJYhaMNQchCZtTDThc4pfeNx8BPPhrGqhN84NrPV` (fetch full contract: true)[0m
    [2;3mat[0m crates/core/src/client_events/combinator.rs:92
    [2;3min[0m freenet::node::p2p_impl::[1mclient_event_handling[0m
    [2;3min[0m test_small_network_get_issue::[1mnode2[0m

  [2m2025-06-01T02:36:54.109287Z[0m [34mDEBUG[0m [1;34mfreenet::client_events[0m[34m: [34mgot client request event, [1;34mrequest[0m[34m: client request { client: 6, req: ContractRequest::Get for key `7h99HJYhaMNQchCZtTDThc4pfeNx8BPPhrGqhN84NrPV` (fetch full contract: true) }[0m
    [2;3mat[0m crates/core/src/client_events/mod.rs:188
    [2;3min[0m freenet::node::p2p_impl::[1mclient_event_handling[0m
    [2;3min[0m test_small_network_get_issue::[1mnode2[0m

  [2m2025-06-01T02:36:54.109471Z[0m [34mDEBUG[0m [1;34mfreenet::contract[0m[34m: [34mGot contract handling event, [1;34mevent[0m[34m: get query { 7h99HJYhaMNQchCZtTDThc4pfeNx8BPPhrGqhN84NrPV, return contract code: true }[0m
    [2;3mat[0m crates/core/src/contract/mod.rs:34
    [2;3min[0m freenet::node::p2p_impl::[1mcontract_handling[0m
    [2;3min[0m test_small_network_get_issue::[1mnode2[0m

  [2m2025-06-01T02:36:54.109577Z[0m [34mDEBUG[0m [1;34mfreenet::contract::executor::runtime[0m[34m: [34mfetching contract, [1;34mcontract[0m[34m: 7h99HJYhaMNQchCZtTDThc4pfeNx8BPPhrGqhN84NrPV, [1;34mreturn_code[0m[34m: true[0m
    [2;3mat[0m crates/core/src/contract/executor/runtime.rs:13
    [2;3min[0m freenet::contract::[1mfetch_contract[0m [2;3mwith[0m [1mkey[0m: 7h99HJYhaMNQchCZtTDThc4pfeNx8BPPhrGqhN84NrPV, [1mreturn_contract_code[0m: true
    [2;3min[0m freenet::node::p2p_impl::[1mcontract_handling[0m
    [2;3min[0m test_small_network_get_issue::[1mnode2[0m

  [2m2025-06-01T02:36:54.109623Z[0m [34mDEBUG[0m [1;34mfreenet::contract::executor::runtime[0m[34m: [34mGetting contract, [1;34mcontract[0m[34m: 7h99HJYhaMNQchCZtTDThc4pfeNx8BPPhrGqhN84NrPV, [1;34mreturn_code[0m[34m: true[0m
    [2;3mat[0m crates/core/src/contract/executor/runtime.rs:853
    [2;3min[0m freenet::contract::[1mfetch_contract[0m [2;3mwith[0m [1mkey[0m: 7h99HJYhaMNQchCZtTDThc4pfeNx8BPPhrGqhN84NrPV, [1mreturn_contract_code[0m: true
    [2;3min[0m freenet::node::p2p_impl::[1mcontract_handling[0m
    [2;3min[0m test_small_network_get_issue::[1mnode2[0m

  [2m2025-06-01T02:36:54.109737Z[0m [34mDEBUG[0m [1;34mfreenet::contract::executor::runtime[0m[34m: [34mContract get result, [1;34mcontract[0m[34m: 7h99HJYhaMNQchCZtTDThc4pfeNx8BPPhrGqhN84NrPV, [1;34mstate_found[0m[34m: false, [1;34mhas_contract[0m[34m: false[0m
    [2;3mat[0m crates/core/src/contract/executor/runtime.rs:867
    [2;3min[0m freenet::contract::[1mfetch_contract[0m [2;3mwith[0m [1mkey[0m: 7h99HJYhaMNQchCZtTDThc4pfeNx8BPPhrGqhN84NrPV, [1mreturn_contract_code[0m: true
    [2;3min[0m freenet::node::p2p_impl::[1mcontract_handling[0m
    [2;3min[0m test_small_network_get_issue::[1mnode2[0m

  [2m2025-06-01T02:36:54.109799Z[0m [33m WARN[0m [1;33mfreenet::contract::executor::runtime[0m[33m: [33mContract state not found in store, [1;33mcontract[0m[33m: 7h99HJYhaMNQchCZtTDThc4pfeNx8BPPhrGqhN84NrPV[0m
    [2;3mat[0m crates/core/src/contract/executor/runtime.rs:876
    [2;3min[0m freenet::contract::[1mfetch_contract[0m [2;3mwith[0m [1mkey[0m: 7h99HJYhaMNQchCZtTDThc4pfeNx8BPPhrGqhN84NrPV, [1mreturn_contract_code[0m: true
    [2;3min[0m freenet::node::p2p_impl::[1mcontract_handling[0m
    [2;3min[0m test_small_network_get_issue::[1mnode2[0m

  [2m2025-06-01T02:36:54.109863Z[0m [34mDEBUG[0m [1;34mfreenet::contract[0m[34m: [34mFetched contract 7h99HJYhaMNQchCZtTDThc4pfeNx8BPPhrGqhN84NrPV, [1;34mwith_contract_code[0m[34m: true, [1;34mhas_contract[0m[34m: false[0m
    [2;3mat[0m crates/core/src/contract/mod.rs:47
    [2;3min[0m freenet::node::p2p_impl::[1mcontract_handling[0m
    [2;3min[0m test_small_network_get_issue::[1mnode2[0m

  [2m2025-06-01T02:36:54.109947Z[0m [34mDEBUG[0m [1;34mfreenet::client_events[0m[34m: [34mContract not found, starting get op, [1;34mthis_peer[0m[34m: v6MWKgqJ277dPytc[0m
    [2;3mat[0m crates/core/src/client_events/mod.rs:468
    [2;3min[0m freenet::client_events::[1mprocess_client_request[0m
    [2;3min[0m freenet::node::p2p_impl::[1mclient_event_handling[0m
    [2;3min[0m test_small_network_get_issue::[1mnode2[0m

  [2m2025-06-01T02:36:54.110002Z[0m [34mDEBUG[0m [1;34mfreenet::operations::get[0m[34m: [34mRequesting get contract 7h99HJYhaMNQchCZtTDThc4pfeNx8BPPhrGqhN84NrPV @ loc(0.3884057768044621), [1;34mtx[0m[34m: 01JWMNJSEX2DHTZ3T2R17G3D02[0m
    [2;3mat[0m crates/core/src/operations/get.rs:31
    [2;3min[0m freenet::client_events::[1mprocess_client_request[0m
    [2;3min[0m freenet::node::p2p_impl::[1mclient_event_handling[0m
    [2;3min[0m test_small_network_get_issue::[1mnode2[0m

  [2m2025-06-01T02:36:54.110171Z[0m [34mDEBUG[0m [1;34mfreenet::node::network_bridge::p2p_protoc[0m[34m: [34mSubscribing client to transaction results, [1;34mtx[0m[34m: 01JWMNJSEX2DHTZ3T2R17G3D02, [1;34mclient_id[0m[34m: 6[0m
    [2;3mat[0m crates/core/src/node/network_bridge/p2p_protoc.rs:790
    [2;3min[0m freenet::node::network_bridge::p2p_protoc::[1mnetwork_event_listener[0m [2;3mwith[0m [1mpeer[0m: v6MWKgqJ277dPytc
    [2;3min[0m test_small_network_get_issue::[1mnode2[0m

  [2m2025-06-01T02:36:54.110192Z[0m [34mDEBUG[0m [1;34mfreenet::operations::get[0m[34m: [34mPreparing get contract request, [1;34mtx[0m[34m: 01JWMNJSEX2DHTZ3T2R17G3D02, [1;34mtarget[0m[34m: v6MWKgqHy7paw2it[0m
    [2;3mat[0m crates/core/src/operations/get.rs:76
    [2;3min[0m freenet::client_events::[1mprocess_client_request[0m
    [2;3min[0m freenet::node::p2p_impl::[1mclient_event_handling[0m
    [2;3min[0m test_small_network_get_issue::[1mnode2[0m

  [2m2025-06-01T02:36:54.110530Z[0m [34mDEBUG[0m [1;34mfreenet::node[0m[34m: [34mProcessing operation, iteration: 0, [1;34mtx[0m[34m: Some(01JWMNJSEX2DHTZ3T2R17G3D02)[0m
    [2;3mat[0m crates/core/src/node/mod.rs:546
    [2;3min[0m freenet::node::network_bridge::p2p_protoc::[1mprocess_network_message[0m [2;3mwith[0m [1mtransaction[0m: 01JWMNJSEX2DHTZ3T2R17G3D02, [1mtx_type[0m: get
    [2;3min[0m freenet::node::network_bridge::p2p_protoc::[1mnetwork_event_listener[0m [2;3mwith[0m [1mpeer[0m: v6MWKgqJ277dPytc
    [2;3min[0m test_small_network_get_issue::[1mnode2[0m

  [2m2025-06-01T02:36:54.110822Z[0m [32m INFO[0m [1;32mfreenet::operations::get[0m[32m: [32mSeek contract, [1;32mtx[0m[32m: 01JWMNJSEX2DHTZ3T2R17G3D02, [1;32mkey[0m[32m: 7h99HJYhaMNQchCZtTDThc4pfeNx8BPPhrGqhN84NrPV, [1;32mtarget[0m[32m: v6MWKgqHy7paw2it[0m
    [2;3mat[0m crates/core/src/operations/get.rs:354
    [2;3min[0m freenet::node::network_bridge::p2p_protoc::[1mprocess_network_message[0m [2;3mwith[0m [1mtransaction[0m: 01JWMNJSEX2DHTZ3T2R17G3D02, [1mtx_type[0m: get
    [2;3min[0m freenet::node::network_bridge::p2p_protoc::[1mnetwork_event_listener[0m [2;3mwith[0m [1mpeer[0m: v6MWKgqJ277dPytc
    [2;3min[0m test_small_network_get_issue::[1mnode2[0m

  [2m2025-06-01T02:36:54.110924Z[0m [34mDEBUG[0m [1;34mfreenet::operations[0m[34m: [34mupdated op state, [1;34mid[0m[34m: 01JWMNJSEX2DHTZ3T2R17G3D02[0m
    [2;3mat[0m crates/core/src/operations/mod.rs:120
    [2;3min[0m freenet::node::network_bridge::p2p_protoc::[1mprocess_network_message[0m [2;3mwith[0m [1mtransaction[0m: 01JWMNJSEX2DHTZ3T2R17G3D02, [1mtx_type[0m: get
    [2;3min[0m freenet::node::network_bridge::p2p_protoc::[1mnetwork_event_listener[0m [2;3mwith[0m [1mpeer[0m: v6MWKgqJ277dPytc
    [2;3min[0m test_small_network_get_issue::[1mnode2[0m

  [2m2025-06-01T02:36:54.110948Z[0m [34mDEBUG[0m [1;34mfreenet::operations[0m[34m: [34msending updated op state, [1;34mid[0m[34m: 01JWMNJSEX2DHTZ3T2R17G3D02, [1;34mtarget[0m[34m: v6MWKgqHy7paw2it (@ 0.04549383835533005)[0m
    [2;3mat[0m crates/core/src/operations/mod.rs:122
    [2;3min[0m freenet::node::network_bridge::p2p_protoc::[1mprocess_network_message[0m [2;3mwith[0m [1mtransaction[0m: 01JWMNJSEX2DHTZ3T2R17G3D02, [1mtx_type[0m: get
    [2;3min[0m freenet::node::network_bridge::p2p_protoc::[1mnetwork_event_listener[0m [2;3mwith[0m [1mpeer[0m: v6MWKgqJ277dPytc
    [2;3min[0m test_small_network_get_issue::[1mnode2[0m

  [2m2025-06-01T02:36:54.111001Z[0m [34mDEBUG[0m [1;34mfreenet::topology[0m[34m: [34mRecording request sent to peer, [1;34mrequest_type[0m[34m: get, [1;34mrecipient[0m[34m: v6MWKgqHy7paw2it (@ 0.04549383835533005)[0m
    [2;3mat[0m crates/core/src/topology/mod.rs:100
    [2;3min[0m freenet::node::network_bridge::p2p_protoc::[1mprocess_network_message[0m [2;3mwith[0m [1mtransaction[0m: 01JWMNJSEX2DHTZ3T2R17G3D02, [1mtx_type[0m: get
    [2;3min[0m freenet::node::network_bridge::p2p_protoc::[1mnetwork_event_listener[0m [2;3mwith[0m [1mpeer[0m: v6MWKgqJ277dPytc
    [2;3min[0m test_small_network_get_issue::[1mnode2[0m

  [2m2025-06-01T02:36:54.111102Z[0m [34mDEBUG[0m [1;34mfreenet::node[0m[34m: [34mNo operation result found, [1;34mtx[0m[34m: Some(01JWMNJSEX2DHTZ3T2R17G3D02)[0m
    [2;3mat[0m crates/core/src/node/mod.rs:431
    [2;3min[0m freenet::node::network_bridge::p2p_protoc::[1mprocess_network_message[0m [2;3mwith[0m [1mtransaction[0m: 01JWMNJSEX2DHTZ3T2R17G3D02, [1mtx_type[0m: get
    [2;3min[0m freenet::node::network_bridge::p2p_protoc::[1mnetwork_event_listener[0m [2;3mwith[0m [1mpeer[0m: v6MWKgqJ277dPytc
    [2;3min[0m test_small_network_get_issue::[1mnode2[0m

  [2m2025-06-01T02:36:54.111129Z[0m [34mDEBUG[0m [1;34mfreenet::node::network_bridge::p2p_protoc[0m[34m: [34mSending message to peer, [1;34mtarget_peer[0m[34m: v6MWKgqHy7paw2it (@ 0.04549383835533005), [1;34mmsg[0m[34m: Message {SeekNode(id: 01JWMNJSEX2DHTZ3T2R17G3D02)}[0m
    [2;3mat[0m crates/core/src/node/network_bridge/p2p_protoc.rs:234
    [2;3min[0m freenet::node::network_bridge::p2p_protoc::[1mnetwork_event_listener[0m [2;3mwith[0m [1mpeer[0m: v6MWKgqJ277dPytc
    [2;3min[0m test_small_network_get_issue::[1mnode2[0m

  [2m2025-06-01T02:36:54.111260Z[0m [34mDEBUG[0m [1;34mfreenet::node::network_bridge::p2p_protoc[0m[34m: [34mSending message to peer. Msg: Message {SeekNode(id: 01JWMNJSEX2DHTZ3T2R17G3D02)}, [1;34mto[0m[34m: 127.0.0.1:33977[0m
    [2;3mat[0m crates/core/src/node/network_bridge/p2p_protoc.rs:934
    [2;3min[0m freenet::node::network_bridge::p2p_protoc::[1mnetwork_event_listener[0m [2;3mwith[0m [1mpeer[0m: v6MWKgqJ277dPytc
    [2;3min[0m test_small_network_get_issue::[1mnode2[0m

  [2m2025-06-01T02:36:54.112904Z[0m [34mDEBUG[0m [1;34mfreenet::node::network_bridge::p2p_protoc[0m[34m: [34mReceived message from peer. Msg: Message {SeekNode(id: 01JWMNJSEX2DHTZ3T2R17G3D02)}, [1;34mfrom[0m[34m: 127.0.0.1:48752[0m
    [2;3mat[0m crates/core/src/node/network_bridge/p2p_protoc.rs:961
    [2;3min[0m freenet::node::network_bridge::p2p_protoc::[1mnetwork_event_listener[0m [2;3mwith[0m [1mpeer[0m: v6MWKgqHy7paw2it
    [2;3min[0m test_small_network_get_issue::[1mgateway[0m

  [2m2025-06-01T02:36:54.113028Z[0m [34mDEBUG[0m [1;34mfreenet::node[0m[34m: [34mProcessing operation, iteration: 0, [1;34mtx[0m[34m: Some(01JWMNJSEX2DHTZ3T2R17G3D02)[0m
    [2;3mat[0m crates/core/src/node/mod.rs:546
    [2;3min[0m freenet::node::network_bridge::p2p_protoc::[1mprocess_network_message[0m [2;3mwith[0m [1mtransaction[0m: 01JWMNJSEX2DHTZ3T2R17G3D02, [1mtx_type[0m: get
    [2;3min[0m freenet::node::network_bridge::p2p_protoc::[1mnetwork_event_listener[0m [2;3mwith[0m [1mpeer[0m: v6MWKgqHy7paw2it
    [2;3min[0m test_small_network_get_issue::[1mgateway[0m

  [2m2025-06-01T02:36:54.113149Z[0m [34mDEBUG[0m [1;34mfreenet::contract[0m[34m: [34mGot contract handling event, [1;34mevent[0m[34m: get query { 7h99HJYhaMNQchCZtTDThc4pfeNx8BPPhrGqhN84NrPV, return contract code: true }[0m
    [2;3mat[0m crates/core/src/contract/mod.rs:34
    [2;3min[0m freenet::node::p2p_impl::[1mcontract_handling[0m
    [2;3min[0m test_small_network_get_issue::[1mgateway[0m

  [2m2025-06-01T02:36:54.113247Z[0m [34mDEBUG[0m [1;34mfreenet::contract::executor::runtime[0m[34m: [34mfetching contract, [1;34mcontract[0m[34m: 7h99HJYhaMNQchCZtTDThc4pfeNx8BPPhrGqhN84NrPV, [1;34mreturn_code[0m[34m: true[0m
    [2;3mat[0m crates/core/src/contract/executor/runtime.rs:13
    [2;3min[0m freenet::contract::[1mfetch_contract[0m [2;3mwith[0m [1mkey[0m: 7h99HJYhaMNQchCZtTDThc4pfeNx8BPPhrGqhN84NrPV, [1mreturn_contract_code[0m: true
    [2;3min[0m freenet::node::p2p_impl::[1mcontract_handling[0m
    [2;3min[0m test_small_network_get_issue::[1mgateway[0m

  [2m2025-06-01T02:36:54.113291Z[0m [34mDEBUG[0m [1;34mfreenet::contract::executor::runtime[0m[34m: [34mGetting contract, [1;34mcontract[0m[34m: 7h99HJYhaMNQchCZtTDThc4pfeNx8BPPhrGqhN84NrPV, [1;34mreturn_code[0m[34m: true[0m
    [2;3mat[0m crates/core/src/contract/executor/runtime.rs:853
    [2;3min[0m freenet::contract::[1mfetch_contract[0m [2;3mwith[0m [1mkey[0m: 7h99HJYhaMNQchCZtTDThc4pfeNx8BPPhrGqhN84NrPV, [1mreturn_contract_code[0m: true
    [2;3min[0m freenet::node::p2p_impl::[1mcontract_handling[0m
    [2;3min[0m test_small_network_get_issue::[1mgateway[0m

  [2m2025-06-01T02:36:54.150099Z[0m [34mDEBUG[0m [1;34mfreenet::contract::executor::runtime[0m[34m: [34mContract get result, [1;34mcontract[0m[34m: 7h99HJYhaMNQchCZtTDThc4pfeNx8BPPhrGqhN84NrPV, [1;34mstate_found[0m[34m: true, [1;34mhas_contract[0m[34m: true[0m
    [2;3mat[0m crates/core/src/contract/executor/runtime.rs:867
    [2;3min[0m freenet::contract::[1mfetch_contract[0m [2;3mwith[0m [1mkey[0m: 7h99HJYhaMNQchCZtTDThc4pfeNx8BPPhrGqhN84NrPV, [1mreturn_contract_code[0m: true
    [2;3min[0m freenet::node::p2p_impl::[1mcontract_handling[0m
    [2;3min[0m test_small_network_get_issue::[1mgateway[0m

  [2m2025-06-01T02:36:54.150192Z[0m [34mDEBUG[0m [1;34mfreenet::contract::executor::runtime[0m[34m: [34mfetched contract state, [1;34mcontract[0m[34m: 7h99HJYhaMNQchCZtTDThc4pfeNx8BPPhrGqhN84NrPV, [1;34mstate_size[0m[34m: 11, [1;34mstate_hash[0m[34m: 71d66c3c823e2967f3d65dc251854d6ef760e26a483e701d0c89b7f0760c0632, [1;34mhas_code[0m[34m: true[0m
    [2;3mat[0m crates/core/src/contract/executor/runtime.rs:21
    [2;3min[0m freenet::contract::[1mfetch_contract[0m [2;3mwith[0m [1mkey[0m: 7h99HJYhaMNQchCZtTDThc4pfeNx8BPPhrGqhN84NrPV, [1mreturn_contract_code[0m: true
    [2;3min[0m freenet::node::p2p_impl::[1mcontract_handling[0m
    [2;3min[0m test_small_network_get_issue::[1mgateway[0m

  [2m2025-06-01T02:36:54.150250Z[0m [34mDEBUG[0m [1;34mfreenet::contract[0m[34m: [34mFetched contract 7h99HJYhaMNQchCZtTDThc4pfeNx8BPPhrGqhN84NrPV, [1;34mwith_contract_code[0m[34m: true, [1;34mhas_contract[0m[34m: true[0m
    [2;3mat[0m crates/core/src/contract/mod.rs:47
    [2;3min[0m freenet::node::p2p_impl::[1mcontract_handling[0m
    [2;3min[0m test_small_network_get_issue::[1mgateway[0m

  [2m2025-06-01T02:36:54.150341Z[0m [34mDEBUG[0m [1;34mfreenet::operations::get[0m[34m: [34mContract 7h99HJYhaMNQchCZtTDThc4pfeNx8BPPhrGqhN84NrPV found @ peer v6MWKgqHy7paw2it, [1;34mtx[0m[34m: 01JWMNJSEX2DHTZ3T2R17G3D02[0m
    [2;3mat[0m crates/core/src/operations/get.rs:425
    [2;3min[0m freenet::node::network_bridge::p2p_protoc::[1mprocess_network_message[0m [2;3mwith[0m [1mtransaction[0m: 01JWMNJSEX2DHTZ3T2R17G3D02, [1mtx_type[0m: get
    [2;3min[0m freenet::node::network_bridge::p2p_protoc::[1mnetwork_event_listener[0m [2;3mwith[0m [1mpeer[0m: v6MWKgqHy7paw2it
    [2;3min[0m test_small_network_get_issue::[1mgateway[0m

  [2m2025-06-01T02:36:54.150409Z[0m [34mDEBUG[0m [1;34mfreenet::operations::get[0m[34m: [34mReturning contract 7h99HJYhaMNQchCZtTDThc4pfeNx8BPPhrGqhN84NrPV to v6MWKgqJ277dPytc, [1;34mtx[0m[34m: 01JWMNJSEX2DHTZ3T2R17G3D02[0m
    [2;3mat[0m crates/core/src/operations/get.rs:457
    [2;3min[0m freenet::node::network_bridge::p2p_protoc::[1mprocess_network_message[0m [2;3mwith[0m [1mtransaction[0m: 01JWMNJSEX2DHTZ3T2R17G3D02, [1mtx_type[0m: get
    [2;3min[0m freenet::node::network_bridge::p2p_protoc::[1mnetwork_event_listener[0m [2;3mwith[0m [1mpeer[0m: v6MWKgqHy7paw2it
    [2;3min[0m test_small_network_get_issue::[1mgateway[0m

  [2m2025-06-01T02:36:54.150600Z[0m [34mDEBUG[0m [1;34mfreenet::operations[0m[34m: [34msending back message to target, [1;34mtx_id[0m[34m: 01JWMNJSEX2DHTZ3T2R17G3D02, [1;34mtarget[0m[34m: v6MWKgqJ277dPytc[0m
    [2;3mat[0m crates/core/src/operations/mod.rs:144
    [2;3min[0m freenet::node::network_bridge::p2p_protoc::[1mprocess_network_message[0m [2;3mwith[0m [1mtransaction[0m: 01JWMNJSEX2DHTZ3T2R17G3D02, [1mtx_type[0m: get
    [2;3min[0m freenet::node::network_bridge::p2p_protoc::[1mnetwork_event_listener[0m [2;3mwith[0m [1mpeer[0m: v6MWKgqHy7paw2it
    [2;3min[0m test_small_network_get_issue::[1mgateway[0m

  [2m2025-06-01T02:36:54.150672Z[0m [34mDEBUG[0m [1;34mfreenet::topology[0m[34m: [34mRecording request sent to peer, [1;34mrequest_type[0m[34m: get, [1;34mrecipient[0m[34m: v6MWKgqJ277dPytc (@ 0.8986025731098363)[0m
    [2;3mat[0m crates/core/src/topology/mod.rs:100
    [2;3min[0m freenet::node::network_bridge::p2p_protoc::[1mprocess_network_message[0m [2;3mwith[0m [1mtransaction[0m: 01JWMNJSEX2DHTZ3T2R17G3D02, [1mtx_type[0m: get
    [2;3min[0m freenet::node::network_bridge::p2p_protoc::[1mnetwork_event_listener[0m [2;3mwith[0m [1mpeer[0m: v6MWKgqHy7paw2it
    [2;3min[0m test_small_network_get_issue::[1mgateway[0m

  [2m2025-06-01T02:36:54.150755Z[0m [34mDEBUG[0m [1;34mfreenet::node[0m[34m: [34mNo operation result found, [1;34mtx[0m[34m: Some(01JWMNJSEX2DHTZ3T2R17G3D02)[0m
    [2;3mat[0m crates/core/src/node/mod.rs:431
    [2;3min[0m freenet::node::network_bridge::p2p_protoc::[1mprocess_network_message[0m [2;3mwith[0m [1mtransaction[0m: 01JWMNJSEX2DHTZ3T2R17G3D02, [1mtx_type[0m: get
    [2;3min[0m freenet::node::network_bridge::p2p_protoc::[1mnetwork_event_listener[0m [2;3mwith[0m [1mpeer[0m: v6MWKgqHy7paw2it
    [2;3min[0m test_small_network_get_issue::[1mgateway[0m

  [2m2025-06-01T02:36:54.150950Z[0m [34mDEBUG[0m [1;34mfreenet::node::network_bridge::p2p_protoc[0m[34m: [34mSending message to peer, [1;34mtarget_peer[0m[34m: v6MWKgqJ277dPytc (@ 0.8986025731098363), [1;34mmsg[0m[34m: Message {ReturnGet(id: 01JWMNJSEX2DHTZ3T2R17G3D02)}[0m
    [2;3mat[0m crates/core/src/node/network_bridge/p2p_protoc.rs:234
    [2;3min[0m freenet::node::network_bridge::p2p_protoc::[1mnetwork_event_listener[0m [2;3mwith[0m [1mpeer[0m: v6MWKgqHy7paw2it
    [2;3min[0m test_small_network_get_issue::[1mgateway[0m

  [2m2025-06-01T02:36:54.151126Z[0m [34mDEBUG[0m [1;34mfreenet::node::network_bridge::p2p_protoc[0m[34m: [34mSending message to peer. Msg: Message {ReturnGet(id: 01JWMNJSEX2DHTZ3T2R17G3D02)}, [1;34mto[0m[34m: 127.0.0.1:48752[0m
    [2;3mat[0m crates/core/src/node/network_bridge/p2p_protoc.rs:934
    [2;3min[0m freenet::node::network_bridge::p2p_protoc::[1mnetwork_event_listener[0m [2;3mwith[0m [1mpeer[0m: v6MWKgqHy7paw2it
    [2;3min[0m test_small_network_get_issue::[1mgateway[0m

  [2m2025-06-01T02:36:54.160137Z[0m [34mDEBUG[0m [1;34mfreenet::transport::peer_connection::outbound_stream[0m[34m: [34msending stream, [1;34mstream_id[0m[34m: 8, [1;34mlength[0m[34m: 12925679[0m
    [2;3mat[0m crates/core/src/transport/peer_connection/outbound_stream.rs:41
    [2;3min[0m freenet::transport::peer_connection::[1moutbound_stream[0m
    [2;3min[0m freenet::transport::peer_connection::[1mpeer_connection[0m
    [2;3min[0m freenet::node::network_bridge::p2p_protoc::[1mnetwork_event_listener[0m [2;3mwith[0m [1mpeer[0m: v6MWKgqHy7paw2it
    [2;3min[0m test_small_network_get_issue::[1mgateway[0m

  [2m2025-06-01T02:37:00.472002Z[0m [34mDEBUG[0m [1;34mfreenet::operations::connect[0m[34m: [34mConnection status: open_connections = 1, unconnected_gateways = 0[0m
    [2;3mat[0m crates/core/src/operations/connect.rs:711

  [2m2025-06-01T02:37:00.500657Z[0m [34mDEBUG[0m [1;34mfreenet::operations::connect[0m[34m: [34mConnection status: open_connections = 1, unconnected_gateways = 0[0m
    [2;3mat[0m crates/core/src/operations/connect.rs:711

  [2m2025-06-01T02:37:04.796932Z[0m [34mDEBUG[0m [1;34mfreenet::node::network_bridge::p2p_protoc[0m[34m: [34mReceived message from peer. Msg: Message {ReturnGet(id: 01JWMNJSEX2DHTZ3T2R17G3D02)}, [1;34mfrom[0m[34m: 127.0.0.1:33977[0m
    [2;3mat[0m crates/core/src/node/network_bridge/p2p_protoc.rs:961
    [2;3min[0m freenet::node::network_bridge::p2p_protoc::[1mnetwork_event_listener[0m [2;3mwith[0m [1mpeer[0m: v6MWKgqJ277dPytc
    [2;3min[0m test_small_network_get_issue::[1mnode2[0m

  [2m2025-06-01T02:37:04.797365Z[0m [34mDEBUG[0m [1;34mfreenet::node[0m[34m: [34mProcessing operation, iteration: 0, [1;34mtx[0m[34m: Some(01JWMNJSEX2DHTZ3T2R17G3D02)[0m
    [2;3mat[0m crates/core/src/node/mod.rs:546
    [2;3min[0m freenet::node::network_bridge::p2p_protoc::[1mprocess_network_message[0m [2;3mwith[0m [1mtransaction[0m: 01JWMNJSEX2DHTZ3T2R17G3D02, [1mtx_type[0m: get
    [2;3min[0m freenet::node::network_bridge::p2p_protoc::[1mnetwork_event_listener[0m [2;3mwith[0m [1mpeer[0m: v6MWKgqJ277dPytc
    [2;3min[0m test_small_network_get_issue::[1mnode2[0m

  [2m2025-06-01T02:37:04.797503Z[0m [32m INFO[0m [1;32mfreenet::operations::get[0m[32m: [32mReceived get response with state: AwaitingResponse { requester: None, fetch_contract: true, retries: 0, current_hop: 10, subscribe: false, tried_peers: {v6MWKgqHy7paw2it}, alternatives: [], attempts_at_hop: 1 }, [1;32mtx[0m[32m: 01JWMNJSEX2DHTZ3T2R17G3D02, [1;32mkey[0m[32m: 7h99HJYhaMNQchCZtTDThc4pfeNx8BPPhrGqhN84NrPV[0m
    [2;3mat[0m crates/core/src/operations/get.rs:720
    [2;3min[0m freenet::node::network_bridge::p2p_protoc::[1mprocess_network_message[0m [2;3mwith[0m [1mtransaction[0m: 01JWMNJSEX2DHTZ3T2R17G3D02, [1mtx_type[0m: get
    [2;3min[0m freenet::node::network_bridge::p2p_protoc::[1mnetwork_event_listener[0m [2;3mwith[0m [1mpeer[0m: v6MWKgqJ277dPytc
    [2;3min[0m test_small_network_get_issue::[1mnode2[0m

  [2m2025-06-01T02:37:04.797713Z[0m [34mDEBUG[0m [1;34mfreenet::operations::get[0m[34m: [34mPutting contract at executor, [1;34mtx[0m[34m: 01JWMNJSEX2DHTZ3T2R17G3D02, [1;34mkey[0m[34m: 7h99HJYhaMNQchCZtTDThc4pfeNx8BPPhrGqhN84NrPV, [1;34mis_original_requester[0m[34m: true, [1;34msubscribe_requested[0m[34m: false[0m
    [2;3mat[0m crates/core/src/operations/get.rs:813
    [2;3min[0m freenet::node::network_bridge::p2p_protoc::[1mprocess_network_message[0m [2;3mwith[0m [1mtransaction[0m: 01JWMNJSEX2DHTZ3T2R17G3D02, [1mtx_type[0m: get
    [2;3min[0m freenet::node::network_bridge::p2p_protoc::[1mnetwork_event_listener[0m [2;3mwith[0m [1mpeer[0m: v6MWKgqJ277dPytc
    [2;3min[0m test_small_network_get_issue::[1mnode2[0m

  [2m2025-06-01T02:37:04.797856Z[0m [34mDEBUG[0m [1;34mfreenet::contract[0m[34m: [34mGot contract handling event, [1;34mevent[0m[34m: put query { 7h99HJYhaMNQchCZtTDThc4pfeNx8BPPhrGqhN84NrPV, params: 0x7b2274746c223a22... }[0m
    [2;3mat[0m crates/core/src/contract/mod.rs:34
    [2;3min[0m freenet::node::p2p_impl::[1mcontract_handling[0m
    [2;3min[0m test_small_network_get_issue::[1mnode2[0m

  [2m2025-06-01T02:37:04.797989Z[0m [34mDEBUG[0m [1;34mfreenet::contract::executor::runtime[0m[34m: [34mupserting contract state, [1;34mcontract[0m[34m: 7h99HJYhaMNQchCZtTDThc4pfeNx8BPPhrGqhN84NrPV, [1;34mstate_size[0m[34m: 11, [1;34mstate_hash[0m[34m: 71d66c3c823e2967f3d65dc251854d6ef760e26a483e701d0c89b7f0760c0632[0m
    [2;3mat[0m crates/core/src/contract/executor/runtime.rs:44
    [2;3min[0m freenet::contract::[1mupsert_contract_state[0m [2;3mwith[0m [1mkey[0m: 7h99HJYhaMNQchCZtTDThc4pfeNx8BPPhrGqhN84NrPV
    [2;3min[0m freenet::node::p2p_impl::[1mcontract_handling[0m
    [2;3min[0m test_small_network_get_issue::[1mnode2[0m

  [2m2025-06-01T02:37:05.909026Z[0m [34mDEBUG[0m [1;34mfreenet::contract::executor::runtime[0m[34m: [34mThe incoming state is valid[0m
    [2;3mat[0m crates/core/src/contract/executor/runtime.rs:99
    [2;3min[0m freenet::contract::[1mupsert_contract_state[0m [2;3mwith[0m [1mkey[0m: 7h99HJYhaMNQchCZtTDThc4pfeNx8BPPhrGqhN84NrPV
    [2;3min[0m freenet::node::p2p_impl::[1mcontract_handling[0m
    [2;3min[0m test_small_network_get_issue::[1mnode2[0m

  [2m2025-06-01T02:37:05.909081Z[0m [34mDEBUG[0m [1;34mfreenet::contract::executor::runtime[0m[34m: [34mContract is new, storing initial state[0m
    [2;3mat[0m crates/core/src/contract/executor/runtime.rs:103
    [2;3min[0m freenet::contract::[1mupsert_contract_state[0m [2;3mwith[0m [1mkey[0m: 7h99HJYhaMNQchCZtTDThc4pfeNx8BPPhrGqhN84NrPV
    [2;3min[0m freenet::node::p2p_impl::[1mcontract_handling[0m
    [2;3min[0m test_small_network_get_issue::[1mnode2[0m

  [2m2025-06-01T02:37:05.924034Z[0m [34mDEBUG[0m [1;34mfreenet::operations::get[0m[34m: [34mContract put at executor, [1;34mtx[0m[34m: 01JWMNJSEX2DHTZ3T2R17G3D02, [1;34mkey[0m[34m: 7h99HJYhaMNQchCZtTDThc4pfeNx8BPPhrGqhN84NrPV[0m
    [2;3mat[0m crates/core/src/operations/get.rs:825
    [2;3min[0m freenet::node::network_bridge::p2p_protoc::[1mprocess_network_message[0m [2;3mwith[0m [1mtransaction[0m: 01JWMNJSEX2DHTZ3T2R17G3D02, [1mtx_type[0m: get
    [2;3min[0m freenet::node::network_bridge::p2p_protoc::[1mnetwork_event_listener[0m [2;3mwith[0m [1mpeer[0m: v6MWKgqJ277dPytc
    [2;3min[0m test_small_network_get_issue::[1mnode2[0m

  [2m2025-06-01T02:37:05.924144Z[0m [34mDEBUG[0m [1;34mfreenet::operations::get[0m[34m: [34mContract not cached @ peer, caching, [1;34mtx[0m[34m: 01JWMNJSEX2DHTZ3T2R17G3D02, [1;34mkey[0m[34m: 7h99HJYhaMNQchCZtTDThc4pfeNx8BPPhrGqhN84NrPV, [1;34mpeer[0m[34m: v6MWKgqJ277dPytc[0m
    [2;3mat[0m crates/core/src/operations/get.rs:831
    [2;3min[0m freenet::node::network_bridge::p2p_protoc::[1mprocess_network_message[0m [2;3mwith[0m [1mtransaction[0m: 01JWMNJSEX2DHTZ3T2R17G3D02, [1mtx_type[0m: get
    [2;3min[0m freenet::node::network_bridge::p2p_protoc::[1mnetwork_event_listener[0m [2;3mwith[0m [1mpeer[0m: v6MWKgqJ277dPytc
    [2;3min[0m test_small_network_get_issue::[1mnode2[0m

  [2m2025-06-01T02:37:05.924325Z[0m [34mDEBUG[0m [1;34mfreenet::contract[0m[34m: [34mGot contract handling event, [1;34mevent[0m[34m: get query { 7h99HJYhaMNQchCZtTDThc4pfeNx8BPPhrGqhN84NrPV, return contract code: false }[0m
    [2;3mat[0m crates/core/src/contract/mod.rs:34
    [2;3min[0m freenet::node::p2p_impl::[1mcontract_handling[0m
    [2;3min[0m test_small_network_get_issue::[1mnode2[0m

  [2m2025-06-01T02:37:05.924430Z[0m [34mDEBUG[0m [1;34mfreenet::contract::executor::runtime[0m[34m: [34mfetching contract, [1;34mcontract[0m[34m: 7h99HJYhaMNQchCZtTDThc4pfeNx8BPPhrGqhN84NrPV, [1;34mreturn_code[0m[34m: false[0m
    [2;3mat[0m crates/core/src/contract/executor/runtime.rs:13
    [2;3min[0m freenet::contract::[1mfetch_contract[0m [2;3mwith[0m [1mkey[0m: 7h99HJYhaMNQchCZtTDThc4pfeNx8BPPhrGqhN84NrPV, [1mreturn_contract_code[0m: false
    [2;3min[0m freenet::node::p2p_impl::[1mcontract_handling[0m
    [2;3min[0m test_small_network_get_issue::[1mnode2[0m

  [2m2025-06-01T02:37:05.924476Z[0m [34mDEBUG[0m [1;34mfreenet::contract::executor::runtime[0m[34m: [34mGetting contract, [1;34mcontract[0m[34m: 7h99HJYhaMNQchCZtTDThc4pfeNx8BPPhrGqhN84NrPV, [1;34mreturn_code[0m[34m: false[0m
    [2;3mat[0m crates/core/src/contract/executor/runtime.rs:853
    [2;3min[0m freenet::contract::[1mfetch_contract[0m [2;3mwith[0m [1mkey[0m: 7h99HJYhaMNQchCZtTDThc4pfeNx8BPPhrGqhN84NrPV, [1mreturn_contract_code[0m: false
    [2;3min[0m freenet::node::p2p_impl::[1mcontract_handling[0m
    [2;3min[0m test_small_network_get_issue::[1mnode2[0m

  [2m2025-06-01T02:37:05.924531Z[0m [34mDEBUG[0m [1;34mfreenet::contract::executor::runtime[0m[34m: [34mContract get result, [1;34mcontract[0m[34m: 7h99HJYhaMNQchCZtTDThc4pfeNx8BPPhrGqhN84NrPV, [1;34mstate_found[0m[34m: true, [1;34mhas_contract[0m[34m: false[0m
    [2;3mat[0m crates/core/src/contract/executor/runtime.rs:867
    [2;3min[0m freenet::contract::[1mfetch_contract[0m [2;3mwith[0m [1mkey[0m: 7h99HJYhaMNQchCZtTDThc4pfeNx8BPPhrGqhN84NrPV, [1mreturn_contract_code[0m: false
    [2;3min[0m freenet::node::p2p_impl::[1mcontract_handling[0m
    [2;3min[0m test_small_network_get_issue::[1mnode2[0m

  [2m2025-06-01T02:37:05.924577Z[0m [34mDEBUG[0m [1;34mfreenet::contract::executor::runtime[0m[34m: [34mfetched contract state, [1;34mcontract[0m[34m: 7h99HJYhaMNQchCZtTDThc4pfeNx8BPPhrGqhN84NrPV, [1;34mstate_size[0m[34m: 11, [1;34mstate_hash[0m[34m: 71d66c3c823e2967f3d65dc251854d6ef760e26a483e701d0c89b7f0760c0632, [1;34mhas_code[0m[34m: false[0m
    [2;3mat[0m crates/core/src/contract/executor/runtime.rs:21
    [2;3min[0m freenet::contract::[1mfetch_contract[0m [2;3mwith[0m [1mkey[0m: 7h99HJYhaMNQchCZtTDThc4pfeNx8BPPhrGqhN84NrPV, [1mreturn_contract_code[0m: false
    [2;3min[0m freenet::node::p2p_impl::[1mcontract_handling[0m
    [2;3min[0m test_small_network_get_issue::[1mnode2[0m

  [2m2025-06-01T02:37:05.924630Z[0m [34mDEBUG[0m [1;34mfreenet::contract[0m[34m: [34mFetched contract 7h99HJYhaMNQchCZtTDThc4pfeNx8BPPhrGqhN84NrPV, [1;34mwith_contract_code[0m[34m: false, [1;34mhas_contract[0m[34m: false[0m
    [2;3mat[0m crates/core/src/contract/mod.rs:47
    [2;3min[0m freenet::node::p2p_impl::[1mcontract_handling[0m
    [2;3min[0m test_small_network_get_issue::[1mnode2[0m

  [2m2025-06-01T02:37:05.924847Z[0m [32m INFO[0m [1;32mfreenet::operations::get[0m[32m: [32mGet response received for contract at original requester, [1;32mtx[0m[32m: 01JWMNJSEX2DHTZ3T2R17G3D02, [1;32mkey[0m[32m: 7h99HJYhaMNQchCZtTDThc4pfeNx8BPPhrGqhN84NrPV[0m
    [2;3mat[0m crates/core/src/operations/get.rs:903
    [2;3min[0m freenet::node::network_bridge::p2p_protoc::[1mprocess_network_message[0m [2;3mwith[0m [1mtransaction[0m: 01JWMNJSEX2DHTZ3T2R17G3D02, [1mtx_type[0m: get
    [2;3min[0m freenet::node::network_bridge::p2p_protoc::[1mnetwork_event_listener[0m [2;3mwith[0m [1mpeer[0m: v6MWKgqJ277dPytc
    [2;3min[0m test_small_network_get_issue::[1mnode2[0m

  [2m2025-06-01T02:37:05.924912Z[0m [34mDEBUG[0m [1;34mfreenet::operations[0m[34m: [34moperation finished_completely with result, [1;34mtx_id[0m[34m: 01JWMNJSEX2DHTZ3T2R17G3D02[0m
    [2;3mat[0m crates/core/src/operations/mod.rs:110
    [2;3min[0m freenet::node::network_bridge::p2p_protoc::[1mprocess_network_message[0m [2;3mwith[0m [1mtransaction[0m: 01JWMNJSEX2DHTZ3T2R17G3D02, [1mtx_type[0m: get
    [2;3min[0m freenet::node::network_bridge::p2p_protoc::[1mnetwork_event_listener[0m [2;3mwith[0m [1mpeer[0m: v6MWKgqJ277dPytc
    [2;3min[0m test_small_network_get_issue::[1mnode2[0m

  [2m2025-06-01T02:37:05.925093Z[0m [34mDEBUG[0m [1;34mfreenet::node[0m[34m: [34mProcessing operation, iteration: 0, [1;34mtx[0m[34m: Some(01JWMNK504KNP6CTJD8W9A7B83)[0m
    [2;3mat[0m crates/core/src/node/mod.rs:546
    [2;3min[0m freenet::node::network_bridge::p2p_protoc::[1mprocess_network_message[0m [2;3mwith[0m [1mtransaction[0m: 01JWMNK504KNP6CTJD8W9A7B83, [1mtx_type[0m: subscribe
    [2;3min[0m freenet::node::network_bridge::p2p_protoc::[1mnetwork_event_listener[0m [2;3mwith[0m [1mpeer[0m: v6MWKgqJ277dPytc
    [2;3min[0m test_small_network_get_issue::[1mnode2[0m

  [2m2025-06-01T02:37:05.925149Z[0m [34mDEBUG[0m [1;34mfreenet::node[0m[34m: [34mSending response to client, [1;34mtx[0m[34m: Some(01JWMNJSEX2DHTZ3T2R17G3D02), [1;34mclient_id[0m[34m: 6[0m
    [2;3mat[0m crates/core/src/node/mod.rs:380
    [2;3min[0m freenet::node::network_bridge::p2p_protoc::[1mprocess_network_message[0m [2;3mwith[0m [1mtransaction[0m: 01JWMNJSEX2DHTZ3T2R17G3D02, [1mtx_type[0m: get
    [2;3min[0m freenet::node::network_bridge::p2p_protoc::[1mnetwork_event_listener[0m [2;3mwith[0m [1mpeer[0m: v6MWKgqJ277dPytc
    [2;3min[0m test_small_network_get_issue::[1mnode2[0m

  [2m2025-06-01T02:37:05.925244Z[0m [34mDEBUG[0m [1;34mfreenet::client_events[0m[34m: [34msending client response, [1;34mresult[0m[34m: get response for `7h99HJYhaMNQchCZtTDThc4pfeNx8BPPhrGqhN84NrPV`[0m
    [2;3mat[0m crates/core/src/client_events/mod.rs:226
    [2;3min[0m freenet::node::p2p_impl::[1mclient_event_handling[0m
    [2;3min[0m test_small_network_get_issue::[1mnode2[0m

  [2m2025-06-01T02:37:05.925338Z[0m [34mDEBUG[0m [1;34mfreenet::operations[0m[34m: [34mupdated op state, [1;34mid[0m[34m: 01JWMNK504KNP6CTJD8W9A7B83[0m
    [2;3mat[0m crates/core/src/operations/mod.rs:120
    [2;3min[0m freenet::node::network_bridge::p2p_protoc::[1mprocess_network_message[0m [2;3mwith[0m [1mtransaction[0m: 01JWMNK504KNP6CTJD8W9A7B83, [1mtx_type[0m: subscribe
    [2;3min[0m freenet::node::network_bridge::p2p_protoc::[1mnetwork_event_listener[0m [2;3mwith[0m [1mpeer[0m: v6MWKgqJ277dPytc
    [2;3min[0m test_small_network_get_issue::[1mnode2[0m

  [2m2025-06-01T02:37:05.925389Z[0m [34mDEBUG[0m [1;34mfreenet::client_events::websocket[0m[34m: [34msending response, [1;34mresponse[0m[34m: get response for `7h99HJYhaMNQchCZtTDThc4pfeNx8BPPhrGqhN84NrPV`, [1;34mresponse_type[0m[34m: "ContractResponse", [1;34mcli_id[0m[34m: 3[0m
    [2;3mat[0m crates/core/src/client_events/websocket.rs:504

  [2m2025-06-01T02:37:05.925405Z[0m [34mDEBUG[0m [1;34mfreenet::operations[0m[34m: [34msending updated op state, [1;34mid[0m[34m: 01JWMNK504KNP6CTJD8W9A7B83, [1;34mtarget[0m[34m: v6MWKgqHy7paw2it (@ 0.04549383835533005)[0m
    [2;3mat[0m crates/core/src/operations/mod.rs:122
    [2;3min[0m freenet::node::network_bridge::p2p_protoc::[1mprocess_network_message[0m [2;3mwith[0m [1mtransaction[0m: 01JWMNK504KNP6CTJD8W9A7B83, [1mtx_type[0m: subscribe
    [2;3min[0m freenet::node::network_bridge::p2p_protoc::[1mnetwork_event_listener[0m [2;3mwith[0m [1mpeer[0m: v6MWKgqJ277dPytc
    [2;3min[0m test_small_network_get_issue::[1mnode2[0m

  [2m2025-06-01T02:37:05.925503Z[0m [34mDEBUG[0m [1;34mfreenet::topology[0m[34m: [34mRecording request sent to peer, [1;34mrequest_type[0m[34m: subscribe, [1;34mrecipient[0m[34m: v6MWKgqHy7paw2it (@ 0.04549383835533005)[0m
    [2;3mat[0m crates/core/src/topology/mod.rs:100
    [2;3min[0m freenet::node::network_bridge::p2p_protoc::[1mprocess_network_message[0m [2;3mwith[0m [1mtransaction[0m: 01JWMNK504KNP6CTJD8W9A7B83, [1mtx_type[0m: subscribe
    [2;3min[0m freenet::node::network_bridge::p2p_protoc::[1mnetwork_event_listener[0m [2;3mwith[0m [1mpeer[0m: v6MWKgqJ277dPytc
    [2;3min[0m test_small_network_get_issue::[1mnode2[0m

  [2m2025-06-01T02:37:05.925637Z[0m [34mDEBUG[0m [1;34mfreenet::node[0m[34m: [34mNo operation result found, [1;34mtx[0m[34m: Some(01JWMNK504KNP6CTJD8W9A7B83)[0m
    [2;3mat[0m crates/core/src/node/mod.rs:431
    [2;3min[0m freenet::node::network_bridge::p2p_protoc::[1mprocess_network_message[0m [2;3mwith[0m [1mtransaction[0m: 01JWMNK504KNP6CTJD8W9A7B83, [1mtx_type[0m: subscribe
    [2;3min[0m freenet::node::network_bridge::p2p_protoc::[1mnetwork_event_listener[0m [2;3mwith[0m [1mpeer[0m: v6MWKgqJ277dPytc
    [2;3min[0m test_small_network_get_issue::[1mnode2[0m

  [2m2025-06-01T02:37:05.925645Z[0m [34mDEBUG[0m [1;34mfreenet::node::network_bridge::p2p_protoc[0m[34m: [34mSending message to peer, [1;34mtarget_peer[0m[34m: v6MWKgqHy7paw2it (@ 0.04549383835533005), [1;34mmsg[0m[34m: Message {SeekNode(id: 01JWMNK504KNP6CTJD8W9A7B83)}[0m
    [2;3mat[0m crates/core/src/node/network_bridge/p2p_protoc.rs:234
    [2;3min[0m freenet::node::network_bridge::p2p_protoc::[1mnetwork_event_listener[0m [2;3mwith[0m [1mpeer[0m: v6MWKgqJ277dPytc
    [2;3min[0m test_small_network_get_issue::[1mnode2[0m

  [2m2025-06-01T02:37:05.925770Z[0m [34mDEBUG[0m [1;34mfreenet::node::network_bridge::p2p_protoc[0m[34m: [34mSending message to peer. Msg: Message {SeekNode(id: 01JWMNK504KNP6CTJD8W9A7B83)}, [1;34mto[0m[34m: 127.0.0.1:33977[0m
    [2;3mat[0m crates/core/src/node/network_bridge/p2p_protoc.rs:934
    [2;3min[0m freenet::node::network_bridge::p2p_protoc::[1mnetwork_event_listener[0m [2;3mwith[0m [1mpeer[0m: v6MWKgqJ277dPytc
    [2;3min[0m test_small_network_get_issue::[1mnode2[0m

  [2m2025-06-01T02:37:05.927851Z[0m [34mDEBUG[0m [1;34mfreenet::node::network_bridge::p2p_protoc[0m[34m: [34mReceived message from peer. Msg: Message {SeekNode(id: 01JWMNK504KNP6CTJD8W9A7B83)}, [1;34mfrom[0m[34m: 127.0.0.1:48752[0m
    [2;3mat[0m crates/core/src/node/network_bridge/p2p_protoc.rs:961
    [2;3min[0m freenet::node::network_bridge::p2p_protoc::[1mnetwork_event_listener[0m [2;3mwith[0m [1mpeer[0m: v6MWKgqHy7paw2it
    [2;3min[0m test_small_network_get_issue::[1mgateway[0m

  [2m2025-06-01T02:37:05.928016Z[0m [34mDEBUG[0m [1;34mfreenet::node[0m[34m: [34mProcessing operation, iteration: 0, [1;34mtx[0m[34m: Some(01JWMNK504KNP6CTJD8W9A7B83)[0m
    [2;3mat[0m crates/core/src/node/mod.rs:546
    [2;3min[0m freenet::node::network_bridge::p2p_protoc::[1mprocess_network_message[0m [2;3mwith[0m [1mtransaction[0m: 01JWMNK504KNP6CTJD8W9A7B83, [1mtx_type[0m: subscribe
    [2;3min[0m freenet::node::network_bridge::p2p_protoc::[1mnetwork_event_listener[0m [2;3mwith[0m [1mpeer[0m: v6MWKgqHy7paw2it
    [2;3min[0m test_small_network_get_issue::[1mgateway[0m

  [2m2025-06-01T02:37:05.928132Z[0m [34mDEBUG[0m [1;34mfreenet::contract[0m[34m: [34mGot contract handling event, [1;34mevent[0m[34m: get query { 7h99HJYhaMNQchCZtTDThc4pfeNx8BPPhrGqhN84NrPV, return contract code: false }[0m
    [2;3mat[0m crates/core/src/contract/mod.rs:34
    [2;3min[0m freenet::node::p2p_impl::[1mcontract_handling[0m
    [2;3min[0m test_small_network_get_issue::[1mgateway[0m

  [2m2025-06-01T02:37:05.928241Z[0m [34mDEBUG[0m [1;34mfreenet::contract::executor::runtime[0m[34m: [34mfetching contract, [1;34mcontract[0m[34m: 7h99HJYhaMNQchCZtTDThc4pfeNx8BPPhrGqhN84NrPV, [1;34mreturn_code[0m[34m: false[0m
    [2;3mat[0m crates/core/src/contract/executor/runtime.rs:13
    [2;3min[0m freenet::contract::[1mfetch_contract[0m [2;3mwith[0m [1mkey[0m: 7h99HJYhaMNQchCZtTDThc4pfeNx8BPPhrGqhN84NrPV, [1mreturn_contract_code[0m: false
    [2;3min[0m freenet::node::p2p_impl::[1mcontract_handling[0m
    [2;3min[0m test_small_network_get_issue::[1mgateway[0m

  [2m2025-06-01T02:37:05.928290Z[0m [34mDEBUG[0m [1;34mfreenet::contract::executor::runtime[0m[34m: [34mGetting contract, [1;34mcontract[0m[34m: 7h99HJYhaMNQchCZtTDThc4pfeNx8BPPhrGqhN84NrPV, [1;34mreturn_code[0m[34m: false[0m
    [2;3mat[0m crates/core/src/contract/executor/runtime.rs:853
    [2;3min[0m freenet::contract::[1mfetch_contract[0m [2;3mwith[0m [1mkey[0m: 7h99HJYhaMNQchCZtTDThc4pfeNx8BPPhrGqhN84NrPV, [1mreturn_contract_code[0m: false
    [2;3min[0m freenet::node::p2p_impl::[1mcontract_handling[0m
    [2;3min[0m test_small_network_get_issue::[1mgateway[0m

  [2m2025-06-01T02:37:05.928354Z[0m [34mDEBUG[0m [1;34mfreenet::contract::executor::runtime[0m[34m: [34mContract get result, [1;34mcontract[0m[34m: 7h99HJYhaMNQchCZtTDThc4pfeNx8BPPhrGqhN84NrPV, [1;34mstate_found[0m[34m: true, [1;34mhas_contract[0m[34m: false[0m
    [2;3mat[0m crates/core/src/contract/executor/runtime.rs:867
    [2;3min[0m freenet::contract::[1mfetch_contract[0m [2;3mwith[0m [1mkey[0m: 7h99HJYhaMNQchCZtTDThc4pfeNx8BPPhrGqhN84NrPV, [1mreturn_contract_code[0m: false
    [2;3min[0m freenet::node::p2p_impl::[1mcontract_handling[0m
    [2;3min[0m test_small_network_get_issue::[1mgateway[0m

  [2m2025-06-01T02:37:05.928411Z[0m [34mDEBUG[0m [1;34mfreenet::contract::executor::runtime[0m[34m: [34mfetched contract state, [1;34mcontract[0m[34m: 7h99HJYhaMNQchCZtTDThc4pfeNx8BPPhrGqhN84NrPV, [1;34mstate_size[0m[34m: 11, [1;34mstate_hash[0m[34m: 71d66c3c823e2967f3d65dc251854d6ef760e26a483e701d0c89b7f0760c0632, [1;34mhas_code[0m[34m: false[0m
    [2;3mat[0m crates/core/src/contract/executor/runtime.rs:21
    [2;3min[0m freenet::contract::[1mfetch_contract[0m [2;3mwith[0m [1mkey[0m: 7h99HJYhaMNQchCZtTDThc4pfeNx8BPPhrGqhN84NrPV, [1mreturn_contract_code[0m: false
    [2;3min[0m freenet::node::p2p_impl::[1mcontract_handling[0m
    [2;3min[0m test_small_network_get_issue::[1mgateway[0m

  [2m2025-06-01T02:37:05.928469Z[0m [34mDEBUG[0m [1;34mfreenet::contract[0m[34m: [34mFetched contract 7h99HJYhaMNQchCZtTDThc4pfeNx8BPPhrGqhN84NrPV, [1;34mwith_contract_code[0m[34m: false, [1;34mhas_contract[0m[34m: false[0m
    [2;3mat[0m crates/core/src/contract/mod.rs:47
    [2;3min[0m freenet::node::p2p_impl::[1mcontract_handling[0m
    [2;3min[0m test_small_network_get_issue::[1mgateway[0m

  [2m2025-06-01T02:37:05.928568Z[0m [32m INFO[0m [1;32mfreenet::operations::subscribe[0m[32m: [32mPeer successfully subscribed to contract, [1;32mtx[0m[32m: 01JWMNK504KNP6CTJD8W9A7B83, [1;32mkey[0m[32m: 7h99HJYhaMNQchCZtTDThc4pfeNx8BPPhrGqhN84NrPV, [1;32msubscriber[0m[32m: v6MWKgqJ277dPytc[0m
    [2;3mat[0m crates/core/src/operations/subscribe.rs:294
    [2;3min[0m freenet::node::network_bridge::p2p_protoc::[1mprocess_network_message[0m [2;3mwith[0m [1mtransaction[0m: 01JWMNK504KNP6CTJD8W9A7B83, [1mtx_type[0m: subscribe
    [2;3min[0m freenet::node::network_bridge::p2p_protoc::[1mnetwork_event_listener[0m [2;3mwith[0m [1mpeer[0m: v6MWKgqHy7paw2it
    [2;3min[0m test_small_network_get_issue::[1mgateway[0m

  [2m2025-06-01T02:37:05.928821Z[0m [34mDEBUG[0m [1;34mfreenet::operations[0m[34m: [34msending back message to target, [1;34mtx_id[0m[34m: 01JWMNK504KNP6CTJD8W9A7B83, [1;34mtarget[0m[34m: v6MWKgqJ277dPytc[0m
    [2;3mat[0m crates/core/src/operations/mod.rs:144
    [2;3min[0m freenet::node::network_bridge::p2p_protoc::[1mprocess_network_message[0m [2;3mwith[0m [1mtransaction[0m: 01JWMNK504KNP6CTJD8W9A7B83, [1mtx_type[0m: subscribe
    [2;3min[0m freenet::node::network_bridge::p2p_protoc::[1mnetwork_event_listener[0m [2;3mwith[0m [1mpeer[0m: v6MWKgqHy7paw2it
    [2;3min[0m test_small_network_get_issue::[1mgateway[0m

  [2m2025-06-01T02:37:05.928881Z[0m [34mDEBUG[0m [1;34mfreenet::topology[0m[34m: [34mRecording request sent to peer, [1;34mrequest_type[0m[34m: subscribe, [1;34mrecipient[0m[34m: v6MWKgqJ277dPytc (@ 0.8986025731098363)[0m
    [2;3mat[0m crates/core/src/topology/mod.rs:100
    [2;3min[0m freenet::node::network_bridge::p2p_protoc::[1mprocess_network_message[0m [2;3mwith[0m [1mtransaction[0m: 01JWMNK504KNP6CTJD8W9A7B83, [1mtx_type[0m: subscribe
    [2;3min[0m freenet::node::network_bridge::p2p_protoc::[1mnetwork_event_listener[0m [2;3mwith[0m [1mpeer[0m: v6MWKgqHy7paw2it
    [2;3min[0m test_small_network_get_issue::[1mgateway[0m

  [2m2025-06-01T02:37:05.928960Z[0m [34mDEBUG[0m [1;34mfreenet::node[0m[34m: [34mNo operation result found, [1;34mtx[0m[34m: Some(01JWMNK504KNP6CTJD8W9A7B83)[0m
    [2;3mat[0m crates/core/src/node/mod.rs:431
    [2;3min[0m freenet::node::network_bridge::p2p_protoc::[1mprocess_network_message[0m [2;3mwith[0m [1mtransaction[0m: 01JWMNK504KNP6CTJD8W9A7B83, [1mtx_type[0m: subscribe
    [2;3min[0m freenet::node::network_bridge::p2p_protoc::[1mnetwork_event_listener[0m [2;3mwith[0m [1mpeer[0m: v6MWKgqHy7paw2it
    [2;3min[0m test_small_network_get_issue::[1mgateway[0m

  [2m2025-06-01T02:37:05.929034Z[0m [34mDEBUG[0m [1;34mfreenet::node::network_bridge::p2p_protoc[0m[34m: [34mSending message to peer, [1;34mtarget_peer[0m[34m: v6MWKgqJ277dPytc (@ 0.8986025731098363), [1;34mmsg[0m[34m: Message {ReturnSub(id: 01JWMNK504KNP6CTJD8W9A7B83)}[0m
    [2;3mat[0m crates/core/src/node/network_bridge/p2p_protoc.rs:234
    [2;3min[0m freenet::node::network_bridge::p2p_protoc::[1mnetwork_event_listener[0m [2;3mwith[0m [1mpeer[0m: v6MWKgqHy7paw2it
    [2;3min[0m test_small_network_get_issue::[1mgateway[0m

  [2m2025-06-01T02:37:05.929157Z[0m [34mDEBUG[0m [1;34mfreenet::node::network_bridge::p2p_protoc[0m[34m: [34mSending message to peer. Msg: Message {ReturnSub(id: 01JWMNK504KNP6CTJD8W9A7B83)}, [1;34mto[0m[34m: 127.0.0.1:48752[0m
    [2;3mat[0m crates/core/src/node/network_bridge/p2p_protoc.rs:934
    [2;3min[0m freenet::node::network_bridge::p2p_protoc::[1mnetwork_event_listener[0m [2;3mwith[0m [1mpeer[0m: v6MWKgqHy7paw2it
    [2;3min[0m test_small_network_get_issue::[1mgateway[0m

  [2m2025-06-01T02:37:05.930505Z[0m [34mDEBUG[0m [1;34mfreenet::node::network_bridge::p2p_protoc[0m[34m: [34mReceived message from peer. Msg: Message {ReturnSub(id: 01JWMNK504KNP6CTJD8W9A7B83)}, [1;34mfrom[0m[34m: 127.0.0.1:33977[0m
    [2;3mat[0m crates/core/src/node/network_bridge/p2p_protoc.rs:961
    [2;3min[0m freenet::node::network_bridge::p2p_protoc::[1mnetwork_event_listener[0m [2;3mwith[0m [1mpeer[0m: v6MWKgqJ277dPytc
    [2;3min[0m test_small_network_get_issue::[1mnode2[0m

  [2m2025-06-01T02:37:05.930691Z[0m [34mDEBUG[0m [1;34mfreenet::node[0m[34m: [34mProcessing operation, iteration: 0, [1;34mtx[0m[34m: Some(01JWMNK504KNP6CTJD8W9A7B83)[0m
    [2;3mat[0m crates/core/src/node/mod.rs:546
    [2;3min[0m freenet::node::network_bridge::p2p_protoc::[1mprocess_network_message[0m [2;3mwith[0m [1mtransaction[0m: 01JWMNK504KNP6CTJD8W9A7B83, [1mtx_type[0m: subscribe
    [2;3min[0m freenet::node::network_bridge::p2p_protoc::[1mnetwork_event_listener[0m [2;3mwith[0m [1mpeer[0m: v6MWKgqJ277dPytc
    [2;3min[0m test_small_network_get_issue::[1mnode2[0m

  [2m2025-06-01T02:37:05.930795Z[0m [32m INFO[0m [1;32mfreenet::operations::subscribe[0m[32m: [32mSubscribed to contract, [1;32mtx[0m[32m: 01JWMNK504KNP6CTJD8W9A7B83, [1;32mkey[0m[32m: 7h99HJYhaMNQchCZtTDThc4pfeNx8BPPhrGqhN84NrPV, [1;32mthis_peer[0m[32m: v6MWKgqJ277dPytc, [1;32mprovider[0m[32m: v6MWKgqHy7paw2it[0m
    [2;3mat[0m crates/core/src/operations/subscribe.rs:383
    [2;3min[0m freenet::node::network_bridge::p2p_protoc::[1mprocess_network_message[0m [2;3mwith[0m [1mtransaction[0m: 01JWMNK504KNP6CTJD8W9A7B83, [1mtx_type[0m: subscribe
    [2;3min[0m freenet::node::network_bridge::p2p_protoc::[1mnetwork_event_listener[0m [2;3mwith[0m [1mpeer[0m: v6MWKgqJ277dPytc
    [2;3min[0m test_small_network_get_issue::[1mnode2[0m

  [2m2025-06-01T02:37:05.930949Z[0m [34mDEBUG[0m [1;34mfreenet::operations::subscribe[0m[34m: [34mNo upstream subscriber, subscription completed, [1;34mtx[0m[34m: 01JWMNK504KNP6CTJD8W9A7B83, [1;34mkey[0m[34m: 7h99HJYhaMNQchCZtTDThc4pfeNx8BPPhrGqhN84NrPV[0m
    [2;3mat[0m crates/core/src/operations/subscribe.rs:416
    [2;3min[0m freenet::node::network_bridge::p2p_protoc::[1mprocess_network_message[0m [2;3mwith[0m [1mtransaction[0m: 01JWMNK504KNP6CTJD8W9A7B83, [1mtx_type[0m: subscribe
    [2;3min[0m freenet::node::network_bridge::p2p_protoc::[1mnetwork_event_listener[0m [2;3mwith[0m [1mpeer[0m: v6MWKgqJ277dPytc
    [2;3min[0m test_small_network_get_issue::[1mnode2[0m

  [2m2025-06-01T02:37:05.931009Z[0m [34mDEBUG[0m [1;34mfreenet::operations[0m[34m: [34moperation finished_completely with result, [1;34mtx_id[0m[34m: 01JWMNK504KNP6CTJD8W9A7B83[0m
    [2;3mat[0m crates/core/src/operations/mod.rs:110
    [2;3min[0m freenet::node::network_bridge::p2p_protoc::[1mprocess_network_message[0m [2;3mwith[0m [1mtransaction[0m: 01JWMNK504KNP6CTJD8W9A7B83, [1mtx_type[0m: subscribe
    [2;3min[0m freenet::node::network_bridge::p2p_protoc::[1mnetwork_event_listener[0m [2;3mwith[0m [1mpeer[0m: v6MWKgqJ277dPytc
    [2;3min[0m test_small_network_get_issue::[1mnode2[0m

Get response after 11.896130319s: GetResponse { key: ContractKey { instance: ContractInstanceId("7h99HJYhaMNQchCZtTDThc4pfeNx8BPPhrGqhN84NrPV"), code: Some(CodeHash("aatgnh5cpc5hpravn7ediuubhsmlykiubfqpl2fm7kmk")) }, contract: Some(Wasm(V1(WrappedContract { data: ContractCode { hash: CodeHash("aatgnh5cpc5hpravn7ediuubhsmlykiubfqpl2fm7kmk"), params: Parameters([123, 34, 116, 116, 108, 34, 58, 34, 49, 109, 34, 44, 34, 102, 114, 101, 113, 117, 101, 110, 99, 121, 34, 58, 34, 50, 115, 34, 44, 34, 116, 97, 103, 34, 58, 34, 112, 105, 110, 103, 45, 97, 112, 112, 34, 44, 34, 99, 111, 100, 101, 95, 107, 101, 121, 34, 58, 34, 34, 125]), key: ContractKey { instance: ContractInstanceId("7h99HJYhaMNQchCZtTDThc4pfeNx8BPPhrGqhN84NrPV"), code: Some(CodeHash("aatgnh5cpc5hpravn7ediuubhsmlykiubfqpl2fm7kmk")) } }))), state: ContractState(data: [0x7b2266726f6d223a...]) }
✅ Node2 successfully retrieved the contract!
   The backtracking implementation is working!
  [2m2025-06-01T02:37:06.007537Z[0m [34mDEBUG[0m [1;34mfreenet::transport::connection_handler[0m[34m: [34mconnection handler closed, [1;34mself.this_addr[0m[34m: 127.0.0.1:33977[0m
    [2;3mat[0m crates/core/src/transport/connection_handler.rs:452
    [2;3min[0m freenet::transport::connection_handler::[1mtransport_listener[0m [2;3mwith[0m [1mpeer[0m: v6MWKgqHy7paw2it

  [2m2025-06-01T02:37:06.007599Z[0m [34mDEBUG[0m [1;34mfreenet_stdlib::client_api::regular[0m[34m: [34mrequest handler error, [1;34merror[0m[34m: ConnectionClosed[0m
    [2;3mat[0m stdlib/rust/src/client_api/regular.rs:164

  [2m2025-06-01T02:37:06.007556Z[0m [34mDEBUG[0m [1;34mfreenet::transport::connection_handler[0m[34m: [34mconnection handler closed, [1;34mself.this_addr[0m[34m: 127.0.0.1:43237[0m
    [2;3mat[0m crates/core/src/transport/connection_handler.rs:452
    [2;3min[0m freenet::transport::connection_handler::[1mtransport_listener[0m [2;3mwith[0m [1mpeer[0m: v6MWKgqHKGmP3ebi

  [2m2025-06-01T02:37:06.008174Z[0m [34mDEBUG[0m [1;34mfreenet::client_events::websocket[0m[34m: [34mreceived client request, [1;34mreq[0m[34m: close[0m
    [2;3mat[0m crates/core/src/client_events/websocket.rs:473

  [2m2025-06-01T02:37:06.008233Z[0m [34mDEBUG[0m [1;34mfreenet::client_events::websocket[0m[34m: [34mclient channel closed on request[0m
    [2;3mat[0m crates/core/src/client_events/websocket.rs:363

  [2m2025-06-01T02:37:06.008239Z[0m [34mDEBUG[0m [1;34mfreenet::transport::connection_handler[0m[34m: [34mconnection handler closed, [1;34mself.this_addr[0m[34m: 127.0.0.1:48752[0m
    [2;3mat[0m crates/core/src/transport/connection_handler.rs:452
    [2;3min[0m freenet::transport::connection_handler::[1mtransport_listener[0m [2;3mwith[0m [1mpeer[0m: v6MWKgqJ277dPytc

  [2m2025-06-01T02:37:06.009091Z[0m [34mDEBUG[0m [1;34mfreenet_stdlib::client_api::regular[0m[34m: [34mrequest handler error, [1;34merror[0m[34m: ConnectionClosed[0m
    [2;3mat[0m stdlib/rust/src/client_api/regular.rs:164

  [2m2025-06-01T02:37:06.009261Z[0m [34mDEBUG[0m [1;34mfreenet::client_events::websocket[0m[34m: [34mreceived client request, [1;34mreq[0m[34m: close[0m
    [2;3mat[0m crates/core/src/client_events/websocket.rs:473

  [2m2025-06-01T02:37:06.009324Z[0m [34mDEBUG[0m [1;34mfreenet::client_events::websocket[0m[34m: [34mclient channel closed on request[0m
    [2;3mat[0m crates/core/src/client_events/websocket.rs:363

  [2m2025-06-01T02:37:06.016937Z[0m [34mDEBUG[0m [1;34mfreenet::transport::rate_limiter[0m[34m: [34mRate limiter task ended unexpectedly[0m
    [2;3mat[0m crates/core/src/transport/rate_limiter.rs:53

Test completed successfully!
  [2m2025-06-01T02:37:06.016937Z[0m [34mDEBUG[0m [1;34mfreenet::transport::rate_limiter[0m[34m: [34mRate limiter task ended unexpectedly[0m
    [2;3mat[0m crates/core/src/transport/rate_limiter.rs:53

  [2m2025-06-01T02:37:06.017006Z[0m [34mDEBUG[0m [1;34mfreenet::transport::rate_limiter[0m[34m: [34mRate limiter task ended unexpectedly[0m
    [2;3mat[0m crates/core/src/transport/rate_limiter.rs:53

  [2m2025-06-01T02:37:06.028973Z[0m [34mDEBUG[0m [1;34mfreenet::client_events::combinator[0m[34m: [34mreceived msg @ combinator from external id 3, msg: close[0m
    [2;3mat[0m crates/core/src/client_events/combinator.rs:159

  [2m2025-06-01T02:37:06.029012Z[0m [34mDEBUG[0m [1;34mfreenet::client_events::combinator[0m[34m: [34mreceived msg @ combinator from external id 2, msg: close[0m
    [2;3mat[0m crates/core/src/client_events/combinator.rs:159

  [2m2025-06-01T02:37:06.029064Z[0m [34mDEBUG[0m [1;34mfreenet::client_events::combinator[0m[34m: [34mreceived request for proxy #1; internal_id=6; external_id=3; req=close[0m
    [2;3mat[0m crates/core/src/client_events/combinator.rs:92
    [2;3min[0m freenet::node::p2p_impl::[1mclient_event_handling[0m
    [2;3min[0m test_small_network_get_issue::[1mnode2[0m

  [2m2025-06-01T02:37:06.029120Z[0m [34mDEBUG[0m [1;34mfreenet::client_events[0m[34m: [34mgot client request event, [1;34mrequest[0m[34m: client request { client: 6, req: close }[0m
    [2;3mat[0m crates/core/src/client_events/mod.rs:188
    [2;3min[0m freenet::node::p2p_impl::[1mclient_event_handling[0m
    [2;3min[0m test_small_network_get_issue::[1mnode2[0m

  [2m2025-06-01T02:37:06.029140Z[0m [34mDEBUG[0m [1;34mfreenet::client_events::combinator[0m[34m: [34mreceived request for proxy #1; internal_id=4; external_id=2; req=close[0m
    [2;3mat[0m crates/core/src/client_events/combinator.rs:92
    [2;3min[0m freenet::node::p2p_impl::[1mclient_event_handling[0m
    [2;3min[0m test_small_network_get_issue::[1mnode1[0m

  [2m2025-06-01T02:37:06.029224Z[0m [34mDEBUG[0m [1;34mfreenet::client_events[0m[34m: [34mgot client request event, [1;34mrequest[0m[34m: client request { client: 4, req: close }[0m
    [2;3mat[0m crates/core/src/client_events/mod.rs:188
    [2;3min[0m freenet::node::p2p_impl::[1mclient_event_handling[0m
    [2;3min[0m test_small_network_get_issue::[1mnode1[0m

  [2m2025-06-01T02:37:06.029429Z[0m [34mDEBUG[0m [1;34mfreenet::client_events[0m[34m: [34mclient disconnected[0m
    [2;3mat[0m crates/core/src/client_events/mod.rs:216
    [2;3min[0m freenet::node::p2p_impl::[1mclient_event_handling[0m
    [2;3min[0m test_small_network_get_issue::[1mnode2[0m

  [2m2025-06-01T02:37:06.029557Z[0m [34mDEBUG[0m [1;34mfreenet::client_events[0m[34m: [34mclient disconnected[0m
    [2;3mat[0m crates/core/src/client_events/mod.rs:216
    [2;3min[0m freenet::node::p2p_impl::[1mclient_event_handling[0m
    [2;3min[0m test_small_network_get_issue::[1mnode1[0m

  [2m2025-06-01T02:37:06.029589Z[0m [32m INFO[0m [1;32mfreenet::client_events::websocket[0m[32m: [32mdropped connection to client #3[0m
    [2;3mat[0m crates/core/src/client_events/websocket.rs:589

  [2m2025-06-01T02:37:06.029773Z[0m [32m INFO[0m [1;32mfreenet::client_events::websocket[0m[32m: [32mdropped connection to client #2[0m
    [2;3mat[0m crates/core/src/client_events/websocket.rs:589

  [2m2025-06-01T02:37:06.051516Z[0m [34mDEBUG[0m [1;34mfreenet_stdlib::client_api::regular[0m[34m: [34mrequest handler error, [1;34merror[0m[34m: ConnectionError(Protocol(ResetWithoutClosingHandshake))[0m
    [2;3mat[0m stdlib/rust/src/client_api/regular.rs:164

test test_small_network_get_failure ... ok

test result: ok. 1 passed; 0 failed; 0 ignored; 0 measured; 0 filtered out; finished in 47.33s

